01-14 12:14:22.306  1188  7786 I ActivityManager: START u0 {act=android.intent.action.MAIN cat=[android.intent.category.HOME] flg=0x10000000 cmp=com.google.android.apps.nexuslauncher/.NexusLauncherActivity (has extras)} from uid 10016
01-14 12:14:22.631  1188  1426 I UsbPortManager: ClientCallback: port0
01-14 12:14:22.631  1188  1229 I UsbPortManager: USB port changed: port=UsbPort{id=port0, supportedModes=dual}, status=UsbPortStatus{connected=true, currentMode=ufp, currentPowerRole=sink, currentDataRole=device, supportedRoleCombinations=[source:host, sink:device]}, canChangeMode=true, canChangePowerRole=false, canChangeDataRole=false
01-14 12:14:22.844  1188  1188 V SettingsProvider: Notifying for 0: content://settings/system/screen_brightness
01-14 12:14:41.163  1188  4362 I ActivityManager: Killing 16320:com.android.chrome:webview_service/u0a121 (adj 906): empty for 2188s
01-14 12:14:42.176  1188  1188 V SettingsProvider: Notifying for 0: content://settings/system/screen_brightness
01-14 12:17:19.876  1188  1188 V SettingsProvider: Notifying for 0: content://settings/system/screen_brightness
01-14 12:17:20.499  1188  1223 W ProcessCpuTracker: Skipping unknown process pid 18179
01-14 12:17:20.500  1188  1223 W ProcessCpuTracker: Skipping unknown process pid 18181
01-14 12:17:21.054  1188  1895 I ActivityManager: START u0 {act=android.intent.action.MAIN cat=[android.intent.category.LAUNCHER] flg=0x10200000 cmp=io.appium.settings/.Settings} from uid 2000
01-14 12:17:21.091  1188  1225 I ActivityManager: Start proc 18198:io.appium.settings/u0a488 for activity io.appium.settings/.Settings
01-14 12:17:21.621  1188  4362 I ActivityManager: Force stopping com.featureapp appid=10535 user=0: from pid 18239
01-14 12:17:21.625  1188  8850 W ActivityManager: Permission Denial: Accessing service ComponentInfo{com.google.android.music/com.google.android.music.dial.DialMediaRouteProviderService} from pid=2404, uid=10015 that is not exported from uid 10073
01-14 12:17:21.663  1188  3655 I ActivityManager: Force stopping com.featureapp appid=10535 user=0: clear data
01-14 12:17:21.664  1188  1223 I ActivityManager: Force stopping com.featureapp appid=10535 user=-1: clearApplicationUserData
01-14 12:17:21.664  1188  3655 I ConditionProviders: Disallowing condition provider com.featureapp
01-14 12:17:21.693  1188  1225 I ActivityManager: Start proc 18245:com.android.defcontainer/u0a55 for service com.android.defcontainer/.DefaultContainerService
01-14 12:17:21.733  1188  2645 W ActivityManager: Permission Denial: Accessing service ComponentInfo{com.google.android.music/com.google.android.music.dial.DialMediaRouteProviderService} from pid=2404, uid=10015 that is not exported from uid 10073
01-14 12:17:21.748  1188  1225 I ActivityManager: Start proc 18264:com.android.documentsui/u0a10 for broadcast com.android.documentsui/.PackageReceiver
01-14 12:17:21.816  1188  1225 I ActivityManager: Start proc 18284:com.google.android.apps.photos/u0a89 for broadcast com.google.android.apps.photos/com.google.android.libraries.social.mediastoresync.reset.impl.MediaStoreClearedReceiver
01-14 12:17:21.945  1188  9147 D ConnectivityService: Returning BLOCKED NetworkInfo to uid=10089
01-14 12:17:22.176  1188  1188 V SettingsProvider: Notifying for 0: content://settings/secure/accessibility_enabled
01-14 12:17:22.309  1188  4362 I ActivityManager: Force stopping com.featureapp appid=10535 user=0: from pid 18348
01-14 12:17:22.315  1188  2645 W ActivityManager: Permission Denial: Accessing service ComponentInfo{com.google.android.music/com.google.android.music.dial.DialMediaRouteProviderService} from pid=2404, uid=10015 that is not exported from uid 10073
01-14 12:17:22.563  1188  4362 I ActivityManager: START u0 {flg=0x10000000 cmp=com.featureapp/com.applicaster.componentsapp.IntroActivity} from uid 2000
01-14 12:17:22.597  1188  1225 I ActivityManager: Start proc 18352:com.featureapp/u0a535 for activity com.featureapp/com.applicaster.componentsapp.IntroActivity
01-14 12:17:31.075 18352 18352 E ActivityThread: Failed to find provider info for com.applicaster.util.search.SuggestionProvider
01-14 12:17:32.608  1188  4362 I ActivityManager: START u0 {cmp=com.featureapp/com.applicaster.genericapp.activities.GenericMainFragmentActivity} from uid 10535
01-14 12:17:33.404  1188  1225 I ActivityManager: Start proc 18452:com.android.chrome:webview_service/u0a121 for service com.android.chrome/org.chromium.android_webview.services.VariationsSeedServer
01-14 12:17:33.418  1188  1225 I ActivityManager: Start proc 18468:com.android.chrome:sandboxed_process0/u0i16 for webview_service com.featureapp/org.chromium.content.app.SandboxedProcessService0
01-14 12:17:33.460  1188  4362 D ConnectivityService: requestNetwork for uid/pid:10535/18352 NetworkRequest [ TRACK_DEFAULT id=133, [ Capabilities: INTERNET&NOT_RESTRICTED&TRUSTED Unwanted:  Uid: 10535] ]
01-14 12:17:33.503  1188  4362 D ConnectivityService: requestNetwork for uid/pid:10535/18352 NetworkRequest [ TRACK_DEFAULT id=135, [ Capabilities: INTERNET&NOT_RESTRICTED&TRUSTED Unwanted:  Uid: 10535] ]
01-14 12:17:43.644  1188  4362 I ActivityManager: Killing 17397:com.google.android.apps.turbo:aab/u0a7 (adj 906): empty #17
01-14 12:18:01.259  1188  1213 I ActivityManager: Force stopping com.featureapp appid=10535 user=0: from pid 18687
01-14 12:18:01.259  1188  1213 I ActivityManager: Killing 18352:com.featureapp/u0a535 (adj 0): stop com.featureapp
01-14 12:18:01.267  1188  1213 W ActivityManager: Scheduling restart of crashed service com.featureapp/com.applicaster.notificationcenter.APRegistrationIntentService in 1000ms
01-14 12:18:01.267  1188  1213 W ActivityManager: Force removing ActivityRecord{5d466ff u0 com.featureapp/com.applicaster.genericapp.activities.GenericMainFragmentActivity t494}: app died, no saved state
01-14 12:18:01.277  1188  1213 I ActivityManager: Killing 18468:com.android.chrome:sandboxed_process0/u0a535i16 (adj 0): isolated not needed
01-14 12:18:01.296  1188  1213 D ConnectivityService: ConnectivityService NetworkRequestInfo binderDied(NetworkRequest [ LISTEN id=136, [ Capabilities: INTERNET&NOT_RESTRICTED&TRUSTED&FOREGROUND Unwanted:  Uid: 10535] ], android.os.BinderProxy@8a709ab)
01-14 12:18:01.296  1188  1895 D ConnectivityService: ConnectivityService NetworkRequestInfo binderDied(NetworkRequest [ TRACK_DEFAULT id=135, [ Capabilities: INTERNET&NOT_RESTRICTED&TRUSTED Unwanted:  Uid: 10535] ], android.os.BinderProxy@9536808)
01-14 12:18:01.296  1188  1213 D ConnectivityService: ConnectivityService NetworkRequestInfo binderDied(NetworkRequest [ TRACK_DEFAULT id=133, [ Capabilities: INTERNET&NOT_RESTRICTED&TRUSTED Unwanted:  Uid: 10535] ], android.os.BinderProxy@65eba1)
01-14 12:18:01.296  1188  2645 D ConnectivityService: ConnectivityService NetworkRequestInfo binderDied(NetworkRequest [ LISTEN id=134, [ Capabilities: INTERNET&NOT_RESTRICTED&TRUSTED&FOREGROUND Unwanted:  Uid: 10535] ], android.os.BinderProxy@8b691c6)
01-14 12:18:01.297  1188  1403 D ConnectivityService: releasing NetworkRequest [ TRACK_DEFAULT id=135, [ Capabilities: INTERNET&NOT_RESTRICTED&TRUSTED Unwanted:  Uid: 10535] ] (release request)
01-14 12:18:01.298  1188  1403 D ConnectivityService: releasing NetworkRequest [ TRACK_DEFAULT id=133, [ Capabilities: INTERNET&NOT_RESTRICTED&TRUSTED Unwanted:  Uid: 10535] ] (release request)
01-14 12:18:01.300  1188  1231 W ActivityManager: setHasOverlayUi called on unknown pid: 18352
01-14 12:18:01.301  1188  9147 W ActivityManager: Permission Denial: Accessing service ComponentInfo{com.google.android.music/com.google.android.music.dial.DialMediaRouteProviderService} from pid=2404, uid=10015 that is not exported from uid 10073
01-14 12:18:01.607  1188  1358 I ActivityManager: START u0 {act=android.intent.action.MAIN cat=[android.intent.category.HOME] flg=0x10200000 cmp=com.google.android.apps.nexuslauncher/.NexusLauncherActivity (has extras)} from uid 1000
01-14 12:18:01.635  1188  4362 W WindowManager: removeWindowToken: Attempted to remove non-existing token: android.os.Binder@10d4aab
01-14 12:18:01.636  1188  1188 V SettingsProvider: Notifying for 0: content://settings/secure/accessibility_enabled
01-14 12:18:01.795  1188  8850 I ActivityManager: Force stopping io.appium.unlock appid=10533 user=0: from pid 18705
01-14 12:18:01.801  1188  9147 W ActivityManager: Permission Denial: Accessing service ComponentInfo{com.google.android.music/com.google.android.music.dial.DialMediaRouteProviderService} from pid=2404, uid=10015 that is not exported from uid 10073
01-14 12:18:47.818  1188  1188 V SettingsProvider: Notifying for 0: content://settings/secure/accessibility_enabled
01-14 12:18:47.964  1188  2645 I ActivityManager: Force stopping com.featureapp appid=10535 user=0: from pid 18778
01-14 12:18:47.970  1188  1895 W ActivityManager: Permission Denial: Accessing service ComponentInfo{com.google.android.music/com.google.android.music.dial.DialMediaRouteProviderService} from pid=2404, uid=10015 that is not exported from uid 10073
01-14 12:18:48.220  1188  2645 I ActivityManager: START u0 {flg=0x10000000 cmp=com.featureapp/com.applicaster.componentsapp.IntroActivity} from uid 2000
01-14 12:18:48.270  1188  1225 I ActivityManager: Start proc 18781:com.featureapp/u0a535 for activity com.featureapp/com.applicaster.componentsapp.IntroActivity
01-14 12:18:48.871 18781 18781 E ActivityThread: Failed to find provider info for com.applicaster.util.search.SuggestionProvider
01-14 12:18:50.000  1188  4362 I ActivityManager: START u0 {cmp=com.featureapp/com.applicaster.genericapp.activities.GenericMainFragmentActivity} from uid 10535
01-14 12:18:50.779  1188  1225 I ActivityManager: Start proc 18856:com.android.chrome:sandboxed_process0/u0i17 for webview_service com.featureapp/org.chromium.content.app.SandboxedProcessService0
01-14 12:18:50.805  1188  2645 D ConnectivityService: requestNetwork for uid/pid:10535/18781 NetworkRequest [ TRACK_DEFAULT id=137, [ Capabilities: INTERNET&NOT_RESTRICTED&TRUSTED Unwanted:  Uid: 10535] ]
01-14 12:18:50.844  1188  1895 D ConnectivityService: requestNetwork for uid/pid:10535/18781 NetworkRequest [ TRACK_DEFAULT id=139, [ Capabilities: INTERNET&NOT_RESTRICTED&TRUSTED Unwanted:  Uid: 10535] ]
01-14 12:20:26.425  1188  1188 V SettingsProvider: Notifying for 0: content://settings/system/screen_brightness
01-14 12:20:37.899  1188  1188 V SettingsProvider: Notifying for 0: content://settings/system/screen_brightness
01-14 12:20:38.216  1188  1222 I ProcessStatsService: Pruning old procstats: /data/system/procstats/state-2019-01-10-12-01-00.bin
01-14 12:23:10.509  1188  1225 I ActivityManager: Start proc 19154:com.google.android.apps.turbo:aab/u0a7 for service com.google.android.apps.turbo/com.google.android.libraries.smartbattery.appusage.library.InferAppBucketsJob
01-14 12:29:33.040  1188  1225 I ActivityManager: Start proc 19490:com.google.android.youtube/u0a119 for service com.google.android.youtube/com.firebase.jobdispatcher.GooglePlayReceiver
01-14 12:29:33.076  1188  1225 I ActivityManager: Start proc 19504:com.google.android.apps.fireball/u0a124 for service com.google.android.apps.fireball/com.firebase.jobdispatcher.GooglePlayReceiver
01-14 12:29:33.261  1188  2645 D ConnectivityService: requestNetwork for uid/pid:10119/19490 NetworkRequest [ TRACK_DEFAULT id=141, [ Capabilities: INTERNET&NOT_RESTRICTED&TRUSTED Unwanted:  Uid: 10119] ]
01-14 12:29:33.337  1188  1213 D ConnectivityService: requestNetwork for uid/pid:10124/19504 NetworkRequest [ TRACK_DEFAULT id=143, [ Capabilities: INTERNET&NOT_RESTRICTED&TRUSTED Unwanted:  Uid: 10124] ]
01-14 12:29:33.372  1188  9147 W ActivityManager: Permission Denial: opening provider com.android.providers.contacts.ContactsProvider2 from ProcessRecord{7b7537a 19504:com.google.android.apps.fireball/u0a124} (pid=19504, uid=10124) requires android.permission.READ_CONTACTS or android.permission.WRITE_CONTACTS
01-14 12:29:33.374  1188  9147 I chatty  : uid=1000(system) Binder:1188_1E identical 1 line
01-14 12:29:33.376  1188  9147 W ActivityManager: Permission Denial: opening provider com.android.providers.contacts.ContactsProvider2 from ProcessRecord{7b7537a 19504:com.google.android.apps.fireball/u0a124} (pid=19504, uid=10124) requires android.permission.READ_CONTACTS or android.permission.WRITE_CONTACTS
01-14 12:29:33.610  1188  9147 W ActivityManager: Permission Denial: Accessing service ComponentInfo{com.google.android.music/com.google.android.music.dial.DialMediaRouteProviderService} from pid=19490, uid=10119 that is not exported from uid 10073
01-14 12:29:41.646  1188  2645 W ActivityManager: Permission Denial: Accessing service ComponentInfo{com.google.android.music/com.google.android.music.dial.DialMediaRouteProviderService} from pid=19490, uid=10119 that is not exported from uid 10073
01-14 12:29:41.657  1188  1213 I ActivityManager: Killing 17284:com.android.providers.calendar/u0a29 (adj 906): empty #17
01-14 12:29:56.211  1188  1213 I ActivityManager: Killing 17945:com.google.android.partnersetup/u0a24 (adj 906): empty #17
01-14 12:30:30.010  1188  1188 V SettingsProvider: Notifying for 0: content://settings/system/screen_brightness
01-14 12:31:20.105  1188  1222 I UsageStatsService: User[0] Flushing usage stats to disk
01-14 12:34:07.687  1188  1227 D KernelUidCpuTimeReader: Removing uids 99016-99016
01-14 12:34:59.495  1188  1188 V SettingsProvider: Notifying for 0: content://settings/system/screen_brightness
01-14 12:35:02.691  1188  1213 W WindowManager: removeWindowToken: Attempted to remove non-existing token: android.os.Binder@534a4c2
01-14 12:35:02.691  1188  4362 W WindowManager: removeWindowToken: Attempted to remove non-existing token: android.os.Binder@534a4c2
01-14 12:35:02.692  1188  1188 V SettingsProvider: Notifying for 0: content://settings/secure/accessibility_enabled
01-14 12:35:02.754  1188 10793 I ActivityManager: Force stopping com.featureapp appid=10535 user=0: from pid 19919
01-14 12:35:02.755  1188 10793 I ActivityManager: Killing 18781:com.featureapp/u0a535 (adj 0): stop com.featureapp
01-14 12:35:02.759  1188 10793 W ActivityManager: Scheduling restart of crashed service com.featureapp/com.applicaster.notificationcenter.APRegistrationIntentService in 1000ms
01-14 12:35:02.760  1188 10793 W ActivityManager: Force removing ActivityRecord{cf7aa93 u0 com.featureapp/com.applicaster.genericapp.activities.GenericMainFragmentActivity t495}: app died, no saved state
01-14 12:35:02.778  1188 10793 I ActivityManager: Killing 18856:com.android.chrome:sandboxed_process0/u0a535i17 (adj 0): isolated not needed
01-14 12:35:02.802  1188 10793 W ActivityManager: Permission Denial: Accessing service ComponentInfo{com.google.android.music/com.google.android.music.dial.DialMediaRouteProviderService} from pid=2404, uid=10015 that is not exported from uid 10073
01-14 12:35:02.806  1188  8850 D ConnectivityService: ConnectivityService NetworkRequestInfo binderDied(NetworkRequest [ LISTEN id=138, [ Capabilities: INTERNET&NOT_RESTRICTED&TRUSTED&FOREGROUND Unwanted:  Uid: 10535] ], android.os.BinderProxy@2107056)
01-14 12:35:02.806  1188  9147 D ConnectivityService: ConnectivityService NetworkRequestInfo binderDied(NetworkRequest [ TRACK_DEFAULT id=137, [ Capabilities: INTERNET&NOT_RESTRICTED&TRUSTED Unwanted:  Uid: 10535] ], android.os.BinderProxy@638ea71)
01-14 12:35:02.806  1188  3632 D ConnectivityService: ConnectivityService NetworkRequestInfo binderDied(NetworkRequest [ LISTEN id=140, [ Capabilities: INTERNET&NOT_RESTRICTED&TRUSTED&FOREGROUND Unwanted:  Uid: 10535] ], android.os.BinderProxy@bbe38d7)
01-14 12:35:02.806  1188  1403 D ConnectivityService: releasing NetworkRequest [ TRACK_DEFAULT id=137, [ Capabilities: INTERNET&NOT_RESTRICTED&TRUSTED Unwanted:  Uid: 10535] ] (release request)
01-14 12:35:02.807  1188  1231 W ActivityManager: setHasOverlayUi called on unknown pid: 18781
01-14 12:35:02.807  1188  1214 D ConnectivityService: ConnectivityService NetworkRequestInfo binderDied(NetworkRequest [ TRACK_DEFAULT id=139, [ Capabilities: INTERNET&NOT_RESTRICTED&TRUSTED Unwanted:  Uid: 10535] ], android.os.BinderProxy@299e5c4)
01-14 12:35:02.807  1188  1403 D ConnectivityService: releasing NetworkRequest [ TRACK_DEFAULT id=139, [ Capabilities: INTERNET&NOT_RESTRICTED&TRUSTED Unwanted:  Uid: 10535] ] (release request)
01-14 12:35:03.093  1188  1358 I ActivityManager: START u0 {act=android.intent.action.MAIN cat=[android.intent.category.HOME] flg=0x10200000 cmp=com.google.android.apps.nexuslauncher/.NexusLauncherActivity (has extras)} from uid 1000
01-14 12:35:03.151  1188  7786 I ActivityManager: Force stopping io.appium.unlock appid=10533 user=0: from pid 19950
01-14 12:35:03.156  1188  7786 W ActivityManager: Permission Denial: Accessing service ComponentInfo{com.google.android.music/com.google.android.music.dial.DialMediaRouteProviderService} from pid=2404, uid=10015 that is not exported from uid 10073
01-14 12:35:03.306  1188  1188 V SettingsProvider: Notifying for 0: content://settings/secure/accessibility_enabled
01-14 12:35:03.399  1188  1214 I ActivityManager: Force stopping com.featureapp appid=10535 user=0: from pid 19969
01-14 12:35:03.405  1188  7786 W ActivityManager: Permission Denial: Accessing service ComponentInfo{com.google.android.music/com.google.android.music.dial.DialMediaRouteProviderService} from pid=2404, uid=10015 that is not exported from uid 10073
01-14 12:35:03.651  1188  1214 I ActivityManager: START u0 {flg=0x10000000 cmp=com.featureapp/com.applicaster.componentsapp.IntroActivity} from uid 2000
01-14 12:35:03.681  1188  1225 I ActivityManager: Start proc 19972:com.featureapp/u0a535 for activity com.featureapp/com.applicaster.componentsapp.IntroActivity
01-14 12:35:04.267 19972 19972 E ActivityThread: Failed to find provider info for com.applicaster.util.search.SuggestionProvider
01-14 12:35:05.360  1188  1214 I ActivityManager: START u0 {cmp=com.featureapp/com.applicaster.genericapp.activities.GenericMainFragmentActivity} from uid 10535
01-14 12:35:06.155  1188  1225 I ActivityManager: Start proc 20050:com.android.chrome:sandboxed_process0/u0i18 for webview_service com.featureapp/org.chromium.content.app.SandboxedProcessService0
01-14 12:35:06.185  1188  1214 D ConnectivityService: requestNetwork for uid/pid:10535/19972 NetworkRequest [ TRACK_DEFAULT id=145, [ Capabilities: INTERNET&NOT_RESTRICTED&TRUSTED Unwanted:  Uid: 10535] ]
01-14 12:35:06.223  1188  1214 D ConnectivityService: requestNetwork for uid/pid:10535/19972 NetworkRequest [ TRACK_DEFAULT id=147, [ Capabilities: INTERNET&NOT_RESTRICTED&TRUSTED Unwanted:  Uid: 10535] ]
01-14 12:35:12.834  1188 11092 I ActivityManager: Killing 17100:android.process.media/u0a14 (adj 906): empty #17
01-14 12:35:21.388  1188  7786 I ActivityManager: Force stopping com.featureapp appid=10535 user=0: from pid 20229
01-14 12:35:21.388  1188  7786 I ActivityManager: Killing 19972:com.featureapp/u0a535 (adj 0): stop com.featureapp
01-14 12:35:21.399  1188  7786 W ActivityManager: Scheduling restart of crashed service com.featureapp/com.applicaster.notificationcenter.APRegistrationIntentService in 1000ms
01-14 12:35:21.404  1188  7786 W ActivityManager: Force removing ActivityRecord{ab21f67 u0 com.featureapp/com.applicaster.genericapp.activities.GenericMainFragmentActivity t496}: app died, no saved state
01-14 12:35:21.416  1188  7786 I ActivityManager: Killing 20050:com.android.chrome:sandboxed_process0/u0a535i18 (adj 0): isolated not needed
01-14 12:35:21.418  1188  3997 D ConnectivityService: ConnectivityService NetworkRequestInfo binderDied(NetworkRequest [ LISTEN id=146, [ Capabilities: INTERNET&NOT_RESTRICTED&TRUSTED&FOREGROUND Unwanted:  Uid: 10535] ], android.os.BinderProxy@a3598ef)
01-14 12:35:21.419  1188  4612 D ConnectivityService: ConnectivityService NetworkRequestInfo binderDied(NetworkRequest [ TRACK_DEFAULT id=145, [ Capabilities: INTERNET&NOT_RESTRICTED&TRUSTED Unwanted:  Uid: 10535] ], android.os.BinderProxy@5451ffc)
01-14 12:35:21.419  1188  3997 D ConnectivityService: ConnectivityService NetworkRequestInfo binderDied(NetworkRequest [ LISTEN id=148, [ Capabilities: INTERNET&NOT_RESTRICTED&TRUSTED&FOREGROUND Unwanted:  Uid: 10535] ], android.os.BinderProxy@7159685)
01-14 12:35:21.419  1188  6525 D ConnectivityService: ConnectivityService NetworkRequestInfo binderDied(NetworkRequest [ TRACK_DEFAULT id=147, [ Capabilities: INTERNET&NOT_RESTRICTED&TRUSTED Unwanted:  Uid: 10535] ], android.os.BinderProxy@7ebccda)
01-14 12:35:21.419  1188  1403 D ConnectivityService: releasing NetworkRequest [ TRACK_DEFAULT id=145, [ Capabilities: INTERNET&NOT_RESTRICTED&TRUSTED Unwanted:  Uid: 10535] ] (release request)
01-14 12:35:21.420  1188  1403 D ConnectivityService: releasing NetworkRequest [ TRACK_DEFAULT id=147, [ Capabilities: INTERNET&NOT_RESTRICTED&TRUSTED Unwanted:  Uid: 10535] ] (release request)
01-14 12:35:21.435  1188  1231 W ActivityManager: setHasOverlayUi called on unknown pid: 19972
01-14 12:35:21.439  1188  1214 W ActivityManager: Permission Denial: Accessing service ComponentInfo{com.google.android.music/com.google.android.music.dial.DialMediaRouteProviderService} from pid=2404, uid=10015 that is not exported from uid 10073
01-14 12:35:21.718  1188  1358 I ActivityManager: START u0 {act=android.intent.action.MAIN cat=[android.intent.category.HOME] flg=0x10200000 cmp=com.google.android.apps.nexuslauncher/.NexusLauncherActivity (has extras)} from uid 1000
01-14 12:35:21.749  1188  6525 W WindowManager: removeWindowToken: Attempted to remove non-existing token: android.os.Binder@d96f031
01-14 12:35:21.750  1188  1188 V SettingsProvider: Notifying for 0: content://settings/secure/accessibility_enabled
01-14 12:35:21.875  1188  4362 I ActivityManager: Force stopping io.appium.unlock appid=10533 user=0: from pid 20249
01-14 12:35:21.881  1188  7786 W ActivityManager: Permission Denial: Accessing service ComponentInfo{com.google.android.music/com.google.android.music.dial.DialMediaRouteProviderService} from pid=2404, uid=10015 that is not exported from uid 10073
01-14 12:36:20.386  1188  4362 W ActivityManager: Unable to start service Intent { act=com.google.firebase.MESSAGING_EVENT pkg=com.google.android.googlequicksearchbox } U=0: not found
01-14 12:36:20.969  1188  1895 W ActivityManager: Unable to start service Intent { act=com.google.firebase.MESSAGING_EVENT pkg=com.google.android.googlequicksearchbox } U=0: not found
01-14 12:36:28.223  1188  1188 V SettingsProvider: Notifying for 0: content://settings/secure/accessibility_enabled
01-14 12:36:28.378  1188  1895 I ActivityManager: Force stopping com.featureapp appid=10535 user=0: from pid 20332
01-14 12:36:28.384  1188  1690 W ActivityManager: Permission Denial: Accessing service ComponentInfo{com.google.android.music/com.google.android.music.dial.DialMediaRouteProviderService} from pid=2404, uid=10015 that is not exported from uid 10073
01-14 12:36:28.637  1188  1895 I ActivityManager: START u0 {flg=0x10000000 cmp=com.featureapp/com.applicaster.componentsapp.IntroActivity} from uid 2000
01-14 12:36:28.689  1188  1225 I ActivityManager: Start proc 20334:com.featureapp/u0a535 for activity com.featureapp/com.applicaster.componentsapp.IntroActivity
01-14 12:36:29.270 20334 20334 E ActivityThread: Failed to find provider info for com.applicaster.util.search.SuggestionProvider
01-14 12:36:30.696  1188  8850 I ActivityManager: START u0 {cmp=com.featureapp/com.applicaster.genericapp.activities.GenericMainFragmentActivity} from uid 10535
01-14 12:36:31.455  1188  1225 I ActivityManager: Start proc 20414:com.android.chrome:sandboxed_process0/u0i19 for webview_service com.featureapp/org.chromium.content.app.SandboxedProcessService0
01-14 12:36:31.487  1188  1895 D ConnectivityService: requestNetwork for uid/pid:10535/20334 NetworkRequest [ TRACK_DEFAULT id=149, [ Capabilities: INTERNET&NOT_RESTRICTED&TRUSTED Unwanted:  Uid: 10535] ]
01-14 12:36:31.527  1188  1895 D ConnectivityService: requestNetwork for uid/pid:10535/20334 NetworkRequest [ TRACK_DEFAULT id=151, [ Capabilities: INTERNET&NOT_RESTRICTED&TRUSTED Unwanted:  Uid: 10535] ]
01-14 12:36:56.415  1188  1895 I ActivityManager: Force stopping com.featureapp appid=10535 user=0: from pid 20587
01-14 12:36:56.415  1188  1895 I ActivityManager: Killing 20334:com.featureapp/u0a535 (adj 0): stop com.featureapp
01-14 12:36:56.442  1188  1690 D ConnectivityService: ConnectivityService NetworkRequestInfo binderDied(NetworkRequest [ TRACK_DEFAULT id=151, [ Capabilities: INTERNET&NOT_RESTRICTED&TRUSTED Unwanted:  Uid: 10535] ], android.os.BinderProxy@3a0a351)
01-14 12:36:56.442  1188  4362 D ConnectivityService: ConnectivityService NetworkRequestInfo binderDied(NetworkRequest [ LISTEN id=152, [ Capabilities: INTERNET&NOT_RESTRICTED&TRUSTED&FOREGROUND Unwanted:  Uid: 10535] ], android.os.BinderProxy@ece67b6)
01-14 12:36:56.443  1188  4362 D ConnectivityService: ConnectivityService NetworkRequestInfo binderDied(NetworkRequest [ TRACK_DEFAULT id=149, [ Capabilities: INTERNET&NOT_RESTRICTED&TRUSTED Unwanted:  Uid: 10535] ], android.os.BinderProxy@e3fccb7)
01-14 12:36:56.443  1188  8850 D ConnectivityService: ConnectivityService NetworkRequestInfo binderDied(NetworkRequest [ LISTEN id=150, [ Capabilities: INTERNET&NOT_RESTRICTED&TRUSTED&FOREGROUND Unwanted:  Uid: 10535] ], android.os.BinderProxy@e141c24)
01-14 12:36:56.443  1188  1403 D ConnectivityService: releasing NetworkRequest [ TRACK_DEFAULT id=151, [ Capabilities: INTERNET&NOT_RESTRICTED&TRUSTED Unwanted:  Uid: 10535] ] (release request)
01-14 12:36:56.443  1188  1403 D ConnectivityService: releasing NetworkRequest [ TRACK_DEFAULT id=149, [ Capabilities: INTERNET&NOT_RESTRICTED&TRUSTED Unwanted:  Uid: 10535] ] (release request)
01-14 12:36:56.444  1188  1895 W ActivityManager: Scheduling restart of crashed service com.featureapp/com.applicaster.notificationcenter.APRegistrationIntentService in 1000ms
01-14 12:36:56.444  1188  1690 I WindowManager: WIN DEATH: Window{29d360f u0 com.featureapp/com.applicaster.genericapp.activities.GenericMainFragmentActivity}
01-14 12:36:56.445  1188  1895 W ActivityManager: Force removing ActivityRecord{7d8d4d4 u0 com.featureapp/com.applicaster.genericapp.activities.GenericMainFragmentActivity t497}: app died, no saved state
01-14 12:36:56.446  1188  6525 I WindowManager: WIN DEATH: Window{16bd807 u0 com.featureapp/com.applicaster.genericapp.activities.GenericMainFragmentActivity}
01-14 12:36:56.458  1188  1895 I ActivityManager: Killing 20414:com.android.chrome:sandboxed_process0/u0a535i19 (adj 0): isolated not needed
01-14 12:36:56.470  1188  1231 W ActivityManager: setHasOverlayUi called on unknown pid: 20334
01-14 12:36:56.478  1188  2645 W ActivityManager: Permission Denial: Accessing service ComponentInfo{com.google.android.music/com.google.android.music.dial.DialMediaRouteProviderService} from pid=2404, uid=10015 that is not exported from uid 10073
01-14 12:36:56.751  1188  1358 I ActivityManager: START u0 {act=android.intent.action.MAIN cat=[android.intent.category.HOME] flg=0x10200000 cmp=com.google.android.apps.nexuslauncher/.NexusLauncherActivity (has extras)} from uid 1000
01-14 12:36:56.778  1188  1690 W WindowManager: removeWindowToken: Attempted to remove non-existing token: android.os.Binder@b716a03
01-14 12:36:56.779  1188  1188 V SettingsProvider: Notifying for 0: content://settings/secure/accessibility_enabled
01-14 12:36:56.957  1188  6525 I ActivityManager: Force stopping io.appium.unlock appid=10533 user=0: from pid 20608
01-14 12:36:56.962  1188  1690 W ActivityManager: Permission Denial: Accessing service ComponentInfo{com.google.android.music/com.google.android.music.dial.DialMediaRouteProviderService} from pid=2404, uid=10015 that is not exported from uid 10073
01-14 12:39:40.204  1188  1225 I ActivityManager: Start proc 20635:com.android.providers.calendar/u0a29 for content provider com.android.providers.calendar/.CalendarProvider2
01-14 12:39:40.226  1188  1690 D ActivityManager: Raise procstate to external provider: ProcessRecord{bb969b1 20635:com.android.providers.calendar/u0a29}
01-14 12:39:40.265  1188  1690 D ActivityManager: Raise procstate to external provider: ProcessRecord{bb969b1 20635:com.android.providers.calendar/u0a29}
01-14 12:40:20.534  1188  1227 D KernelUidCpuTimeReader: Removing uids 99017-99017
01-14 12:42:38.195  1188  1188 V SettingsProvider: Notifying for 0: content://settings/system/screen_brightness
01-14 12:44:55.462  1188  1374 I ActivityManager: Killing 17769:com.google.android.as:nonpersistent/u0a138 (adj 906): empty for 1829s
01-14 12:44:55.487  1188  1214 D ConnectivityService: ConnectivityService NetworkRequestInfo binderDied(NetworkRequest [ LISTEN id=130, [ Capabilities: INTERNET&NOT_RESTRICTED&TRUSTED Unwanted:  Uid: 10138] ], android.os.BinderProxy@b00925c)
01-14 12:44:55.488  1188 10793 D ConnectivityService: ConnectivityService NetworkRequestInfo binderDied(NetworkRequest [ TRACK_DEFAULT id=129, [ Capabilities: INTERNET&NOT_RESTRICTED&TRUSTED Unwanted:  Uid: 10138] ], android.os.BinderProxy@afe8965)
01-14 12:44:55.488  1188  1403 D ConnectivityService: releasing NetworkRequest [ TRACK_DEFAULT id=129, [ Capabilities: INTERNET&NOT_RESTRICTED&TRUSTED Unwanted:  Uid: 10138] ] (release request)
01-14 12:45:20.517  1188  1227 D KernelUidCpuTimeReader: Removing uids 99018-99018
01-14 12:45:20.518  1188  1227 D KernelUidCpuTimeReader: Removing uids 99019-99019
01-14 12:47:35.616  1188 10793 I ActivityManager: Killing 18198:io.appium.settings/u0a488 (adj 904): empty for 1812s
01-14 12:47:35.618  1188 10793 I ActivityManager: Killing 17805:android.process.acore/u0a4 (adj 904): empty for 1812s
01-14 12:47:35.618  1188 10793 I ActivityManager: Killing 18264:com.android.documentsui/u0a10 (adj 904): empty for 1813s
01-14 12:47:35.620  1188 10793 I ActivityManager: Killing 17998:com.android.chrome/u0a121 (adj 906): empty for 1813s
01-14 12:47:35.620  1188 10793 I ActivityManager: Killing 18245:com.android.defcontainer/u0a55 (adj 906): empty for 1813s
01-14 12:47:35.742  1188  1231 W ActivityManager: setHasOverlayUi called on unknown pid: 18198
01-14 12:48:00.004  1188  1188 I ActivityManager: Killing 18452:com.android.chrome:webview_service/u0a121 (adj 906): empty for 1826s
01-14 12:53:00.629  1188  1225 I ActivityManager: Start proc 20793:com.google.process.gapps/u0a15 for content provider com.google.android.gsf/.subscribedfeeds.SubscribedFeedsProvider
01-14 12:53:03.646  1188  2645 W ActivityManager: Permission Denial: opening provider com.android.providers.contacts.ContactsProvider2 from ProcessRecord{7b7537a 19504:com.google.android.apps.fireball/u0a124} (pid=19504, uid=10124) requires android.permission.READ_CONTACTS or android.permission.WRITE_CONTACTS
01-14 12:53:03.649  1188  2645 I chatty  : uid=1000(system) Binder:1188_B identical 1 line
01-14 12:53:03.650  1188  2645 W ActivityManager: Permission Denial: opening provider com.android.providers.contacts.ContactsProvider2 from ProcessRecord{7b7537a 19504:com.google.android.apps.fireball/u0a124} (pid=19504, uid=10124) requires android.permission.READ_CONTACTS or android.permission.WRITE_CONTACTS
01-14 12:53:19.549  1188  1222 I UsageStatsService: User[0] Flushing usage stats to disk
01-14 12:54:02.605  1188  6525 D ActivityManager: Raise procstate to external provider: ProcessRecord{bb969b1 20635:com.android.providers.calendar/u0a29}
01-14 12:54:02.606  1188  6525 D ActivityManager: Raise procstate to external provider: ProcessRecord{bb969b1 20635:com.android.providers.calendar/u0a29}
01-14 12:54:02.607  1188  2645 D ActivityManager: Raise procstate to external provider: ProcessRecord{bb969b1 20635:com.android.providers.calendar/u0a29}
--------- beginning of main
01-14 12:54:38.937  1643  1643 D QcrilMsgTunnelIfaceManager: handleMessage what = 0
01-14 12:54:38.942  1547  1606 D QMI_OEMHOOK: Thread=ModemService received { when=-1ms what=0 obj=android.os.AsyncResult@9d7011e target=com.qualcomm.qcrilhook.QmiOemHook }
01-14 12:54:38.942  1547  1606 I QMI_OEMHOOK: receive responseData = ef0308000100000003 message=null responseType= IS_UNSOL
01-14 12:54:38.942  1547  1606 E QMI_OEMHOOK: requestId NOT in QMI OemHook range, No further processing
01-14 12:55:20.433   754   754 I /vendor/bin/hw/android.hardware.health@2.0-service.wahoo: SRAM data: 2776000
01-14 12:55:20.468  1765  1765 E QtiImsExtUtils: getConfigForPhoneId phoneId is invalid
01-14 12:55:20.468  1765  1765 E QtiImsExtUtils: isCarrierConfigEnabled bundle is null
01-14 12:55:45.945  1643  1709 I QcrilOemhookMsgTunnel: [0]processOemHookIndication length=21
01-14 12:55:45.946  1643  1643 D QcrilMsgTunnelIfaceManager: handleMessage what = 0
01-14 12:55:45.951  1547  1606 D QMI_OEMHOOK: Thread=ModemService received { when=-1ms what=0 obj=android.os.AsyncResult@e16cdff target=com.qualcomm.qcrilhook.QmiOemHook }
01-14 12:55:45.951  1547  1606 I QMI_OEMHOOK: receive responseData = ef0308000100000003 message=null responseType= IS_UNSOL
01-14 12:55:45.951  1547  1606 E QMI_OEMHOOK: requestId NOT in QMI OemHook range, No further processing
01-14 12:56:20.433   754   754 I /vendor/bin/hw/android.hardware.health@2.0-service.wahoo: SRAM data: 2776000
01-14 12:56:20.461  1765  1765 E QtiImsExtUtils: getConfigForPhoneId phoneId is invalid
01-14 12:56:20.461  1765  1765 E QtiImsExtUtils: isCarrierConfigEnabled bundle is null
01-14 12:56:29.427   754   754 I /vendor/bin/hw/android.hardware.health@2.0-service.wahoo: SRAM data: 2776000
01-14 12:56:29.446  1765  1765 E QtiImsExtUtils: getConfigForPhoneId phoneId is invalid
01-14 12:56:29.446  1765  1765 E QtiImsExtUtils: isCarrierConfigEnabled bundle is null
01-14 12:56:52.057  1643  1709 I QcrilOemhookMsgTunnel: [0]processOemHookIndication length=21
01-14 12:56:52.058  1643  1643 D QcrilMsgTunnelIfaceManager: handleMessage what = 0
01-14 12:56:52.064  1547  1606 D QMI_OEMHOOK: Thread=ModemService received { when=-1ms what=0 obj=android.os.AsyncResult@4b397cc target=com.qualcomm.qcrilhook.QmiOemHook }
01-14 12:56:52.064  1547  1606 I QMI_OEMHOOK: receive responseData = ef0308000100000003 message=null responseType= IS_UNSOL
01-14 12:56:52.064  1547  1606 E QMI_OEMHOOK: requestId NOT in QMI OemHook range, No further processing
01-14 12:56:58.953   833   875 I chatty  : uid=1000(system) /vendor/bin/sensors.qcom expire 11 lines
01-14 12:54:02.607  1188  2645 D ActivityManager: Raise procstate to external provider: ProcessRecord{bb969b1 20635:com.android.providers.calendar/u0a29}
01-14 12:57:00.188  1188  1188 V SettingsProvider: Notifying for 0: content://settings/system/screen_brightness
01-14 12:57:20.429   754   754 I /vendor/bin/hw/android.hardware.health@2.0-service.wahoo: SRAM data: 2776000
01-14 12:57:20.455  1765  1765 E QtiImsExtUtils: getConfigForPhoneId phoneId is invalid
01-14 12:57:20.455  1765  1765 E QtiImsExtUtils: isCarrierConfigEnabled bundle is null
01-14 12:57:40.640  1188  1223 I ActivityManager: Killing 18284:com.google.android.apps.photos/u0a89 (adj 906): empty for 1817s
01-14 12:57:40.687   720   720 I Zygote  : Process 18284 exited due to signal (9)
01-14 12:58:20.432   754   754 I /vendor/bin/hw/android.hardware.health@2.0-service.wahoo: SRAM data: 2776000
01-14 12:58:20.466  1765  1765 E QtiImsExtUtils: getConfigForPhoneId phoneId is invalid
01-14 12:58:20.467  1765  1765 E QtiImsExtUtils: isCarrierConfigEnabled bundle is null
01-14 12:58:59.097   833   875 I chatty  : uid=1000(system) /vendor/bin/sensors.qcom expire 11 lines
01-14 12:59:20.430   754   754 I /vendor/bin/hw/android.hardware.health@2.0-service.wahoo: SRAM data: 2776000
01-14 12:59:20.459  1765  1765 E QtiImsExtUtils: getConfigForPhoneId phoneId is invalid
01-14 12:59:20.459  1765  1765 E QtiImsExtUtils: isCarrierConfigEnabled bundle is null
01-14 12:59:51.264   754   754 I /vendor/bin/hw/android.hardware.health@2.0-service.wahoo: SRAM data: 2776000
01-14 12:59:51.290  1765  1765 E QtiImsExtUtils: getConfigForPhoneId phoneId is invalid
01-14 12:59:51.290  1765  1765 E QtiImsExtUtils: isCarrierConfigEnabled bundle is null
01-14 13:00:20.433   754   754 I /vendor/bin/hw/android.hardware.health@2.0-service.wahoo: SRAM data: 2776000
01-14 13:00:20.477  1765  1765 E QtiImsExtUtils: getConfigForPhoneId phoneId is invalid
01-14 13:00:20.477  1765  1765 E QtiImsExtUtils: isCarrierConfigEnabled bundle is null
01-14 13:00:20.699  1188  1225 I ActivityManager: Start proc 20923:com.google.android.gm/u0a115 for service com.google.android.gm/.provider.MailSyncAdapterService
01-14 13:00:20.706 20923 20923 E ogle.android.g: Not starting debugger since process cannot load the jdwp agent.
01-14 13:00:20.731 20923 20923 I ogle.android.g: The ClassLoaderContext is a special shared library.
01-14 13:00:20.778 20923 20923 D ActivityThread: Loading provider com.google.android.gm.sapi: com.google.android.gm.sapi.SapiUiProvider
01-14 13:00:20.795 20923 20923 W PrimesInit: Primes instant initialization
01-14 13:00:20.800 20923 20949 W Primes  : background initialization
01-14 13:00:20.831 20923 20923 W GAV2    : Thread[main,5,main]: Need to call initialize() and be in fallback mode to start dispatch.
01-14 13:00:20.846 20923 20949 I PrimesTesting: GserviceFlagsSupplier.get()
01-14 13:00:21.350 20923 20981 I ogle.android.g: The ClassLoaderContext is a special shared library.
01-14 13:00:21.353 20923 20981 I chatty  : uid=10115(com.google.android.gm) identical 2 lines
01-14 13:00:21.362 20923 20981 I ogle.android.g: The ClassLoaderContext is a special shared library.
01-14 13:00:21.386 20923 20981 V NativeCrypto: Registering com/google/android/gms/org/conscrypt/NativeCrypto's 287 native methods...
01-14 13:00:21.415 20923 20981 D NetworkSecurityConfig: Using Network Security Config from resource network_security_config debugBuild: false
01-14 13:00:21.417 20923 20981 I ProviderInstaller: Installed default security provider GmsCore_OpenSSL
01-14 13:00:25.793 20923 20937 I ogle.android.g: Waiting for a blocking GC ProfileSaver
01-14 13:00:25.930 20923 20937 I ogle.android.g: Waiting for a blocking GC ProfileSaver
01-14 13:00:25.931 20923 20937 I ogle.android.g: WaitForGcToComplete blocked ProfileSaver on HeapTrim for 138.109ms
01-14 13:00:25.971 20923 20933 I ogle.android.g: WaitForGcToComplete blocked HeapTrim on ProfileSaver for 40.029ms
01-14 13:00:44.399  1188  5035 I ActivityManager: Killing 19490:com.google.android.youtube/u0a119 (adj 906): empty for 1862s
01-14 13:00:44.486  1188  9147 D ConnectivityService: ConnectivityService NetworkRequestInfo binderDied(NetworkRequest [ TRACK_DEFAULT id=141, [ Capabilities: INTERNET&NOT_RESTRICTED&TRUSTED Unwanted:  Uid: 10119] ], android.os.BinderProxy@3badfb0)
01-14 13:00:44.486  1188  1416 D ConnectivityService: ConnectivityService NetworkRequestInfo binderDied(NetworkRequest [ LISTEN id=142, [ Capabilities: INTERNET&NOT_RESTRICTED&TRUSTED Unwanted:  Uid: 10119] ], android.os.BinderProxy@8d90e29)
01-14 13:00:44.486  1188  1403 D ConnectivityService: releasing NetworkRequest [ TRACK_DEFAULT id=141, [ Capabilities: INTERNET&NOT_RESTRICTED&TRUSTED Unwanted:  Uid: 10119] ] (release request)
01-14 13:00:44.490   720   720 I Zygote  : Process 19490 exited due to signal (9)
01-14 13:01:20.436   754   754 I /vendor/bin/hw/android.hardware.health@2.0-service.wahoo: SRAM data: 2776000
01-14 13:01:20.467  1765  1765 E QtiImsExtUtils: getConfigForPhoneId phoneId is invalid
01-14 13:01:20.467  1765  1765 E QtiImsExtUtils: isCarrierConfigEnabled bundle is null
01-14 13:01:21.201 20923 20923 W uxc     : Failed to find local clusters.
01-14 13:01:58.558   833   875 I chatty  : uid=1000(system) /vendor/bin/sensors.qcom expire 6 lines
01-14 13:02:05.309  1188  5035 I chatty  : uid=1000(system) Binder:1188_17 expire 3 lines
01-14 13:02:20.432   754   754 I /vendor/bin/hw/android.hardware.health@2.0-service.wahoo: SRAM data: 2776000
01-14 13:02:20.458  1765  1765 E QtiImsExtUtils: getConfigForPhoneId phoneId is invalid
01-14 13:02:20.458  1765  1765 E QtiImsExtUtils: isCarrierConfigEnabled bundle is null
01-14 13:02:58.866   833   875 I CHRE    : @ 13744.799: [ImuCal] [NanoSensorCal:GYRO_RPS] Temp Intercept: -0.003753, -0.018064, 0.006350
01-14 13:03:02.876   754   754 I /vendor/bin/hw/android.hardware.health@2.0-service.wahoo: SRAM data: 2776000
01-14 13:03:02.894  1765  1765 E QtiImsExtUtils: getConfigForPhoneId phoneId is invalid
01-14 13:03:02.894  1765  1765 E QtiImsExtUtils: isCarrierConfigEnabled bundle is null
01-14 13:03:11.298  1643  1709 I QcrilOemhookMsgTunnel: [0]processOemHookIndication length=21
01-14 13:03:11.298  1643  1643 D QcrilMsgTunnelIfaceManager: handleMessage what = 0
01-14 13:03:11.304  1547  1606 D QMI_OEMHOOK: Thread=ModemService received { when=0 what=0 obj=android.os.AsyncResult@c7ffa15 target=com.qualcomm.qcrilhook.QmiOemHook }
01-14 13:03:11.305  1547  1606 I QMI_OEMHOOK: receive responseData = ef0308000100000003 message=null responseType= IS_UNSOL
01-14 13:03:11.306  1547  1606 E QMI_OEMHOOK: requestId NOT in QMI OemHook range, No further processing
01-14 13:03:19.700  1509  1527 D BluetoothAdapterService: getAdapterService() - returning com.android.bluetooth.btservice.AdapterService@fc2316b
01-14 13:03:20.434   754   754 I /vendor/bin/hw/android.hardware.health@2.0-service.wahoo: SRAM data: 2776000
01-14 13:03:20.453  1765  1765 E QtiImsExtUtils: getConfigForPhoneId phoneId is invalid
01-14 13:03:20.453  1765  1765 E QtiImsExtUtils: isCarrierConfigEnabled bundle is null
01-14 13:03:26.291  1643  1709 I QcrilOemhookMsgTunnel: [0]processOemHookIndication length=21
01-14 13:03:26.292  1643  1643 D QcrilMsgTunnelIfaceManager: handleMessage what = 0
01-14 13:03:26.296  1547  1606 D QMI_OEMHOOK: Thread=ModemService received { when=0 what=0 obj=android.os.AsyncResult@1ee112a target=com.qualcomm.qcrilhook.QmiOemHook }
01-14 13:03:26.296  1547  1606 I QMI_OEMHOOK: receive responseData = ef0308000100000003 message=null responseType= IS_UNSOL
01-14 13:03:26.297  1547  1606 E QMI_OEMHOOK: requestId NOT in QMI OemHook range, No further processing
01-14 13:03:58.936   833   875 I CHRE    : @ 13804.870: [ImuCal] [NanoSensorCal:GYRO_RPS] Offset | Temperature [C]: -0.002582, -0.005084, -0.014445 | 24.05
01-14 13:03:58.936   833   875 I CHRE    : @ 13804.870: [ImuCal] [NanoSensorCal:GYRO_RPS] Temp Sensitivity: 0.000050, 0.000512, -0.000870
01-14 13:03:58.936   833   875 I CHRE    : @ 13804.870: [ImuCal] [NanoSensorCal:GYRO_RPS] Temp Intercept: -0.003792, -0.017474, 0.006512
01-14 13:04:20.431   754   754 I /vendor/bin/hw/android.hardware.health@2.0-service.wahoo: SRAM data: 2776000
01-14 13:04:20.446  1765  1765 E QtiImsExtUtils: getConfigForPhoneId phoneId is invalid
01-14 13:04:20.446  1765  1765 E QtiImsExtUtils: isCarrierConfigEnabled bundle is null
01-14 13:04:20.894  2404 10490 I chatty  : uid=10015(com.google.android.gms) expire 10 lines
01-14 13:04:25.562  1643  1709 I QcrilOemhookMsgTunnel: [0]processOemHookIndication length=21
01-14 13:04:25.562  1643  1643 D QcrilMsgTunnelIfaceManager: handleMessage what = 0
01-14 13:04:25.564  1547  1606 D QMI_OEMHOOK: Thread=ModemService received { when=0 what=0 obj=android.os.AsyncResult@c144b1b target=com.qualcomm.qcrilhook.QmiOemHook }
01-14 13:04:25.564  1547  1606 I QMI_OEMHOOK: receive responseData = ef0308000100000003 message=null responseType= IS_UNSOL
01-14 13:04:25.564  1547  1606 E QMI_OEMHOOK: requestId NOT in QMI OemHook range, No further processing
01-14 13:04:51.099   833   875 D ASH     : @ 13857.033: AP has been up: last 13556884487, now 13857033046 usec
01-14 13:04:51.102   833   875 D ASH     : @ 13857.033: Sending to ASH storage: 0 757 0
01-14 13:04:58.606   833   875 I CHRE    : @ 13864.540: [ImuCal] [NanoSensorCal:GYRO_RPS] Offset | Temperature [C]: -0.002511, -0.004807, -0.014372 | 24.03
01-14 13:04:58.607   833   875 I CHRE    : @ 13864.540: [ImuCal] [NanoSensorCal:GYRO_RPS] Temp Sensitivity: 0.000059, 0.000547, -0.000863
01-14 13:04:58.607   833   875 I CHRE    : @ 13864.540: [ImuCal] [NanoSensorCal:GYRO_RPS] Temp Intercept: -0.003942, -0.018025, 0.006381
01-14 13:04:59.007   833   875 I CHRE    : @ 13864.941: [ImuCal] [NanoSensorCal:GYRO_RPS] Offset | Temperature [C]: -0.002510, -0.004798, -0.014386 | 24.05
01-14 13:04:59.008   833   875 I CHRE    : @ 13864.941: [ImuCal] [NanoSensorCal:GYRO_RPS] Temp Sensitivity: 0.000059, 0.000547, -0.000863
01-14 13:04:59.008   833   875 I CHRE    : @ 13864.941: [ImuCal] [NanoSensorCal:GYRO_RPS] Temp Intercept: -0.003942, -0.018025, 0.006381
01-14 13:05:20.431   754   754 I /vendor/bin/hw/android.hardware.health@2.0-service.wahoo: SRAM data: 2776000
01-14 13:05:20.446  1765  1765 E QtiImsExtUtils: getConfigForPhoneId phoneId is invalid
01-14 13:05:20.446  1765  1765 E QtiImsExtUtils: isCarrierConfigEnabled bundle is null
01-14 13:05:20.859  1528  1528 I FirebaseJobDispatcher: onStartJob(): TrendingQueriesTaskRun.
01-14 13:05:20.860  1528  2560 W TrendingQueriesTaskRun: onRunTask() : Got null trending queries superpacks manager
01-14 13:05:20.860  1528  1528 I FirebaseJobDispatcher: Task: TrendingQueriesTaskRun successes.
01-14 13:05:20.898  1188  1225 I ActivityManager: Start proc 21076:com.google.android.apps.messaging/u0a104 for service com.google.android.apps.messaging/com.firebase.jobdispatcher.GooglePlayReceiver
01-14 13:05:20.907 21076 21076 E .apps.messagin: Not starting debugger since process cannot load the jdwp agent.
01-14 13:05:20.924  2404 17990 I chatty  : uid=10015(com.google.android.gms) expire 11 lines
01-14 13:05:20.931 21076 21076 I .apps.messagin: The ClassLoaderContext is a special shared library.
01-14 13:05:20.968 21076 21076 I MultiDex: VM with version 2.1.0 has multidex support
01-14 13:05:20.968 21076 21076 I MultiDex: install
01-14 13:05:20.968 21076 21076 I MultiDex: VM has multidex support, MultiDex support library is disabled.
01-14 13:05:20.984 21076 21093 I Bugle   : GServicesValues:
01-14 13:05:20.984 21076 21093 I Bugle   : bugle_enable_primes_crash_metrics: true
01-14 13:05:20.984 21076 21093 I Bugle   : bugle_max_telemetry_upload_retries: 10
01-14 13:05:20.984 21076 21093 I Bugle   : bugle_sticker_set_list_version: 3
01-14 13:05:20.989 21076 21076 I CarrierServices: [2] lef.register: Initializing Carrier Services Library.
01-14 13:05:20.989 21076 21076 W CarrierServices: Trying to log through cs.apk when it has not been initialized yet
01-14 13:05:21.001 21076 21076 I BugleBackup: Registering preference change listener for "bugle".
01-14 13:05:21.010 21076 21099 I Bugle   : Initializing EmojiCompat
01-14 13:05:21.016  2404  4329 I chatty  : uid=10015(com.google.android.gms) Binder:2404_7 expire 3 lines
01-14 13:05:21.024  2404  9220 I chatty  : uid=10015(com.google.android.gms) Binder:2404_F expire 7 lines
01-14 13:05:21.027 21076 21076 D FirebaseApp: com.google.firebase.auth.FirebaseAuth is not linked. Skipping initialization.
01-14 13:05:21.028 21076 21076 D FirebaseApp: com.google.firebase.crash.FirebaseCrash is not linked. Skipping initialization.
01-14 13:05:21.028 21076 21076 D FirebaseApp: com.google.android.gms.measurement.AppMeasurement is not linked. Skipping initialization.
01-14 13:05:21.028 21076 21076 I FirebaseInitProvider: FirebaseApp initialization successful
01-14 13:05:21.028 21076 21099 W Bugle   : SubscriptionMetadataUtils get: invalid subId = -1
01-14 13:05:21.031 21076 21099 I chatty  : uid=10104(com.google.android.apps.messaging) identical 1 line
01-14 13:05:21.032 21076 21099 W Bugle   : SubscriptionMetadataUtils get: invalid subId = -1
01-14 13:05:21.032 21076 21076 I Bugle   : BugleApplicationBase: Bugle version: 3.9.039 (chimera_rc20_xxhdpi.arm64-v8a.phone)
01-14 13:05:21.033 21076 21099 W Bugle   : SubscriptionMetadataUtils get: invalid subId = -1
01-14 13:05:21.034 21076 21076 I Bugle   : DarkModeUtilImpl: Setting system dark mode to off
01-14 13:05:21.034 21076 21076 W PrimesInit: Primes instant initialization
01-14 13:05:21.036 21076 21099 W Bugle   : SubscriptionMetadataUtils get: invalid subId = -1
01-14 13:05:21.039 21076 21108 W Primes  : background initialization
01-14 13:05:21.042  2384  3102 I chatty  : uid=10015(com.google.android.gms) Thread-6 expire 6 lines
01-14 13:05:21.042  1188  5035 W ActivityManager: Background start not allowed: service Intent { cmp=com.google.android.apps.messaging/.shared.datamodel.action.execution.ActionExecutorImpl$EmptyService } to com.google.android.apps.messaging/.shared.datamodel.action.execution.ActionExecutorImpl$EmptyService from pid=21076 uid=10104 pkg=com.google.android.apps.messaging startFg?=false
01-14 13:05:21.043 21076 21076 W BugleDataModel: ActionExecutorImpl: Action started execution, but we can't guarantee it will complete, the app may be killed. Action: class com.google.android.apps.messaging.shared.datamodel.action.CountryCodeDetectorAction-CountryCodeDetectorAction:1547463921008003
01-14 13:05:21.043 21076 21076 W BugleDataModel: java.lang.IllegalStateException: Not allowed to start service Intent { cmp=com.google.android.apps.messaging/.shared.datamodel.action.execution.ActionExecutorImpl$EmptyService }: app is in background uid UidRecord{de8d85c u0a104 TRNB idle change:uncached procs:1 seq(0,0,0)}
01-14 13:05:21.043 21076 21076 W BugleDataModel: 	at android.app.ContextImpl.startServiceCommon(ContextImpl.java:1577)
01-14 13:05:21.043 21076 21076 W BugleDataModel: 	at android.app.ContextImpl.startService(ContextImpl.java:1532)
01-14 13:05:21.043 21076 21076 W BugleDataModel: 	at android.content.ContextWrapper.startService(ContextWrapper.java:664)
01-14 13:05:21.043 21076 21076 W BugleDataModel: 	at com.google.android.apps.messaging.shared.datamodel.action.execution.ActionExecutorImpl.a(SourceFile:91)
01-14 13:05:21.043 21076 21076 W BugleDataModel: 	at com.google.android.apps.messaging.shared.datamodel.action.execution.ActionExecutorImpl.a(SourceFile:22)
01-14 13:05:21.043 21076 21076 W BugleDataModel: 	at com.google.android.apps.messaging.shared.datamodel.action.execution.ActionExecutorImpl.b(SourceFile:18)
