01-14 13:08:15.950  1643  1709 I QcrilOemhookMsgTunnel: [0]processOemHookIndication length=21
01-14 13:08:15.951  1643  1643 D QcrilMsgTunnelIfaceManager: handleMessage what = 0
01-14 13:08:15.963  1547  1606 D QMI_OEMHOOK: Thread=ModemService received { when=-1ms what=0 obj=android.os.AsyncResult@a732291 target=com.qualcomm.qcrilhook.QmiOemHook }
01-14 13:08:15.963  1547  1606 I QMI_OEMHOOK: receive responseData = ef0308000100000003 message=null responseType= IS_UNSOL
01-14 13:08:15.963  1547  1606 E QMI_OEMHOOK: requestId NOT in QMI OemHook range, No further processing
01-14 13:08:20.433   754   754 I /vendor/bin/hw/android.hardware.health@2.0-service.wahoo: SRAM data: 2776000
01-14 13:08:20.473  1765  1765 E QtiImsExtUtils: getConfigForPhoneId phoneId is invalid
01-14 13:08:20.473  1765  1765 E QtiImsExtUtils: isCarrierConfigEnabled bundle is null
01-14 13:08:27.592   754   754 I /vendor/bin/hw/android.hardware.health@2.0-service.wahoo: SRAM data: 2776000
01-14 13:08:27.624  1765  1765 E QtiImsExtUtils: getConfigForPhoneId phoneId is invalid
01-14 13:08:27.624  1765  1765 E QtiImsExtUtils: isCarrierConfigEnabled bundle is null
01-14 13:08:30.933  1643  1709 I QcrilOemhookMsgTunnel: [0]processOemHookIndication length=21
01-14 13:08:30.933  1643  1643 D QcrilMsgTunnelIfaceManager: handleMessage what = 0
01-14 13:08:30.949  1547  1606 D QMI_OEMHOOK: Thread=ModemService received { when=-1ms what=0 obj=android.os.AsyncResult@4b415f6 target=com.qualcomm.qcrilhook.QmiOemHook }
01-14 13:08:30.949  1547  1606 I QMI_OEMHOOK: receive responseData = ef0308000100000003 message=null responseType= IS_UNSOL
01-14 13:08:30.949  1547  1606 E QMI_OEMHOOK: requestId NOT in QMI OemHook range, No further processing
01-14 13:09:20.443   754   754 I /vendor/bin/hw/android.hardware.health@2.0-service.wahoo: SRAM data: 25 31 36 53 73 84 105 207
01-14 13:09:20.444   754   754 I /vendor/bin/hw/android.hardware.health@2.0-service.wahoo: Save to Storage: 25 31 36 53 73 84 105 207
01-14 13:09:20.458   754   754 I /vendor/bin/hw/android.hardware.health@2.0-service.wahoo: SRAM data: 2776000
01-14 13:09:20.470  1765  1765 E QtiImsExtUtils: getConfigForPhoneId phoneId is invalid
01-14 13:09:20.470  1765  1765 E QtiImsExtUtils: isCarrierConfigEnabled bundle is null
01-14 13:10:00.014  1188  1223 I ActivityManager: Killing 20635:com.android.providers.calendar/u0a29 (adj 906): empty for 1819s
01-14 13:10:00.081   720   720 I Zygote  : Process 20635 exited due to signal (9)
01-14 13:10:20.436   754   754 I /vendor/bin/hw/android.hardware.health@2.0-service.wahoo: SRAM data: 2776000
01-14 13:10:20.473  1765  1765 E QtiImsExtUtils: getConfigForPhoneId phoneId is invalid
01-14 13:10:20.473  1765  1765 E QtiImsExtUtils: isCarrierConfigEnabled bundle is null
01-14 13:10:24.533   754   754 I /vendor/bin/hw/android.hardware.health@2.0-service.wahoo: SRAM data: 2776000
01-14 13:10:24.605  1765  1765 E QtiImsExtUtils: getConfigForPhoneId phoneId is invalid
01-14 13:10:24.605  1765  1765 E QtiImsExtUtils: isCarrierConfigEnabled bundle is null
01-14 13:10:39.301  1643  1709 I QcrilOemhookMsgTunnel: [0]processOemHookIndication length=21
01-14 13:10:39.302  1643  1643 D QcrilMsgTunnelIfaceManager: handleMessage what = 0
01-14 13:10:39.312  1547  1606 D QMI_OEMHOOK: Thread=ModemService received { when=-1ms what=0 obj=android.os.AsyncResult@1a27df7 target=com.qualcomm.qcrilhook.QmiOemHook }
01-14 13:10:39.312  1547  1606 I QMI_OEMHOOK: receive responseData = ef0308000100000003 message=null responseType= IS_UNSOL
01-14 13:10:39.312  1547  1606 E QMI_OEMHOOK: requestId NOT in QMI OemHook range, No further processing
01-14 13:10:56.854  1643  1709 I QcrilOemhookMsgTunnel: [0]processOemHookIndication length=21
01-14 13:10:56.854  1643  1643 D QcrilMsgTunnelIfaceManager: handleMessage what = 0
01-14 13:10:56.868  1547  1606 D QMI_OEMHOOK: Thread=ModemService received { when=-1ms what=0 obj=android.os.AsyncResult@89b1464 target=com.qualcomm.qcrilhook.QmiOemHook }
01-14 13:10:56.868  1547  1606 I QMI_OEMHOOK: receive responseData = ef0308000100000003 message=null responseType= IS_UNSOL
01-14 13:10:56.868  1547  1606 E QMI_OEMHOOK: requestId NOT in QMI OemHook range, No further processing
01-14 13:11:20.435   754   754 I /vendor/bin/hw/android.hardware.health@2.0-service.wahoo: SRAM data: 2776000
01-14 13:11:20.474  1765  1765 E QtiImsExtUtils: getConfigForPhoneId phoneId is invalid
01-14 13:11:20.474  1765  1765 E QtiImsExtUtils: isCarrierConfigEnabled bundle is null
01-14 13:11:53.566  1643  1709 I QcrilOemhookMsgTunnel: [0]processOemHookIndication length=21
01-14 13:11:53.566  1643  1643 D QcrilMsgTunnelIfaceManager: handleMessage what = 0
01-14 13:11:53.575  1547  1606 D QMI_OEMHOOK: Thread=ModemService received { when=0 what=0 obj=android.os.AsyncResult@39656cd target=com.qualcomm.qcrilhook.QmiOemHook }
01-14 13:11:53.576  1547  1606 I QMI_OEMHOOK: receive responseData = ef0308000100000003 message=null responseType= IS_UNSOL
01-14 13:11:53.576  1547  1606 E QMI_OEMHOOK: requestId NOT in QMI OemHook range, No further processing
01-14 13:12:17.292  6453  6566 I RunnerModule: Event Bus thread priority is now -2
01-14 13:12:17.295  6453  6453 I SearchServiceCore: Event Bus thread is enabled
01-14 13:12:17.330  1188  3655 W ActivityManager: Unable to start service Intent { act=com.google.firebase.MESSAGING_EVENT pkg=com.google.android.googlequicksearchbox } U=0: not found
01-14 13:12:17.330  6453  6453 E EnhancedIntentService: binding to the service failed
01-14 13:12:17.393  2384 21226 I chatty  : uid=10015 com.google.android.gms.persistent expire 13 lines
01-14 13:12:17.796  6453 21353 W LocationOracle: No location history returned by ContextManager
01-14 13:12:18.049  6453 21220 E GeofenceHelper: Failed: remove geofences by PendingIntent
01-14 13:12:18.061  1188  8850 W ActivityManager: Unable to start service Intent { act=com.google.firebase.MESSAGING_EVENT pkg=com.google.android.googlequicksearchbox } U=0: not found
01-14 13:12:18.061  6453  6453 E EnhancedIntentService: binding to the service failed
01-14 13:12:20.436   754   754 I /vendor/bin/hw/android.hardware.health@2.0-service.wahoo: SRAM data: 2776000
01-14 13:12:20.463  1765  1765 E QtiImsExtUtils: getConfigForPhoneId phoneId is invalid
01-14 13:12:20.463  1765  1765 E QtiImsExtUtils: isCarrierConfigEnabled bundle is null
01-14 13:12:25.838   754   754 I /vendor/bin/hw/android.hardware.health@2.0-service.wahoo: SRAM data: 2776000
01-14 13:12:25.851  1765  1765 E QtiImsExtUtils: getConfigForPhoneId phoneId is invalid
01-14 13:12:25.851  1765  1765 E QtiImsExtUtils: isCarrierConfigEnabled bundle is null
01-14 13:13:20.436   754   754 I /vendor/bin/hw/android.hardware.health@2.0-service.wahoo: SRAM data: 2776000
01-14 13:13:20.472  1765  1765 E QtiImsExtUtils: getConfigForPhoneId phoneId is invalid
01-14 13:13:20.473  1765  1765 E QtiImsExtUtils: isCarrierConfigEnabled bundle is null
01-14 13:14:01.718  1188  1222 I UsageStatsService: User[0] Flushing usage stats to disk
01-14 13:14:20.436   754   754 I /vendor/bin/hw/android.hardware.health@2.0-service.wahoo: SRAM data: 2776000
01-14 13:14:20.478  1765  1765 E QtiImsExtUtils: getConfigForPhoneId phoneId is invalid
01-14 13:14:20.479  1765  1765 E QtiImsExtUtils: isCarrierConfigEnabled bundle is null
01-14 13:14:28.556   754   754 I /vendor/bin/hw/android.hardware.health@2.0-service.wahoo: SRAM data: 2776000
01-14 13:14:28.567  1765  1765 E QtiImsExtUtils: getConfigForPhoneId phoneId is invalid
01-14 13:14:28.567  1765  1765 E QtiImsExtUtils: isCarrierConfigEnabled bundle is null
01-14 13:15:00.158  1188  1225 I ActivityManager: Start proc 21402:com.google.android.partnersetup/u0a24 for service com.google.android.partnersetup/.InstalledAppJobService
01-14 13:15:00.166 21402 21402 E id.partnersetu: Not starting debugger since process cannot load the jdwp agent.
01-14 13:15:00.169  1188  1225 I ActivityManager: Start proc 21412:com.google.android.as:nonpersistent/u0a138 for service com.google.android.as/com.google.android.apps.miphone.aiai.allapps.backgroundjob.BackgroundJobService
01-14 13:15:00.176 21412 21412 E s:nonpersisten: Not starting debugger since process cannot load the jdwp agent.
01-14 13:15:00.194 21402 21402 I id.partnersetu: The ClassLoaderContext is a special shared library.
01-14 13:15:00.198 21412 21412 I s:nonpersisten: The ClassLoaderContext is a special shared library.
01-14 13:15:00.245 21412 21412 W GCM     : GCM SDK is deprecated, com.google.android.as should update to use FCM
01-14 13:15:00.247  2404 21400 I chatty  : uid=10015(com.google.android.gms) expire 1 line
01-14 13:15:00.259  2404 21399 I chatty  : uid=10015(com.google.android.gms) expire 1 line
01-14 13:15:00.262  1188  3655 D ConnectivityService: requestNetwork for uid/pid:10138/21412 NetworkRequest [ TRACK_DEFAULT id=153, [ Capabilities: INTERNET&NOT_RESTRICTED&TRUSTED Unwanted:  Uid: 10138] ]
01-14 13:15:00.262  1188  1384 I chatty  : uid=1000(system) WifiStateMachin expire 8 lines
01-14 13:15:00.262  1188  1461 I chatty  : uid=1000(system) wifiAwareServic expire 4 lines
01-14 13:15:00.263  1188  1462 I chatty  : uid=1000(system) EthernetService expire 4 lines
01-14 13:15:00.263  1765  1765 D PhoneSwitcherNetworkRequstListener: got request NetworkRequest [ TRACK_DEFAULT id=153, [ Capabilities: INTERNET&NOT_RESTRICTED&TRUSTED Unwanted:  Uid: 10138] ] with score 60
01-14 13:15:00.275 21412 21412 I cr_CronetLibraryLoader: Cronet version: 71.0.3578.20, arch: aarch64
01-14 13:15:00.288 21412 21412 I AiAi    : AiAi onCreate, isDebug: false
01-14 13:15:00.288 21412 21412 I AiAiMatchmaker: Install SilentFeedback handler.
01-14 13:15:00.319  2384  2403 I chatty  : uid=10015(com.google.android.gms) HeapTaskDaemon expire 3 lines
01-14 13:15:01.387 21412 21448 W AiAi-AllApps: UserContextProviderImpl#Timeout when fetching the place info
01-14 13:15:01.613 21412 21448 D OpenGLRenderer: Skia GL Pipeline
01-14 13:15:01.638  1765 17128 E PhoneInterfaceManager: [PhoneIntfMgr] getIccId: No UICC
01-14 13:15:05.203 21402 21430 I id.partnersetu: Waiting for a blocking GC ProfileSaver
01-14 13:15:05.243 21402 21430 I id.partnersetu: WaitForGcToComplete blocked ProfileSaver on AddRemoveAppImageSpace for 40.019ms
01-14 13:15:05.548  1643  1709 I QcrilOemhookMsgTunnel: [0]processOemHookIndication length=21
01-14 13:15:05.548  1643  1643 D QcrilMsgTunnelIfaceManager: handleMessage what = 0
01-14 13:15:05.555  1547  1606 D QMI_OEMHOOK: Thread=ModemService received { when=0 what=0 obj=android.os.AsyncResult@5039b82 target=com.qualcomm.qcrilhook.QmiOemHook }
01-14 13:15:05.556  1547  1606 I QMI_OEMHOOK: receive responseData = ef0308000100000003 message=null responseType= IS_UNSOL
01-14 13:15:05.556  1547  1606 E QMI_OEMHOOK: requestId NOT in QMI OemHook range, No further processing
01-14 13:15:19.976  1188  1188 V BackupManagerService: Scheduling immediate backup pass
01-14 13:15:19.987  1188  1188 W BackupManagerService: Backup pass but e=false p=true
01-14 13:15:20.437   754   754 I /vendor/bin/hw/android.hardware.health@2.0-service.wahoo: SRAM data: 2776000
01-14 13:15:20.482  1765  1765 E QtiImsExtUtils: getConfigForPhoneId phoneId is invalid
01-14 13:15:20.482  1765  1765 E QtiImsExtUtils: isCarrierConfigEnabled bundle is null
01-14 13:15:38.497  1643  1709 I QcrilOemhookMsgTunnel: [0]processOemHookIndication length=21
01-14 13:15:38.498  1643  1643 D QcrilMsgTunnelIfaceManager: handleMessage what = 0
01-14 13:15:38.508  1547  1606 D QMI_OEMHOOK: Thread=ModemService received { when=-1ms what=0 obj=android.os.AsyncResult@4770293 target=com.qualcomm.qcrilhook.QmiOemHook }
01-14 13:15:38.508  1547  1606 I QMI_OEMHOOK: receive responseData = ef0308000100000003 message=null responseType= IS_UNSOL
01-14 13:15:38.509  1547  1606 E QMI_OEMHOOK: requestId NOT in QMI OemHook range, No further processing
01-14 13:16:00.783  6453  6453 I BgTaskExecutorImpl: Starting EXCLUSIVE background task SMARTSPACE_UPDATE.
01-14 13:16:00.806  6453  6566 W SearchServiceCore: Abort, client detached.
01-14 13:16:00.860  6453  6453 W SearchServiceClient: Starting with NO_SESSION handoverId is deprecated. Just don't. You will break.
01-14 13:16:00.860  6453  6453 W SearchServiceClient: com.google.android.apps.gsa.shared.util.common.f: SearchServiceClient: Starting with NO_SESSION handoverId is deprecated. Just don't. You will break.
01-14 13:16:00.860  6453  6453 W SearchServiceClient: 	at com.google.android.apps.gsa.shared.util.common.e.a(SourceFile:43)
01-14 13:16:00.860  6453  6453 W SearchServiceClient: 	at com.google.android.apps.gsa.shared.util.common.e.f(SourceFile:6)
01-14 13:16:00.860  6453  6453 W SearchServiceClient: 	at com.google.android.apps.gsa.search.shared.service.SearchServiceClient.a(SourceFile:119)
01-14 13:16:00.860  6453  6453 W SearchServiceClient: 	at com.google.android.apps.gsa.search.shared.service.SearchServiceClient.mx(SourceFile:103)
01-14 13:16:00.860  6453  6453 W SearchServiceClient: 	at com.google.android.apps.gsa.staticplugins.bk.i.p(SourceFile:60)
01-14 13:16:00.860  6453  6453 W SearchServiceClient: 	at com.google.android.apps.gsa.staticplugins.bk.p.run(Unknown Source:2)
01-14 13:16:00.860  6453  6453 W SearchServiceClient: 	at com.google.android.apps.gsa.shared.util.concurrent.b.cr.btE(SourceFile:2)
01-14 13:16:00.860  6453  6453 W SearchServiceClient: 	at com.google.android.apps.gsa.shared.util.concurrent.b.cp.run(SourceFile:5)
01-14 13:16:00.860  6453  6453 W SearchServiceClient: 	at android.os.Handler.handleCallback(Handler.java:873)
01-14 13:16:00.860  6453  6453 W SearchServiceClient: 	at android.os.Handler.dispatchMessage(Handler.java:99)
01-14 13:16:00.860  6453  6453 W SearchServiceClient: 	at android.os.Looper.loop(Looper.java:193)
01-14 13:16:00.860  6453  6453 W SearchServiceClient: 	at android.app.ActivityThread.main(ActivityThread.java:6680)
01-14 13:16:00.860  6453  6453 W SearchServiceClient: 	at java.lang.reflect.Method.invoke(Native Method)
01-14 13:16:00.860  6453  6453 W SearchServiceClient: 	at com.android.internal.os.RuntimeInit$MethodAndArgsCaller.run(RuntimeInit.java:493)
01-14 13:16:00.860  6453  6453 W SearchServiceClient: 	at com.android.internal.os.ZygoteInit.main(ZygoteInit.java:858)
01-14 13:16:01.686  1188  1225 I ActivityManager: Start proc 21482:com.android.providers.calendar/u0a29 for content provider com.android.providers.calendar/.CalendarProvider2
01-14 13:16:01.696  2466  2702 D ProtoStore: no cached data
01-14 13:16:01.700 21482 21482 E viders.calenda: Not starting debugger since process cannot load the jdwp agent.
01-14 13:16:01.715  1188  4612 D ActivityManager: Raise procstate to external provider: ProcessRecord{c240175 21482:com.android.providers.calendar/u0a29}
01-14 13:16:01.741 21482 21482 I viders.calenda: The ClassLoaderContext is a special shared library.
01-14 13:16:01.773 21482 21482 I CalendarProvider2: Created com.android.providers.calendar.CalendarAlarmManager@bb4c3e5(com.android.providers.calendar.CalendarProvider2@7c55eba)
01-14 13:16:14.259  1643  1709 I QcrilOemhookMsgTunnel: [0]processOemHookIndication length=21
01-14 13:16:14.260  1643  1643 D QcrilMsgTunnelIfaceManager: handleMessage what = 0
01-14 13:16:14.267  1547  1606 D QMI_OEMHOOK: Thread=ModemService received { when=-1ms what=0 obj=android.os.AsyncResult@a2712d0 target=com.qualcomm.qcrilhook.QmiOemHook }
01-14 13:16:14.267  1547  1606 I QMI_OEMHOOK: receive responseData = ef0308000100000003 message=null responseType= IS_UNSOL
01-14 13:16:14.267  1547  1606 E QMI_OEMHOOK: requestId NOT in QMI OemHook range, No further processing
01-14 13:16:20.433   754   754 I /vendor/bin/hw/android.hardware.health@2.0-service.wahoo: SRAM data: 2776000
01-14 13:16:20.479  1765  1765 E QtiImsExtUtils: getConfigForPhoneId phoneId is invalid
01-14 13:16:20.479  1765  1765 E QtiImsExtUtils: isCarrierConfigEnabled bundle is null
01-14 13:16:42.419  1643  1709 I QcrilOemhookMsgTunnel: [0]processOemHookIndication length=21
01-14 13:16:42.420  1643  1643 D QcrilMsgTunnelIfaceManager: handleMessage what = 0
01-14 13:16:42.429  1547  1606 D QMI_OEMHOOK: Thread=ModemService received { when=0 what=0 obj=android.os.AsyncResult@73e92c9 target=com.qualcomm.qcrilhook.QmiOemHook }
01-14 13:16:42.429  1547  1606 I QMI_OEMHOOK: receive responseData = ef0308000100000003 message=null responseType= IS_UNSOL
01-14 13:16:42.429  1547  1606 E QMI_OEMHOOK: requestId NOT in QMI OemHook range, No further processing
01-14 13:16:42.950   754   754 I /vendor/bin/hw/android.hardware.health@2.0-service.wahoo: SRAM data: 2776000
01-14 13:16:42.980  1765  1765 E QtiImsExtUtils: getConfigForPhoneId phoneId is invalid
01-14 13:16:42.981  1765  1765 E QtiImsExtUtils: isCarrierConfigEnabled bundle is null
01-14 13:17:18.298  1643  1709 I QcrilOemhookMsgTunnel: [0]processOemHookIndication length=21
01-14 13:17:18.299  1643  1643 D QcrilMsgTunnelIfaceManager: handleMessage what = 0
01-14 13:17:18.305  1547  1606 D QMI_OEMHOOK: Thread=ModemService received { when=0 what=0 obj=android.os.AsyncResult@6d3edce target=com.qualcomm.qcrilhook.QmiOemHook }
01-14 13:17:18.306  1547  1606 I QMI_OEMHOOK: receive responseData = ef0308000100000003 message=null responseType= IS_UNSOL
01-14 13:17:18.306  1547  1606 E QMI_OEMHOOK: requestId NOT in QMI OemHook range, No further processing
01-14 13:17:20.436   754   754 I /vendor/bin/hw/android.hardware.health@2.0-service.wahoo: SRAM data: 2776000
01-14 13:17:20.478  1765  1765 E QtiImsExtUtils: getConfigForPhoneId phoneId is invalid
01-14 13:17:20.478  1765  1765 E QtiImsExtUtils: isCarrierConfigEnabled bundle is null
01-14 13:18:20.435   754   754 I /vendor/bin/hw/android.hardware.health@2.0-service.wahoo: SRAM data: 2776000
01-14 13:18:20.459  1765  1765 E QtiImsExtUtils: getConfigForPhoneId phoneId is invalid
01-14 13:18:20.459  1765  1765 E QtiImsExtUtils: isCarrierConfigEnabled bundle is null
01-14 13:19:00.125  2404  6961 I chatty  : uid=10015(com.google.android.gms) highpool[7] expire 2 lines
01-14 13:19:00.159  1509  2428 D BluetoothAdapterService: getAdapterService() - returning com.android.bluetooth.btservice.AdapterService@fc2316b
01-14 13:19:06.121   754   754 I /vendor/bin/hw/android.hardware.health@2.0-service.wahoo: SRAM data: 2776000
01-14 13:19:06.142  1765  1765 E QtiImsExtUtils: getConfigForPhoneId phoneId is invalid
01-14 13:19:06.142  1765  1765 E QtiImsExtUtils: isCarrierConfigEnabled bundle is null
01-14 13:19:20.436   754   754 I /vendor/bin/hw/android.hardware.health@2.0-service.wahoo: SRAM data: 2776000
01-14 13:19:20.473  1765  1765 E QtiImsExtUtils: getConfigForPhoneId phoneId is invalid
01-14 13:19:20.474  1765  1765 E QtiImsExtUtils: isCarrierConfigEnabled bundle is null
01-14 13:20:20.434   754   754 I /vendor/bin/hw/android.hardware.health@2.0-service.wahoo: SRAM data: 2776000
01-14 13:20:20.457  1765  1765 E QtiImsExtUtils: getConfigForPhoneId phoneId is invalid
01-14 13:20:20.457  1765  1765 E QtiImsExtUtils: isCarrierConfigEnabled bundle is null
01-14 13:21:20.434   754   754 I /vendor/bin/hw/android.hardware.health@2.0-service.wahoo: SRAM data: 2776000
01-14 13:21:20.486  1765  1765 E QtiImsExtUtils: getConfigForPhoneId phoneId is invalid
01-14 13:21:20.486  1765  1765 E QtiImsExtUtils: isCarrierConfigEnabled bundle is null
01-14 13:21:44.899  1643  1709 I QcrilOemhookMsgTunnel: [0]processOemHookIndication length=21
01-14 13:21:44.900  1643  1643 D QcrilMsgTunnelIfaceManager: handleMessage what = 0
01-14 13:21:44.907  1547  1606 D QMI_OEMHOOK: Thread=ModemService received { when=0 what=0 obj=android.os.AsyncResult@60534ef target=com.qualcomm.qcrilhook.QmiOemHook }
01-14 13:21:44.907  1547  1606 I QMI_OEMHOOK: receive responseData = ef0308000100000003 message=null responseType= IS_UNSOL
01-14 13:21:44.908  1547  1606 E QMI_OEMHOOK: requestId NOT in QMI OemHook range, No further processing
01-14 13:21:49.741   754   754 I /vendor/bin/hw/android.hardware.health@2.0-service.wahoo: SRAM data: 2776000
01-14 13:21:49.778  1765  1765 E QtiImsExtUtils: getConfigForPhoneId phoneId is invalid
01-14 13:21:49.779  1765  1765 E QtiImsExtUtils: isCarrierConfigEnabled bundle is null
01-14 13:21:54.736  1643  1709 I QcrilOemhookMsgTunnel: [0]processOemHookIndication length=21
01-14 13:21:54.737  1643  1643 D QcrilMsgTunnelIfaceManager: handleMessage what = 0
01-14 13:21:54.746  1547  1606 D QMI_OEMHOOK: Thread=ModemService received { when=-1ms what=0 obj=android.os.AsyncResult@6328bfc target=com.qualcomm.qcrilhook.QmiOemHook }
01-14 13:21:54.747  1547  1606 I QMI_OEMHOOK: receive responseData = ef0308000100000003 message=null responseType= IS_UNSOL
01-14 13:21:54.747  1547  1606 E QMI_OEMHOOK: requestId NOT in QMI OemHook range, No further processing
01-14 13:22:20.432   754   754 I /vendor/bin/hw/android.hardware.health@2.0-service.wahoo: SRAM data: 2776000
01-14 13:22:20.473  1765  1765 E QtiImsExtUtils: getConfigForPhoneId phoneId is invalid
01-14 13:22:20.473  1765  1765 E QtiImsExtUtils: isCarrierConfigEnabled bundle is null
01-14 13:22:27.582   754   754 I /vendor/bin/hw/android.hardware.health@2.0-service.wahoo: SRAM data: 2776000
01-14 13:22:27.619  1765  1765 E QtiImsExtUtils: getConfigForPhoneId phoneId is invalid
01-14 13:22:27.619  1765  1765 E QtiImsExtUtils: isCarrierConfigEnabled bundle is null
01-14 13:16:01.777  1188  4612 D ActivityManager: Raise procstate to external provider: ProcessRecord{c240175 21482:com.android.providers.calendar/u0a29}
01-14 13:23:05.099  1188  2462 I ActivityManager: Killing 19504:com.google.android.apps.fireball/u0a124 (adj 906): empty for 1801s
01-14 13:23:05.102  1188  2462 I ActivityManager: Killing 20793:com.google.process.gapps/u0a15 (adj 906): empty for 1804s
01-14 13:23:05.160   720   720 I Zygote  : Process 20793 exited due to signal (9)
01-14 13:23:05.162  1188  1213 D ConnectivityService: ConnectivityService NetworkRequestInfo binderDied(NetworkRequest [ TRACK_DEFAULT id=143, [ Capabilities: INTERNET&NOT_RESTRICTED&TRUSTED Unwanted:  Uid: 10124] ], android.os.BinderProxy@fcbf71e)
01-14 13:23:05.162  1188  5035 D ConnectivityService: ConnectivityService NetworkRequestInfo binderDied(NetworkRequest [ LISTEN id=144, [ Capabilities: INTERNET&NOT_RESTRICTED&TRUSTED&FOREGROUND Unwanted:  Uid: 10124] ], android.os.BinderProxy@e578bff)
01-14 13:23:05.163  1188  1403 D ConnectivityService: releasing NetworkRequest [ TRACK_DEFAULT id=143, [ Capabilities: INTERNET&NOT_RESTRICTED&TRUSTED Unwanted:  Uid: 10124] ] (release request)
01-14 13:23:05.166   720   720 I Zygote  : Process 19504 exited due to signal (9)
01-14 13:23:20.433   754   754 I /vendor/bin/hw/android.hardware.health@2.0-service.wahoo: SRAM data: 2776000
01-14 13:23:20.479  1765  1765 E QtiImsExtUtils: getConfigForPhoneId phoneId is invalid
01-14 13:23:20.480  1765  1765 E QtiImsExtUtils: isCarrierConfigEnabled bundle is null
01-14 13:23:20.480  1188  1223 I ActivityManager: Killing 19154:com.google.android.apps.turbo:aab/u0a7 (adj 906): empty for 1801s
01-14 13:23:20.486  1188  1226 I chatty  : uid=1000(system) ActivityManager expire 10 lines
01-14 13:23:20.533   720   720 I Zygote  : Process 19154 exited due to signal (9)
01-14 13:23:20.576  1188  1225 I ActivityManager: Start proc 21625:com.google.android.apps.turbo:aab/u0a7 for service com.google.android.apps.turbo/com.google.android.libraries.smartbattery.appusage.library.InferAppBucketsJob
01-14 13:23:20.581 21625 21625 E .apps.turbo:aa: Not starting debugger since process cannot load the jdwp agent.
01-14 13:23:20.609 21625 21625 I .apps.turbo:aa: The ClassLoaderContext is a special shared library.
01-14 13:23:20.631 21625 21625 W PrimesInit: Primes instant initialization
01-14 13:23:20.631 21625 21640 W Primes  : background initialization
01-14 13:23:20.648 21625 21640 I PrimesTesting: GserviceFlagsSupplier.get()
01-14 13:23:20.657 21625 21625 W ComponentDiscovery: Application info not found.
01-14 13:23:20.657 21625 21625 W ComponentDiscovery: Could not retrieve metadata, returning empty list of registrars.
01-14 13:23:20.676 21625 21646 W .apps.turbo:aa: Unsupported class loader
01-14 13:23:20.686 21625 21646 W .apps.turbo:aa: Skipping duplicate class check due to unsupported classloader
01-14 13:23:20.734 21625 21646 W .apps.turbo:aa: Unsupported class loader
01-14 13:23:20.740 21625 21649 I FA      : App measurement is starting up, version: 12662
01-14 13:23:20.741 21625 21649 I FA      : To enable debug logging run: adb shell setprop log.tag.FA VERBOSE
01-14 13:23:20.741 21625 21649 I FA      : To enable faster debug mode event logging run:
01-14 13:23:20.741 21625 21649 I FA      :   adb shell setprop debug.firebase.analytics.app com.google.android.apps.turbo
01-14 13:23:20.755 21625 21651 W Zebedee-OptIn: Opt in=true
01-14 13:23:20.814 21625 21646 W DynamiteModule: Local module descriptor class for com.google.android.gms.crash not found.
01-14 13:23:20.822 21625 21651 W Zebedee-inferBucketsJob: Models given by config: 1
01-14 13:23:20.832 21625 21646 I FirebaseCrashApiImpl: FirebaseCrashApiImpl created by ClassLoader ad[DexPathList[[zip file "/data/user_de/0/com.google.android.gms/app_chimera/m/00000066/DynamiteModulesC.apk"],nativeLibraryDirectories=[/data/user_de/0/com.google.android.gms/app_chimera/m/00000066/DynamiteModulesC.apk!/lib/arm64-v8a, /system/lib64]]]
01-14 13:23:20.859 21625 21647 I DynamiteModule: Considering local module com.google.android.gms.flags:2 and remote module com.google.android.gms.flags:3
01-14 13:23:20.859 21625 21647 I DynamiteModule: Selected remote version of com.google.android.gms.flags, version >= 3
01-14 13:23:20.877 21625 21647 W DynamiteModule: Local module descriptor class for com.google.android.gms.crash not found.
01-14 13:23:20.897 21625 21651 W Zebedee-appStandbyManager: Successfully pushed app buckets to the platform using model 8
01-14 13:23:20.917 21625 21647 I FirebaseCrashApiImpl: FirebaseCrash reporting API initialized
01-14 13:23:20.934 21625 21654 E .apps.turbo:aa: The String#value field is not present on Android versions >= 6.0
01-14 13:23:35.885 21625 21670 I FirebaseCrash: Sending crashes
01-14 13:23:39.742  1643  1709 I QcrilOemhookMsgTunnel: [0]processOemHookIndication length=21
01-14 13:23:39.743  1643  1643 D QcrilMsgTunnelIfaceManager: handleMessage what = 0
01-14 13:23:39.749  1547  1606 D QMI_OEMHOOK: Thread=ModemService received { when=-1ms what=0 obj=android.os.AsyncResult@b149285 target=com.qualcomm.qcrilhook.QmiOemHook }
01-14 13:23:39.749  1547  1606 I QMI_OEMHOOK: receive responseData = ef0308000100000003 message=null responseType= IS_UNSOL
01-14 13:23:39.750  1547  1606 E QMI_OEMHOOK: requestId NOT in QMI OemHook range, No further processing
01-14 13:24:06.425  2404  2404 I chatty  : uid=10015(com.google.android.gms) expire 4 lines
01-14 13:24:06.450  1188  1225 I ActivityManager: Start proc 21683:com.google.process.gapps/u0a15 for content provider com.google.android.gsf/.subscribedfeeds.SubscribedFeedsProvider
01-14 13:24:06.462 21683 21683 I chatty  : uid=10015(com.google.android.gms) com.google.process.gapps expire 3 lines
01-14 13:24:07.025  2384 21351 I chatty  : uid=10015 com.google.android.gms.persistent expire 14 lines
01-14 13:24:07.536 20923 20923 W uxc     : Already started: uxc@58ff7ee
01-14 13:24:07.618 20923 21703 W pss     : Job(ItemMessageListService:setItemMessageListPriority#0.78) Unrecognized ItemMessageList itemMessageList-thread-f:1622634704929689444-0. Has it already been stopped?
01-14 13:24:07.654 20923 21704 W pss     : Job(ItemMessageListService:setItemMessageListPriority#0.81) Unrecognized ItemMessageList itemMessageList-thread-f:1622615571193292547-1. Has it already been stopped?
01-14 13:24:07.668 20923 21701 W pss     : Job(ItemMessageListService:setItemMessageListPriority#0.84) Unrecognized ItemMessageList itemMessageList-thread-f:1622580521593406552-2. Has it already been stopped?
01-14 13:24:07.685 20923 21703 W pss     : Job(ItemMessageListService:setItemMessageListPriority#0.87) Unrecognized ItemMessageList itemMessageList-thread-f:1622544702422728601-3. Has it already been stopped?
01-14 13:24:07.697 20923 21703 W pss     : Job(ItemMessageListService:setItemMessageListPriority#0.90) Unrecognized ItemMessageList itemMessageList-thread-f:1622524990347325873-4. Has it already been stopped?
01-14 13:24:07.711 20923 21701 W pss     : Job(ItemMessageListService:setItemMessageListPriority#0.93) Unrecognized ItemMessageList itemMessageList-thread-f:1622520436580737683-5. Has it already been stopped?
01-14 13:24:07.725 20923 21704 W pss     : Job(ItemMessageListService:setItemMessageListPriority#0.96) Unrecognized ItemMessageList itemMessageList-thread-f:1622472014581918068-6. Has it already been stopped?
01-14 13:24:07.737 20923 21702 W pss     : Job(ItemMessageListService:setItemMessageListPriority#0.99) Unrecognized ItemMessageList itemMessageList-thread-f:1622433234858228314-7. Has it already been stopped?
01-14 13:24:07.761 20923 21702 W pss     : Job(ItemMessageListService:setItemMessageListPriority#0.102) Unrecognized ItemMessageList itemMessageList-thread-f:1622382155948061206-8. Has it already been stopped?
01-14 13:24:07.776 20923 21704 W pss     : Job(ItemMessageListService:setItemMessageListPriority#0.105) Unrecognized ItemMessageList itemMessageList-thread-f:1622373137567311844-9. Has it already been stopped?
01-14 13:24:07.794 20923 21704 W pss     : Job(ItemMessageListService:setItemMessageListPriority#0.108) Unrecognized ItemMessageList itemMessageList-thread-f:1622363276914992509-10. Has it already been stopped?
01-14 13:24:07.810 20923 21701 W pss     : Job(ItemMessageListService:setItemMessageListPriority#0.111) Unrecognized ItemMessageList itemMessageList-thread-f:1622343907633026807-11. Has it already been stopped?
01-14 13:24:07.826 20923 21704 W pss     : Job(ItemMessageListService:setItemMessageListPriority#0.114) Unrecognized ItemMessageList itemMessageList-thread-f:1622291504778327472-12. Has it already been stopped?
01-14 13:24:07.841 20923 21701 W pss     : Job(ItemMessageListService:setItemMessageListPriority#0.117) Unrecognized ItemMessageList itemMessageList-thread-f:1622272562641655501-13. Has it already been stopped?
01-14 13:24:07.861 20923 21704 W pss     : Job(ItemMessageListService:setItemMessageListPriority#0.120) Unrecognized ItemMessageList itemMessageList-thread-f:1622253156622630265-14. Has it already been stopped?
01-14 13:24:07.876 20923 21703 W pss     : Job(ItemMessageListService:setItemMessageListPriority#0.123) Unrecognized ItemMessageList itemMessageList-thread-f:1622202002482201766-15. Has it already been stopped?
01-14 13:24:07.959 20923 21700 D OpenGLRenderer: Skia GL Pipeline
01-14 13:24:07.962 20923 21700 W vlf     : Attempted to read unclipped body before it was fetched for messageId: msg-f:1622202002482201766
01-14 13:24:08.039 20923 21700 W vlf     : Attempted to read unclipped body before it was fetched for messageId: msg-f:1622253156622630265
01-14 13:24:08.136 20923 21700 W vlf     : Attempted to read unclipped body before it was fetched for messageId: msg-f:1622272562641655501
01-14 13:24:08.258  1643  1709 I QcrilOemhookMsgTunnel: [0]processOemHookIndication length=21
01-14 13:24:08.258  1643  1643 D QcrilMsgTunnelIfaceManager: handleMessage what = 0
01-14 13:24:08.261  1547  1606 D QMI_OEMHOOK: Thread=ModemService received { when=0 what=0 obj=android.os.AsyncResult@44518da target=com.qualcomm.qcrilhook.QmiOemHook }
01-14 13:24:08.261  1547  1606 I QMI_OEMHOOK: receive responseData = ef0308000100000003 message=null responseType= IS_UNSOL
01-14 13:24:08.261  1547  1606 E QMI_OEMHOOK: requestId NOT in QMI OemHook range, No further processing
01-14 13:24:08.287 20923 21700 W vlf     : Attempted to read unclipped body before it was fetched for messageId: msg-f:1622291504778327472
01-14 13:24:08.411 20923 21700 W vlf     : Attempted to read unclipped body before it was fetched for messageId: msg-f:1622343907633026807
01-14 13:24:08.509 20923 21700 W vlf     : Attempted to read unclipped body before it was fetched for messageId: msg-f:1622363276914992509
01-14 13:24:08.609 20923 21700 W vlf     : Attempted to read unclipped body before it was fetched for messageId: msg-f:1622373137567311844
01-14 13:24:08.704 20923 21700 W vlf     : Attempted to read unclipped body before it was fetched for messageId: msg-f:1622382155948061206
01-14 13:24:08.755  2384 18351 I chatty  : uid=10015 com.google.android.gms.persistent expire 1 line
01-14 13:24:08.770 20923 21700 W vlf     : Attempted to read unclipped body before it was fetched for messageId: msg-f:1622433234858228314
01-14 13:24:08.785  1528  1528 I FirebaseJobDispatcher: onStartJob(): PeriodicContextualMetrics.
01-14 13:24:08.785  1528  1673 I PContextMetricsRunner: call()
01-14 13:24:08.785  1528  1673 I PContextMetricsRunner: call() : Finished in 0 ms
01-14 13:24:08.786  1528  1528 I FirebaseJobDispatcher: Task: PeriodicContextualMetrics successes.
01-14 13:24:08.894 20923 21700 W vlf     : Attempted to read unclipped body before it was fetched for messageId: msg-f:1622472014581918068
01-14 13:24:08.931  1528  1528 I PhenotypeUpdate: onReceive() urgent = false
01-14 13:24:08.986  1188  1225 I ActivityManager: Start proc 21742:com.google.android.gms.ui/u0a15 for service com.google.android.gms/.chimera.UiIntentOperationService
01-14 13:24:08.996 21742 21742 I chatty  : uid=10015(com.google.android.gms) expire 14 lines
01-14 13:24:09.029 20923 21700 W vlf     : Attempted to read unclipped body before it was fetched for messageId: msg-f:1622520436580737683
01-14 13:24:09.034  2404 21738 I chatty  : uid=10015(com.google.android.gms) expire 1 line
01-14 13:24:09.047  2384 21762 I chatty  : uid=10015 com.google.android.gms.persistent expire 1 line
01-14 13:24:09.117 20923 21700 W vlf     : Attempted to read unclipped body before it was fetched for messageId: msg-f:1622524990347325873
01-14 13:24:09.240 21742 21750 I chatty  : uid=10015(com.google.android.gms) expire 1 line
01-14 13:24:09.247 20923 21700 W vlf     : Attempted to read unclipped body before it was fetched for messageId: msg-f:1622544702422728601
01-14 13:24:09.333 20923 21700 W vlf     : Attempted to read unclipped body before it was fetched for messageId: msg-f:1622580521593406552
01-14 13:24:09.456 20923 21700 W vlf     : Attempted to read unclipped body before it was fetched for messageId: msg-f:1622615571193292547
01-14 13:24:09.681 20923 21700 W vlf     : Attempted to read unclipped body before it was fetched for messageId: msg-f:1622634704929689444
01-14 13:24:10.116  1567  1578 I ndroid.systemu: NativeAlloc concurrent copying GC freed 330097(10MB) AllocSpace objects, 0(0B) LOS objects, 49% free, 14MB/28MB, paused 762us total 129.032ms
01-14 13:24:10.299  1567  1567 W StaticLayout: maxLineHeight should not be -1.  maxLines:3 lineCount:3
01-14 13:24:10.300  1567  1567 W StaticLayout: maxLineHeight should not be -1.  maxLines:1 lineCount:1
01-14 13:24:10.302  1567  1567 W StaticLayout: maxLineHeight should not be -1.  maxLines:1 lineCount:1
01-14 13:24:10.302  1567  1567 W StaticLayout: maxLineHeight should not be -1.  maxLines:3 lineCount:3
01-14 13:24:10.377  1567  1567 W StaticLayout: maxLineHeight should not be -1.  maxLines:1 lineCount:1
01-14 13:24:10.381  1567  1567 W StaticLayout: maxLineHeight should not be -1.  maxLines:1 lineCount:1
01-14 13:24:10.381  1567  1567 W StaticLayout: maxLineHeight should not be -1.  maxLines:3 lineCount:3
01-14 13:24:10.383  1567  1567 W StaticLayout: maxLineHeight should not be -1.  maxLines:1 lineCount:1
01-14 13:24:10.383  1567  1567 W StaticLayout: maxLineHeight should not be -1.  maxLines:1 lineCount:1
01-14 13:24:10.384  1567  1567 W StaticLayout: maxLineHeight should not be -1.  maxLines:3 lineCount:3
01-14 13:24:10.460  1567  1567 W StaticLayout: maxLineHeight should not be -1.  maxLines:1 lineCount:1
01-14 13:24:10.463  1567  1567 W StaticLayout: maxLineHeight should not be -1.  maxLines:1 lineCount:1
01-14 13:24:10.463  1567  1567 W StaticLayout: maxLineHeight should not be -1.  maxLines:3 lineCount:3
01-14 13:24:10.467  1567  1567 W StaticLayout: maxLineHeight should not be -1.  maxLines:3 lineCount:3
01-14 13:24:10.560  1567  1567 W StaticLayout: maxLineHeight should not be -1.  maxLines:1 lineCount:1
01-14 13:24:10.561  1567  1567 W StaticLayout: maxLineHeight should not be -1.  maxLines:1 lineCount:1
01-14 13:24:10.563  1567  1567 W StaticLayout: maxLineHeight should not be -1.  maxLines:3 lineCount:3
01-14 13:24:20.434   754   754 I /vendor/bin/hw/android.hardware.health@2.0-service.wahoo: SRAM data: 2776000
01-14 13:24:20.477  1765  1765 E QtiImsExtUtils: getConfigForPhoneId phoneId is invalid
01-14 13:24:20.477  1765  1765 E QtiImsExtUtils: isCarrierConfigEnabled bundle is null
01-14 13:24:28.922   754   754 I /vendor/bin/hw/android.hardware.health@2.0-service.wahoo: SRAM data: 2776000
01-14 13:24:28.956  1765  1765 E QtiImsExtUtils: getConfigForPhoneId phoneId is invalid
01-14 13:24:28.956  1765  1765 E QtiImsExtUtils: isCarrierConfigEnabled bundle is null
01-14 13:25:20.434   754   754 I /vendor/bin/hw/android.hardware.health@2.0-service.wahoo: SRAM data: 2776000
01-14 13:25:20.475  1765  1765 E QtiImsExtUtils: getConfigForPhoneId phoneId is invalid
01-14 13:25:20.475  1765  1765 E QtiImsExtUtils: isCarrierConfigEnabled bundle is null
01-14 13:25:24.709  1643  1709 I QcrilOemhookMsgTunnel: [0]processOemHookIndication length=21
01-14 13:25:24.710  1643  1643 D QcrilMsgTunnelIfaceManager: handleMessage what = 0
01-14 13:25:24.716  1547  1606 D QMI_OEMHOOK: Thread=ModemService received { when=-1ms what=0 obj=android.os.AsyncResult@19a310b target=com.qualcomm.qcrilhook.QmiOemHook }
01-14 13:25:24.717  1547  1606 I QMI_OEMHOOK: receive responseData = ef0308000100000003 message=null responseType= IS_UNSOL
01-14 13:25:24.717  1547  1606 E QMI_OEMHOOK: requestId NOT in QMI OemHook range, No further processing
01-14 13:26:20.435   754   754 I /vendor/bin/hw/android.hardware.health@2.0-service.wahoo: SRAM data: 2776000
01-14 13:26:20.477  1765  1765 E QtiImsExtUtils: getConfigForPhoneId phoneId is invalid
01-14 13:26:20.478  1765  1765 E QtiImsExtUtils: isCarrierConfigEnabled bundle is null
01-14 13:27:02.364  1643  1709 I QcrilOemhookMsgTunnel: [0]processOemHookIndication length=21
01-14 13:27:02.365  1643  1643 D QcrilMsgTunnelIfaceManager: handleMessage what = 0
01-14 13:27:02.377  1547  1606 D QMI_OEMHOOK: Thread=ModemService received { when=-1ms what=0 obj=android.os.AsyncResult@31a6be8 target=com.qualcomm.qcrilhook.QmiOemHook }
01-14 13:27:02.377  1547  1606 I QMI_OEMHOOK: receive responseData = ef0308000100000003 message=null responseType= IS_UNSOL
01-14 13:27:02.378  1547  1606 E QMI_OEMHOOK: requestId NOT in QMI OemHook range, No further processing
01-14 13:27:18.323   754   754 I /vendor/bin/hw/android.hardware.health@2.0-service.wahoo: SRAM data: 2776000
01-14 13:27:18.357  1765  1765 E QtiImsExtUtils: getConfigForPhoneId phoneId is invalid
01-14 13:27:18.357  1765  1765 E QtiImsExtUtils: isCarrierConfigEnabled bundle is null
01-14 13:27:20.433   754   754 I /vendor/bin/hw/android.hardware.health@2.0-service.wahoo: SRAM data: 2776000
01-14 13:27:20.481  1765  1765 E QtiImsExtUtils: getConfigForPhoneId phoneId is invalid
01-14 13:27:20.481  1765  1765 E QtiImsExtUtils: isCarrierConfigEnabled bundle is null
01-14 13:28:08.989  1643  1709 I QcrilOemhookMsgTunnel: [0]processOemHookIndication length=21
01-14 13:28:08.989  1643  1643 D QcrilMsgTunnelIfaceManager: handleMessage what = 0
01-14 13:28:08.997  1547  1606 D QMI_OEMHOOK: Thread=ModemService received { when=-2ms what=0 obj=android.os.AsyncResult@c90d201 target=com.qualcomm.qcrilhook.QmiOemHook }
01-14 13:28:08.997  1547  1606 I QMI_OEMHOOK: receive responseData = ef0308000100000003 message=null responseType= IS_UNSOL
01-14 13:28:08.997  1547  1606 E QMI_OEMHOOK: requestId NOT in QMI OemHook range, No further processing
01-14 13:28:20.436   754   754 I /vendor/bin/hw/android.hardware.health@2.0-service.wahoo: SRAM data: 2776000
01-14 13:28:20.485  1765  1765 E QtiImsExtUtils: getConfigForPhoneId phoneId is invalid
01-14 13:28:20.486  1765  1765 E QtiImsExtUtils: isCarrierConfigEnabled bundle is null
01-14 13:28:28.976  1643  1709 I QcrilOemhookMsgTunnel: [0]processOemHookIndication length=21
01-14 13:28:28.977  1643  1643 D QcrilMsgTunnelIfaceManager: handleMessage what = 0
01-14 13:28:28.986  1547  1606 D QMI_OEMHOOK: Thread=ModemService received { when=-1ms what=0 obj=android.os.AsyncResult@76be8a6 target=com.qualcomm.qcrilhook.QmiOemHook }
01-14 13:28:28.986  1547  1606 I QMI_OEMHOOK: receive responseData = ef0308000100000003 message=null responseType= IS_UNSOL
01-14 13:28:28.986  1547  1606 E QMI_OEMHOOK: requestId NOT in QMI OemHook range, No further processing
01-14 13:29:20.433   754   754 I /vendor/bin/hw/android.hardware.health@2.0-service.wahoo: SRAM data: 2776000
01-14 13:29:20.472  1765  1765 E QtiImsExtUtils: getConfigForPhoneId phoneId is invalid
01-14 13:29:20.472  1765  1765 E QtiImsExtUtils: isCarrierConfigEnabled bundle is null
01-14 13:29:50.173   754   754 I /vendor/bin/hw/android.hardware.health@2.0-service.wahoo: SRAM data: 2776000
01-14 13:29:50.208  1765  1765 E QtiImsExtUtils: getConfigForPhoneId phoneId is invalid
01-14 13:29:50.208  1765  1765 E QtiImsExtUtils: isCarrierConfigEnabled bundle is null
01-14 13:30:00.132  1188  1225 I ActivityManager: Start proc 21892:com.google.android.youtube/u0a119 for service com.google.android.youtube/com.firebase.jobdispatcher.GooglePlayReceiver
01-14 13:30:00.139 21892 21892 E android.youtub: Not starting debugger since process cannot load the jdwp agent.
01-14 13:30:00.164 21892 21892 I android.youtub: The ClassLoaderContext is a special shared library.
01-14 13:30:00.175 21892 21892 W android.youtub: JIT profile information will not be recorded: profile file does not exits.
01-14 13:30:00.175 21892 21892 W android.youtub: JIT profile information will not be recorded: profile file does not exits.
01-14 13:30:00.203 21892 21892 W YT      : Last known version:14.01.51
01-14 13:30:00.228 21892 21917 W YouTube : Fetching the Gservices key 'failsafe_clear_cache_release_13_02' before the end of the bulk initialization
01-14 13:30:00.392 21892 21912 I android.youtub: The ClassLoaderContext is a special shared library.
01-14 13:30:00.415  1188  1416 D ConnectivityService: requestNetwork for uid/pid:10119/21892 NetworkRequest [ TRACK_DEFAULT id=155, [ Capabilities: INTERNET&NOT_RESTRICTED&TRUSTED Unwanted:  Uid: 10119] ]
01-14 13:30:00.405 21892 21912 I chatty  : uid=10119(com.google.android.youtube) identical 1 line
01-14 13:30:00.415 21892 21912 I android.youtub: The ClassLoaderContext is a special shared library.
01-14 13:30:00.416  1765  1765 D PhoneSwitcherNetworkRequstListener: got request NetworkRequest [ TRACK_DEFAULT id=155, [ Capabilities: INTERNET&NOT_RESTRICTED&TRUSTED Unwanted:  Uid: 10119] ] with score 60
01-14 13:30:00.431 21892 21918 E YouTube : Failed delayed event dispatch, no dispatchers.
01-14 13:30:00.442 21892 21912 I android.youtub: The ClassLoaderContext is a special shared library.
01-14 13:30:00.466 21892 21912 W android.youtub: Unsupported class loader
01-14 13:30:00.476 21892 21912 W android.youtub: Skipping duplicate class check due to unsupported classloader
01-14 13:30:00.483 21892 21912 I DynamiteModule: Considering local module com.google.android.gms.ads.dynamite:0 and remote module com.google.android.gms.ads.dynamite:11020
01-14 13:30:00.484 21892 21912 I DynamiteModule: Selected remote version of com.google.android.gms.ads.dynamite, version >= 11020
01-14 13:30:00.524 21892 21912 W android.youtub: Unsupported class loader
01-14 13:30:00.555 21892 21954 W PrimesInit: Primes instant initialization
01-14 13:30:00.561 21892 21966 W Primes  : background initialization
01-14 13:30:00.586 21892 21966 I PrimesTesting: GserviceFlagsSupplier.get()
01-14 13:30:00.664 21892 21892 W YT.MDX.aarz: CastAppId for type 0 not found. Defaulting to mainCastAppId.
01-14 13:30:00.677 21892 21966 I CrashMetricService: Startup metric for 'PRIMES_CRASH_MONITORING_INITIALIZED' dropped.
01-14 13:30:00.680 21892 21957 D NetworkSecurityConfig: Using Network Security Config from resource network_security_config debugBuild: false
01-14 13:30:00.747 21892 21892 V MediaRouter: Adding route: RouteInfo{ name=Phone, description=null, status=null, category=RouteCategory{ name=System types=ROUTE_TYPE_LIVE_AUDIO ROUTE_TYPE_LIVE_VIDEO  groupable=false }, supportedTypes=ROUTE_TYPE_LIVE_AUDIO ROUTE_TYPE_LIVE_VIDEO , presentationDisplay=null }
01-14 13:30:00.773 21892 21892 V MediaRouter: Selecting route: RouteInfo{ name=Phone, description=null, status=null, category=RouteCategory{ name=System types=ROUTE_TYPE_LIVE_AUDIO ROUTE_TYPE_LIVE_VIDEO  groupable=false }, supportedTypes=ROUTE_TYPE_LIVE_AUDIO ROUTE_TYPE_LIVE_VIDEO , presentationDisplay=null }
01-14 13:30:00.825 21892 21912 D DynamitePackage: Instantiated singleton DynamitePackage.
01-14 13:30:00.825 21892 21912 D DynamitePackage: Instantiating com.google.android.gms.ads.adshield.ChimeraAdShieldCreatorImpl
01-14 13:30:00.827  1188  2307 V BackupManagerConstants: getKeyValueBackupIntervalMilliseconds(...) returns 14400000
01-14 13:30:00.828  1188  2307 V BackupManagerConstants: getKeyValueBackupFuzzMilliseconds(...) returns 600000
01-14 13:30:00.828  1188  2307 V BackupManagerConstants: getKeyValueBackupRequiredNetworkType(...) returns 1
01-14 13:30:00.828  1188  2307 V BackupManagerConstants: getKeyValueBackupRequireCharging(...) returns true
01-14 13:30:00.828  1188  2307 V KeyValueBackupJob: Scheduling k/v pass in 240 minutes
01-14 13:30:00.833 21892 21892 W YT.MDX.aarz: CastAppId for type 0 not found. Defaulting to mainCastAppId.
01-14 13:30:00.898 21892 21912 I android.youtub: The ClassLoaderContext is a special shared library.
01-14 13:30:01.063 21892 21892 V MediaRouter: Selecting route: RouteInfo{ name=Phone, description=null, status=null, category=RouteCategory{ name=System types=ROUTE_TYPE_LIVE_AUDIO ROUTE_TYPE_LIVE_VIDEO  groupable=false }, supportedTypes=ROUTE_TYPE_LIVE_AUDIO ROUTE_TYPE_LIVE_VIDEO , presentationDisplay=null }
01-14 13:30:01.109 21892 21892 W YT.MDX.aarz: CastAppId for type 0 not found. Defaulting to mainCastAppId.
01-14 13:30:01.128  1188  1416 W ActivityManager: Permission Denial: Accessing service ComponentInfo{com.google.android.music/com.google.android.music.dial.DialMediaRouteProviderService} from pid=21892, uid=10119 that is not exported from uid 10073
01-14 13:30:01.133  2404 17990 I chatty  : uid=10015(com.google.android.gms) expire 25 lines
01-14 13:30:01.164 21892 21892 V MediaRouter: Adding route: UserRouteInfo{ name=Roku Premiere+, description=null, status=null, category=RouteCategory{ name=Devices types=ROUTE_TYPE_USER  groupable=false }, supportedTypes=ROUTE_TYPE_USER , presentationDisplay=null }
01-14 13:30:01.166 21892 21892 V MediaRouter: Adding route: UserRouteInfo{ name=[TV] Samsung 8 Series (49), description=null, status=null, category=RouteCategory{ name=Devices types=ROUTE_TYPE_USER  groupable=false }, supportedTypes=ROUTE_TYPE_USER , presentationDisplay=null }
01-14 13:30:01.285 21892 21892 V MediaRouter: Adding route: UserRouteInfo{ name=MIBOX3, description=null, status=null, category=RouteCategory{ name=Devices types=ROUTE_TYPE_USER  groupable=false }, supportedTypes=ROUTE_TYPE_USER , presentationDisplay=null }
01-14 13:30:02.477 21892 21892 V MediaRouter: Adding route: UserRouteInfo{ name=MIBOX3, description=MIBOX3, status=null, category=RouteCategory{ name=Devices types=ROUTE_TYPE_USER  groupable=false }, supportedTypes=ROUTE_TYPE_USER , presentationDisplay=null }
01-14 13:30:02.493 21892 21892 V MediaRouter: Adding route: UserRouteInfo{ name=Israel APAC chromecast, description=null, status=null, category=RouteCategory{ name=Devices types=ROUTE_TYPE_USER  groupable=false }, supportedTypes=ROUTE_TYPE_USER , presentationDisplay=null }
01-14 13:30:02.549 21892 21892 V MediaRouter: Adding route: UserRouteInfo{ name=Israel APAC chromecast, description=Chromecast, status=null, category=RouteCategory{ name=Devices types=ROUTE_TYPE_USER  groupable=false }, supportedTypes=ROUTE_TYPE_USER , presentationDisplay=null }
01-14 13:30:02.617 21892 21892 V MediaRouter: Adding route: UserRouteInfo{ name=MIBOX3, description=Casting: Channel 20, status=null, category=RouteCategory{ name=Devices types=ROUTE_TYPE_USER  groupable=false }, supportedTypes=ROUTE_TYPE_USER , presentationDisplay=null }
01-14 13:30:05.205 21892 21906 I android.youtub: Waiting for a blocking GC ProfileSaver
01-14 13:30:05.308 21892 21906 I android.youtub: Waiting for a blocking GC ProfileSaver
01-14 13:30:05.308 21892 21906 I android.youtub: WaitForGcToComplete blocked ProfileSaver on HeapTrim for 103.099ms
01-14 13:30:05.323 21892 21902 I android.youtub: WaitForGcToComplete blocked HeapTrim on ProfileSaver for 13.868ms
01-14 13:30:09.237  1188  3655 W ActivityManager: Permission Denial: Accessing service ComponentInfo{com.google.android.music/com.google.android.music.dial.DialMediaRouteProviderService} from pid=21892, uid=10119 that is not exported from uid 10073
01-14 13:30:09.248 21892 21892 W YT.MDX.DiscoveryControl: cancelDiscoveryRequest ignored requester com.google.android.libraries.youtube.mdx.background.MdxBackgroundScanJobService@dbe3283
01-14 13:30:09.521 21892 21892 V MediaRouter: Removing route: UserRouteInfo{ name=Israel APAC chromecast, description=Chromecast, status=null, category=RouteCategory{ name=Devices types=ROUTE_TYPE_USER  groupable=false }, supportedTypes=ROUTE_TYPE_USER , presentationDisplay=null }
01-14 13:30:09.521 21892 21892 V MediaRouter: Removing route: UserRouteInfo{ name=MIBOX3, description=Casting: Channel 20, status=null, category=RouteCategory{ name=Devices types=ROUTE_TYPE_USER  groupable=false }, supportedTypes=ROUTE_TYPE_USER , presentationDisplay=null }
