01-14 10:57:30.414  1188  3998 D ConnectivityService: requestNetwork for uid/pid:10535/14790 NetworkRequest [ TRACK_DEFAULT id=109, [ Capabilities: INTERNET&NOT_RESTRICTED&TRUSTED Unwanted:  Uid: 10535] ]
01-14 10:57:30.453  1188  5989 D ConnectivityService: requestNetwork for uid/pid:10535/14790 NetworkRequest [ TRACK_DEFAULT id=111, [ Capabilities: INTERNET&NOT_RESTRICTED&TRUSTED Unwanted:  Uid: 10535] ]
01-14 10:57:32.687  1188  4612 I ActivityManager: Killing 13803:com.facebook.katana/u0a155 (adj 904): empty #17
01-14 10:58:06.027  1188  5989 I ActivityManager: Force stopping com.featureapp appid=10535 user=0: from pid 15100
01-14 10:58:06.027  1188  5989 I ActivityManager: Killing 14790:com.featureapp/u0a535 (adj 0): stop com.featureapp
01-14 10:58:06.037  1188  5989 W ActivityManager: Scheduling restart of crashed service com.featureapp/com.applicaster.notificationcenter.APRegistrationIntentService in 1000ms
01-14 10:58:06.038  1188  5989 W ActivityManager: Force removing ActivityRecord{cb389e5 u0 com.featureapp/com.applicaster.genericapp.activities.GenericMainFragmentActivity t486}: app died, no saved state
01-14 10:58:06.048  1188  5989 I ActivityManager: Killing 14885:com.android.chrome:sandboxed_process0/u0a535i12 (adj 0): isolated not needed
01-14 10:58:06.055  1188  1895 W ActivityManager: Permission Denial: Accessing service ComponentInfo{com.google.android.music/com.google.android.music.dial.DialMediaRouteProviderService} from pid=2404, uid=10015 that is not exported from uid 10073
01-14 10:58:06.072  1188  1227 D KernelUidCpuTimeReader: Removing uids 99010-99010
01-14 10:58:06.098  1188  8097 D ConnectivityService: ConnectivityService NetworkRequestInfo binderDied(NetworkRequest [ LISTEN id=112, [ Capabilities: INTERNET&NOT_RESTRICTED&TRUSTED&FOREGROUND Unwanted:  Uid: 10535] ], android.os.BinderProxy@ebdd65c)
01-14 10:58:06.098  1188  3997 D ConnectivityService: ConnectivityService NetworkRequestInfo binderDied(NetworkRequest [ TRACK_DEFAULT id=111, [ Capabilities: INTERNET&NOT_RESTRICTED&TRUSTED Unwanted:  Uid: 10535] ], android.os.BinderProxy@54c7d65)
01-14 10:58:06.099  1188  5989 D ConnectivityService: ConnectivityService NetworkRequestInfo binderDied(NetworkRequest [ TRACK_DEFAULT id=109, [ Capabilities: INTERNET&NOT_RESTRICTED&TRUSTED Unwanted:  Uid: 10535] ], android.os.BinderProxy@e45a3a)
01-14 10:58:06.099  1188  1403 D ConnectivityService: releasing NetworkRequest [ TRACK_DEFAULT id=111, [ Capabilities: INTERNET&NOT_RESTRICTED&TRUSTED Unwanted:  Uid: 10535] ] (release request)
01-14 10:58:06.099  1188  1403 D ConnectivityService: releasing NetworkRequest [ TRACK_DEFAULT id=109, [ Capabilities: INTERNET&NOT_RESTRICTED&TRUSTED Unwanted:  Uid: 10535] ] (release request)
01-14 10:58:06.102  1188  1895 D ConnectivityService: ConnectivityService NetworkRequestInfo binderDied(NetworkRequest [ LISTEN id=110, [ Capabilities: INTERNET&NOT_RESTRICTED&TRUSTED&FOREGROUND Unwanted:  Uid: 10535] ], android.os.BinderProxy@79446eb)
01-14 10:58:06.104  1188  1231 W ActivityManager: setHasOverlayUi called on unknown pid: 14790
01-14 10:58:06.349  1188  1358 I ActivityManager: START u0 {act=android.intent.action.MAIN cat=[android.intent.category.HOME] flg=0x10200000 cmp=com.google.android.apps.nexuslauncher/.NexusLauncherActivity (has extras)} from uid 1000
01-14 10:58:06.377  1188 11092 W WindowManager: removeWindowToken: Attempted to remove non-existing token: android.os.Binder@a8f6ad7
01-14 10:58:06.377  1188  1188 V SettingsProvider: Notifying for 0: content://settings/secure/accessibility_enabled
01-14 10:58:06.515  1188  6321 I ActivityManager: Force stopping io.appium.unlock appid=10533 user=0: from pid 15119
01-14 10:58:06.520  1188  6525 W ActivityManager: Permission Denial: Accessing service ComponentInfo{com.google.android.music/com.google.android.music.dial.DialMediaRouteProviderService} from pid=2404, uid=10015 that is not exported from uid 10073
01-14 10:58:37.405  1188  1225 I ActivityManager: Start proc 15125:com.google.android.apps.turbo/u0a7 for broadcast com.google.android.apps.turbo/.nudges.broadcasts.BatteryStatusChangedReceiver
01-14 10:58:37.577  1188  1227 D KernelUidCpuTimeReader: Removing uids 10091-10091
01-14 10:58:37.577  1188  1227 D KernelUidCpuTimeReader: Removing uids 10131-10131
01-14 11:00:35.419  1188  4895 I ActivityManager: Force stopping com.featureapp appid=10535 user=0: from pid 15229
01-14 11:00:35.429  1188  6525 W ActivityManager: Permission Denial: Accessing service ComponentInfo{com.google.android.music/com.google.android.music.dial.DialMediaRouteProviderService} from pid=2404, uid=10015 that is not exported from uid 10073
01-14 11:00:35.474  1188  4895 I ActivityManager: Force stopping com.featureapp appid=10535 user=0: clear data
01-14 11:00:35.477  1188  1223 I ActivityManager: Force stopping com.featureapp appid=10535 user=-1: clearApplicationUserData
01-14 11:00:35.477  1188  4895 I ConditionProviders: Disallowing condition provider com.featureapp
01-14 11:00:35.526  1188  6321 W ActivityManager: Permission Denial: Accessing service ComponentInfo{com.google.android.music/com.google.android.music.dial.DialMediaRouteProviderService} from pid=2404, uid=10015 that is not exported from uid 10073
01-14 11:00:35.943  1188  1188 V SettingsProvider: Notifying for 0: content://settings/secure/accessibility_enabled
01-14 11:00:36.102  1188  1690 I ActivityManager: Force stopping com.featureapp appid=10535 user=0: from pid 15273
01-14 11:00:36.111  1188 11092 W ActivityManager: Permission Denial: Accessing service ComponentInfo{com.google.android.music/com.google.android.music.dial.DialMediaRouteProviderService} from pid=2404, uid=10015 that is not exported from uid 10073
01-14 11:00:36.357  1188  1690 I ActivityManager: START u0 {act=android.intent.action.MAIN cat=[android.intent.category.LAUNCHER] flg=0x10200000 cmp=com.featureapp/com.applicaster.componentsapp.IntroActivity} from uid 2000
01-14 11:00:36.406  1188  1225 I ActivityManager: Start proc 15276:com.featureapp/u0a535 for activity com.featureapp/com.applicaster.componentsapp.IntroActivity
01-14 11:00:37.198  1188  1690 I ActivityManager: Killing 13353:android.process.media/u0a14 (adj 904): empty #17
01-14 11:00:46.790  1188  1222 I UsageStatsService: User[0] Flushing usage stats to disk
01-14 11:00:51.195  1188  1895 W WindowManager: removeWindowToken: Attempted to remove non-existing token: android.os.Binder@6232828
01-14 11:00:51.195  1188  6321 W WindowManager: removeWindowToken: Attempted to remove non-existing token: android.os.Binder@6232828
01-14 11:00:51.199  1188  1188 V SettingsProvider: Notifying for 0: content://settings/secure/accessibility_enabled
01-14 11:01:11.251  1188  1895 I ActivityManager: Force stopping com.featureapp appid=10535 user=0: from pid 15362
01-14 11:01:11.252  1188  1895 I ActivityManager: Killing 15276:com.featureapp/u0a535 (adj 0): stop com.featureapp
01-14 11:01:11.253  1188  1895 W ActivityManager: Force removing ActivityRecord{ae4ec27 u0 com.featureapp/com.applicaster.componentsapp.IntroActivity t487}: app died, no saved state
01-14 11:01:11.272  1188  6321 I WindowManager: WIN DEATH: Window{dbcbfa3 u0 Choose Configuration:}
01-14 11:01:11.277  1188  9147 W ActivityManager: Permission Denial: Accessing service ComponentInfo{com.google.android.music/com.google.android.music.dial.DialMediaRouteProviderService} from pid=2404, uid=10015 that is not exported from uid 10073
01-14 11:01:11.278  1188  6525 W WindowManager: Failed looking up window callers=com.android.server.wm.WindowManagerService.windowForClientLocked:5512 com.android.server.wm.WindowState$DeathRecipient.binderDied:2447 android.os.BinderProxy.sendDeathNotice:1193 
01-14 11:01:11.278  1188  6525 I WindowManager: WIN DEATH: null
01-14 11:01:11.287  1188  1231 W ActivityManager: setHasOverlayUi called on unknown pid: 15276
01-14 11:01:11.322  1188  9147 I ActivityManager: Force stopping com.featureapp appid=10535 user=0: clear data
01-14 11:01:11.323  1188  9147 I ConditionProviders: Disallowing condition provider com.featureapp
01-14 11:01:11.324  1188  1223 I ActivityManager: Force stopping com.featureapp appid=10535 user=-1: clearApplicationUserData
01-14 11:01:11.344  1188  3997 W ActivityManager: Permission Denial: Accessing service ComponentInfo{com.google.android.music/com.google.android.music.dial.DialMediaRouteProviderService} from pid=2404, uid=10015 that is not exported from uid 10073
01-14 11:01:11.740  1188  1188 V SettingsProvider: Notifying for 0: content://settings/secure/accessibility_enabled
01-14 11:01:11.865  1188  1895 I ActivityManager: Force stopping com.featureapp appid=10535 user=0: from pid 15408
01-14 11:01:11.869  1188  2462 W ActivityManager: Permission Denial: Accessing service ComponentInfo{com.google.android.music/com.google.android.music.dial.DialMediaRouteProviderService} from pid=2404, uid=10015 that is not exported from uid 10073
01-14 11:01:12.118  1188  1895 I ActivityManager: START u0 {act=android.intent.action.MAIN cat=[android.intent.category.LAUNCHER] flg=0x10200000 cmp=com.featureapp/com.applicaster.componentsapp.IntroActivity} from uid 2000
01-14 11:01:12.151  1188  1225 I ActivityManager: Start proc 15410:com.featureapp/u0a535 for activity com.featureapp/com.applicaster.componentsapp.IntroActivity
01-14 11:01:20.668 15410 15410 E ActivityThread: Failed to find provider info for com.applicaster.util.search.SuggestionProvider
01-14 11:01:21.786  1188  2427 I ActivityManager: START u0 {cmp=com.featureapp/com.applicaster.genericapp.activities.GenericMainFragmentActivity} from uid 10535
01-14 11:01:22.604  1188  1225 I ActivityManager: Start proc 15504:com.android.chrome:sandboxed_process0/u0i13 for webview_service com.featureapp/org.chromium.content.app.SandboxedProcessService0
01-14 11:01:22.629  1188  2427 D ConnectivityService: requestNetwork for uid/pid:10535/15410 NetworkRequest [ TRACK_DEFAULT id=113, [ Capabilities: INTERNET&NOT_RESTRICTED&TRUSTED Unwanted:  Uid: 10535] ]
01-14 11:01:22.671  1188  2427 D ConnectivityService: requestNetwork for uid/pid:10535/15410 NetworkRequest [ TRACK_DEFAULT id=115, [ Capabilities: INTERNET&NOT_RESTRICTED&TRUSTED Unwanted:  Uid: 10535] ]
01-14 11:02:04.207  1188  1690 I ActivityManager: Force stopping com.featureapp appid=10535 user=0: from pid 15731
01-14 11:02:04.207  1188  1690 I ActivityManager: Killing 15410:com.featureapp/u0a535 (adj 0): stop com.featureapp
01-14 11:02:04.212  1188  1690 W ActivityManager: Scheduling restart of crashed service com.featureapp/com.applicaster.notificationcenter.APRegistrationIntentService in 1000ms
01-14 11:02:04.212  1188  1690 W ActivityManager: Force removing ActivityRecord{6d61b27 u0 com.featureapp/com.applicaster.genericapp.activities.GenericMainFragmentActivity t488}: app died, no saved state
01-14 11:02:04.229  1188  1690 I ActivityManager: Killing 15504:com.android.chrome:sandboxed_process0/u0a535i13 (adj 0): isolated not needed
01-14 11:02:04.242  1188  1895 W ActivityManager: Permission Denial: Accessing service ComponentInfo{com.google.android.music/com.google.android.music.dial.DialMediaRouteProviderService} from pid=2404, uid=10015 that is not exported from uid 10073
01-14 11:02:04.265  1188  2462 D ConnectivityService: ConnectivityService NetworkRequestInfo binderDied(NetworkRequest [ TRACK_DEFAULT id=113, [ Capabilities: INTERNET&NOT_RESTRICTED&TRUSTED Unwanted:  Uid: 10535] ], android.os.BinderProxy@63c21f9)
01-14 11:02:04.265  1188  3997 D ConnectivityService: ConnectivityService NetworkRequestInfo binderDied(NetworkRequest [ TRACK_DEFAULT id=115, [ Capabilities: INTERNET&NOT_RESTRICTED&TRUSTED Unwanted:  Uid: 10535] ], android.os.BinderProxy@98a853e)
01-14 11:02:04.265  1188  2462 D ConnectivityService: ConnectivityService NetworkRequestInfo binderDied(NetworkRequest [ LISTEN id=116, [ Capabilities: INTERNET&NOT_RESTRICTED&TRUSTED&FOREGROUND Unwanted:  Uid: 10535] ], android.os.BinderProxy@87cf9f)
01-14 11:02:04.265  1188  3230 D ConnectivityService: ConnectivityService NetworkRequestInfo binderDied(NetworkRequest [ LISTEN id=114, [ Capabilities: INTERNET&NOT_RESTRICTED&TRUSTED&FOREGROUND Unwanted:  Uid: 10535] ], android.os.BinderProxy@f1008ec)
01-14 11:02:04.265  1188  1403 D ConnectivityService: releasing NetworkRequest [ TRACK_DEFAULT id=113, [ Capabilities: INTERNET&NOT_RESTRICTED&TRUSTED Unwanted:  Uid: 10535] ] (release request)
01-14 11:02:04.266  1188  1403 D ConnectivityService: releasing NetworkRequest [ TRACK_DEFAULT id=115, [ Capabilities: INTERNET&NOT_RESTRICTED&TRUSTED Unwanted:  Uid: 10535] ] (release request)
01-14 11:02:04.268  1188  1231 W ActivityManager: setHasOverlayUi called on unknown pid: 15410
01-14 11:02:04.271  1188  1227 D KernelUidCpuTimeReader: Removing uids 99011-99011
01-14 11:02:04.538  1188  1358 I ActivityManager: START u0 {act=android.intent.action.MAIN cat=[android.intent.category.HOME] flg=0x10200000 cmp=com.google.android.apps.nexuslauncher/.NexusLauncherActivity (has extras)} from uid 1000
01-14 11:02:04.564  1188  6321 W WindowManager: removeWindowToken: Attempted to remove non-existing token: android.os.Binder@83fbf9b
01-14 11:02:04.565  1188  1188 V SettingsProvider: Notifying for 0: content://settings/secure/accessibility_enabled
01-14 11:02:04.687  1188  9147 I ActivityManager: Force stopping io.appium.unlock appid=10533 user=0: from pid 15750
01-14 11:02:04.691  1188  2427 W ActivityManager: Permission Denial: Accessing service ComponentInfo{com.google.android.music/com.google.android.music.dial.DialMediaRouteProviderService} from pid=2404, uid=10015 that is not exported from uid 10073
01-14 11:02:22.920  1188  1188 V SettingsProvider: Notifying for 0: content://settings/system/screen_brightness
01-14 11:02:51.881  1188  1188 I chatty  : uid=1000 system_server identical 2 lines
01-14 11:02:59.662  1188  1188 V SettingsProvider: Notifying for 0: content://settings/system/screen_brightness
01-14 11:03:09.004  1188  1225 I ActivityManager: Start proc 15771:com.google.android.apps.fireball/u0a124 for service com.google.android.apps.fireball/com.firebase.jobdispatcher.GooglePlayReceiver
01-14 11:03:09.050  1188  1225 I ActivityManager: Start proc 15786:com.google.android.gms.learning/u0a15 for service com.google.android.gms/.learning.training.background.TrainingGcmTaskService
01-14 11:03:09.348  1188  2427 D ConnectivityService: requestNetwork for uid/pid:10124/15771 NetworkRequest [ TRACK_DEFAULT id=117, [ Capabilities: INTERNET&NOT_RESTRICTED&TRUSTED Unwanted:  Uid: 10124] ]
01-14 11:03:09.427  1188  2427 W ActivityManager: Permission Denial: opening provider com.android.providers.contacts.ContactsProvider2 from ProcessRecord{8e5342b 15771:com.google.android.apps.fireball/u0a124} (pid=15771, uid=10124) requires android.permission.READ_CONTACTS or android.permission.WRITE_CONTACTS
01-14 11:03:09.434  1188  2427 W ActivityManager: Permission Denial: opening provider com.android.providers.contacts.ContactsProvider2 from ProcessRecord{8e5342b 15771:com.google.android.apps.fireball/u0a124} (pid=15771, uid=10124) requires android.permission.READ_CONTACTS or android.permission.WRITE_CONTACTS
01-14 11:03:09.437  1188  6321 W ActivityManager: Permission Denial: opening provider com.android.providers.contacts.ContactsProvider2 from ProcessRecord{8e5342b 15771:com.google.android.apps.fireball/u0a124} (pid=15771, uid=10124) requires android.permission.READ_CONTACTS or android.permission.WRITE_CONTACTS
01-14 11:03:10.916  1188  1225 I ActivityManager: Start proc 15852:com.android.vending:instant_app_installer/u0a63 for service com.android.vending/com.google.android.finsky.instantapps.statussync.StatusSyncService
01-14 11:03:18.200  1188  9147 I ActivityManager: Killing 14483:com.instagram.android:mqtt/u0a157 (adj 904): empty #17
01-14 11:03:30.654  1188  1188 V SettingsProvider: Notifying for 0: content://settings/system/screen_brightness
01-14 11:04:00.004  1188  1188 I ActivityManager: Killing 14592:com.facebook.katana:notification/u0a155 (adj 904): empty #17
01-14 11:04:03.581  1188  1188 V SettingsProvider: Notifying for 0: content://settings/system/screen_brightness
01-14 11:04:37.448  1188  1227 D KernelUidCpuTimeReader: Removing uids 99012-99012
01-14 11:05:08.770  1188  1225 I ActivityManager: Start proc 15943:com.google.process.gapps/u0a15 for content provider com.google.android.gsf/.subscribedfeeds.SubscribedFeedsProvider
01-14 11:05:08.779  1188  2462 D ConnectivityService: Returning UNBLOCKED NetworkInfo to uid=10079
01-14 11:05:08.918  1188  1225 I ActivityManager: Start proc 15961:com.google.android.gm/u0a115 for service com.google.android.gm/.provider.MailSyncAdapterService
01-14 11:05:09.041 15961 15961 D ActivityThread: Loading provider com.google.android.gm.sapi: com.google.android.gm.sapi.SapiUiProvider
01-14 11:05:31.325  1188  1895 I ActivityManager: Killing 14689:io.appium.settings/u0a488 (adj 904): empty #17
01-14 11:05:31.395  1188  1231 W ActivityManager: setHasOverlayUi called on unknown pid: 14689
01-14 11:06:00.010  1188  1188 I ActivityManager: Killing 14469:com.instagram.android:videoplayer/u0a157 (adj 904): empty #17
01-14 11:06:00.069  1188  9147 W ActivityManager: Scheduling restart of crashed service com.instagram.android/com.facebook.video.heroplayer.service.HeroService in 1000ms
01-14 11:06:00.092  1188  1225 I ActivityManager: Start proc 16073:com.instagram.android:videoplayer/u0a157 for service com.instagram.android/com.facebook.video.heroplayer.service.HeroService
01-14 11:06:00.536  1188  3655 I ActivityManager: Killing 14394:com.instagram.android/u0a157 (adj 906): empty #17
01-14 11:06:37.545  1188  3997 I ActivityManager: START u0 {act=android.intent.action.MAIN cat=[android.intent.category.LAUNCHER] flg=0x10200000 cmp=io.appium.settings/.Settings} from uid 2000
01-14 11:06:37.566  1188  1225 I ActivityManager: Start proc 16130:io.appium.settings/u0a488 for activity io.appium.settings/.Settings
01-14 11:06:37.920  1188  3997 I ActivityManager: Killing 10472:com.android.chrome:sandboxed_process0/u0a121i6 (adj 904): empty #17
01-14 11:06:37.936  1188  4895 W ActivityManager: Scheduling restart of crashed service com.android.chrome/org.chromium.content.app.SandboxedProcessService0 in 1000ms
01-14 11:06:38.111  1188  4895 I ActivityManager: Force stopping com.featureapp appid=10535 user=0: from pid 16175
01-14 11:06:38.116  1188  4895 W ActivityManager: Permission Denial: Accessing service ComponentInfo{com.google.android.music/com.google.android.music.dial.DialMediaRouteProviderService} from pid=2404, uid=10015 that is not exported from uid 10073
01-14 11:06:38.153  1188  1416 I ActivityManager: Force stopping com.featureapp appid=10535 user=0: clear data
01-14 11:06:38.154  1188  1223 I ActivityManager: Force stopping com.featureapp appid=10535 user=-1: clearApplicationUserData
01-14 11:06:38.156  1188  1416 I ConditionProviders: Disallowing condition provider com.featureapp
01-14 11:06:38.190  1188  1895 W ActivityManager: Permission Denial: Accessing service ComponentInfo{com.google.android.music/com.google.android.music.dial.DialMediaRouteProviderService} from pid=2404, uid=10015 that is not exported from uid 10073
01-14 11:06:38.667  1188  1188 V SettingsProvider: Notifying for 0: content://settings/secure/accessibility_enabled
01-14 11:06:38.769  1188  9147 I ActivityManager: Force stopping com.featureapp appid=10535 user=0: from pid 16219
01-14 11:06:38.780  1188  3655 W ActivityManager: Permission Denial: Accessing service ComponentInfo{com.google.android.music/com.google.android.music.dial.DialMediaRouteProviderService} from pid=2404, uid=10015 that is not exported from uid 10073
01-14 11:06:39.030  1188  9147 I ActivityManager: START u0 {flg=0x10000000 cmp=com.featureapp/com.applicaster.componentsapp.IntroActivity} from uid 2000
01-14 11:06:39.061  1188  1225 I ActivityManager: Start proc 16227:com.featureapp/u0a535 for activity com.featureapp/com.applicaster.componentsapp.IntroActivity
01-14 11:06:48.222 16227 16227 E ActivityThread: Failed to find provider info for com.applicaster.util.search.SuggestionProvider
01-14 11:06:48.866  1188  9147 I ActivityManager: Killing 14165:com.android.chrome:webview_service/u0a121 (adj 904): empty #17
01-14 11:06:49.502  1188  3230 I ActivityManager: START u0 {cmp=com.featureapp/com.applicaster.genericapp.activities.GenericMainFragmentActivity} from uid 10535
01-14 11:06:50.285  1188  1225 I ActivityManager: Start proc 16320:com.android.chrome:webview_service/u0a121 for service com.android.chrome/org.chromium.android_webview.services.VariationsSeedServer
01-14 11:06:50.296  1188  1225 I ActivityManager: Start proc 16334:com.android.chrome:sandboxed_process0/u0i14 for webview_service com.featureapp/org.chromium.content.app.SandboxedProcessService0
01-14 11:06:50.330  1188  1416 D ConnectivityService: requestNetwork for uid/pid:10535/16227 NetworkRequest [ TRACK_DEFAULT id=119, [ Capabilities: INTERNET&NOT_RESTRICTED&TRUSTED Unwanted:  Uid: 10535] ]
01-14 11:06:50.367  1188  1416 D ConnectivityService: requestNetwork for uid/pid:10535/16227 NetworkRequest [ TRACK_DEFAULT id=121, [ Capabilities: INTERNET&NOT_RESTRICTED&TRUSTED Unwanted:  Uid: 10535] ]
01-14 11:06:50.430  1188  1416 I ActivityManager: Killing 15771:com.google.android.apps.fireball/u0a124 (adj 904): empty #17
01-14 11:06:50.445  1188  2427 D ConnectivityService: ConnectivityService NetworkRequestInfo binderDied(NetworkRequest [ TRACK_DEFAULT id=117, [ Capabilities: INTERNET&NOT_RESTRICTED&TRUSTED Unwanted:  Uid: 10124] ], android.os.BinderProxy@57e6a7a)
01-14 11:06:50.445  1188  3655 D ConnectivityService: ConnectivityService NetworkRequestInfo binderDied(NetworkRequest [ LISTEN id=118, [ Capabilities: INTERNET&NOT_RESTRICTED&TRUSTED&FOREGROUND Unwanted:  Uid: 10124] ], android.os.BinderProxy@13fa6a5)
01-14 11:06:50.446  1188  1403 D ConnectivityService: releasing NetworkRequest [ TRACK_DEFAULT id=117, [ Capabilities: INTERNET&NOT_RESTRICTED&TRUSTED Unwanted:  Uid: 10124] ] (release request)
01-14 11:07:32.984  1188  2427 I ActivityManager: Force stopping com.featureapp appid=10535 user=0: from pid 16565
01-14 11:07:32.985  1188  2427 I ActivityManager: Killing 16227:com.featureapp/u0a535 (adj 0): stop com.featureapp
01-14 11:07:32.991  1188  2427 W ActivityManager: Scheduling restart of crashed service com.featureapp/com.applicaster.notificationcenter.APRegistrationIntentService in 1000ms
01-14 11:07:32.996  1188  2427 W ActivityManager: Force removing ActivityRecord{1b5fe0d u0 com.featureapp/com.applicaster.genericapp.activities.GenericMainFragmentActivity t490}: app died, no saved state
01-14 11:07:33.010  1188  2427 I ActivityManager: Killing 16334:com.android.chrome:sandboxed_process0/u0a535i14 (adj 0): isolated not needed
01-14 11:07:33.024  1188  2464 W ActivityManager: Permission Denial: Accessing service ComponentInfo{com.google.android.music/com.google.android.music.dial.DialMediaRouteProviderService} from pid=2404, uid=10015 that is not exported from uid 10073
01-14 11:07:33.033  1188  1227 D KernelUidCpuTimeReader: Removing uids 99013-99013
01-14 11:07:33.046  1188  3655 D ConnectivityService: ConnectivityService NetworkRequestInfo binderDied(NetworkRequest [ LISTEN id=122, [ Capabilities: INTERNET&NOT_RESTRICTED&TRUSTED&FOREGROUND Unwanted:  Uid: 10535] ], android.os.BinderProxy@92f6678)
01-14 11:07:33.047  1188  1895 D ConnectivityService: ConnectivityService NetworkRequestInfo binderDied(NetworkRequest [ LISTEN id=120, [ Capabilities: INTERNET&NOT_RESTRICTED&TRUSTED&FOREGROUND Unwanted:  Uid: 10535] ], android.os.BinderProxy@3376151)
01-14 11:07:33.047  1188  1231 W ActivityManager: setHasOverlayUi called on unknown pid: 16227
01-14 11:07:33.048  1188 11092 D ConnectivityService: ConnectivityService NetworkRequestInfo binderDied(NetworkRequest [ TRACK_DEFAULT id=119, [ Capabilities: INTERNET&NOT_RESTRICTED&TRUSTED Unwanted:  Uid: 10535] ], android.os.BinderProxy@4148c90)
01-14 11:07:33.049  1188  3997 D ConnectivityService: ConnectivityService NetworkRequestInfo binderDied(NetworkRequest [ TRACK_DEFAULT id=121, [ Capabilities: INTERNET&NOT_RESTRICTED&TRUSTED Unwanted:  Uid: 10535] ], android.os.BinderProxy@6f3e989)
01-14 11:07:33.051  1188  1403 D ConnectivityService: releasing NetworkRequest [ TRACK_DEFAULT id=119, [ Capabilities: INTERNET&NOT_RESTRICTED&TRUSTED Unwanted:  Uid: 10535] ] (release request)
01-14 11:07:33.052  1188  1403 D ConnectivityService: releasing NetworkRequest [ TRACK_DEFAULT id=121, [ Capabilities: INTERNET&NOT_RESTRICTED&TRUSTED Unwanted:  Uid: 10535] ] (release request)
01-14 11:07:33.319  1188  1358 I ActivityManager: START u0 {act=android.intent.action.MAIN cat=[android.intent.category.HOME] flg=0x10200000 cmp=com.google.android.apps.nexuslauncher/.NexusLauncherActivity (has extras)} from uid 1000
01-14 11:07:33.346  1188  6321 W WindowManager: removeWindowToken: Attempted to remove non-existing token: android.os.Binder@77761ad
01-14 11:07:33.347  1188  1188 V SettingsProvider: Notifying for 0: content://settings/secure/accessibility_enabled
01-14 11:07:33.520  1188  6321 I ActivityManager: Force stopping io.appium.unlock appid=10533 user=0: from pid 16582
01-14 11:07:33.524  1188  2645 W ActivityManager: Permission Denial: Accessing service ComponentInfo{com.google.android.music/com.google.android.music.dial.DialMediaRouteProviderService} from pid=2404, uid=10015 that is not exported from uid 10073
01-14 11:08:08.687  1188  1225 I ActivityManager: Start proc 16595:com.google.android.apps.fireball/u0a124 for service com.google.android.apps.fireball/com.firebase.jobdispatcher.GooglePlayReceiver
01-14 11:08:08.998  1188  6321 D ConnectivityService: requestNetwork for uid/pid:10124/16595 NetworkRequest [ TRACK_DEFAULT id=123, [ Capabilities: INTERNET&NOT_RESTRICTED&TRUSTED Unwanted:  Uid: 10124] ]
01-14 11:08:09.051  1188 11092 W ActivityManager: Permission Denial: opening provider com.android.providers.contacts.ContactsProvider2 from ProcessRecord{d916399 16595:com.google.android.apps.fireball/u0a124} (pid=16595, uid=10124) requires android.permission.READ_CONTACTS or android.permission.WRITE_CONTACTS
01-14 11:08:09.058  1188 11092 I chatty  : uid=1000(system) Binder:1188_20 identical 1 line
01-14 11:08:09.074  1188 11092 W ActivityManager: Permission Denial: opening provider com.android.providers.contacts.ContactsProvider2 from ProcessRecord{d916399 16595:com.google.android.apps.fireball/u0a124} (pid=16595, uid=10124) requires android.permission.READ_CONTACTS or android.permission.WRITE_CONTACTS
01-14 11:08:24.801  1188 11092 I ActivityManager: Force stopping com.featureapp appid=10535 user=0: from pid 16703
01-14 11:08:24.808  1188  9147 W ActivityManager: Permission Denial: Accessing service ComponentInfo{com.google.android.music/com.google.android.music.dial.DialMediaRouteProviderService} from pid=2404, uid=10015 that is not exported from uid 10073
01-14 11:08:24.883  1188 11092 I ActivityManager: Force stopping com.featureapp appid=10535 user=0: clear data
01-14 11:08:24.884  1188  1223 I ActivityManager: Force stopping com.featureapp appid=10535 user=-1: clearApplicationUserData
01-14 11:08:24.887  1188 11092 I ConditionProviders: Disallowing condition provider com.featureapp
01-14 11:08:24.919  1188  9147 W ActivityManager: Permission Denial: Accessing service ComponentInfo{com.google.android.music/com.google.android.music.dial.DialMediaRouteProviderService} from pid=2404, uid=10015 that is not exported from uid 10073
01-14 11:08:25.464  1188  1188 V SettingsProvider: Notifying for 0: content://settings/secure/accessibility_enabled
01-14 11:08:25.679  1188  2427 I ActivityManager: Force stopping com.featureapp appid=10535 user=0: from pid 16747
01-14 11:08:25.685  1188  6321 W ActivityManager: Permission Denial: Accessing service ComponentInfo{com.google.android.music/com.google.android.music.dial.DialMediaRouteProviderService} from pid=2404, uid=10015 that is not exported from uid 10073
01-14 11:08:25.944  1188  2427 I ActivityManager: START u0 {flg=0x10000000 cmp=com.featureapp/com.applicaster.componentsapp.IntroActivity} from uid 2000
01-14 11:08:26.013  1188  1225 I ActivityManager: Start proc 16751:com.featureapp/u0a535 for activity com.featureapp/com.applicaster.componentsapp.IntroActivity
01-14 11:08:29.493  1188  6321 I ActivityManager: Killing 15786:com.google.android.gms.learning/u0a15 (adj 904): empty #17
01-14 11:08:34.912 16751 16751 E ActivityThread: Failed to find provider info for com.applicaster.util.search.SuggestionProvider
01-14 11:08:36.065  1188  3632 I ActivityManager: START u0 {cmp=com.featureapp/com.applicaster.genericapp.activities.GenericMainFragmentActivity} from uid 10535
01-14 11:08:36.859  1188  1225 I ActivityManager: Start proc 16840:com.android.chrome:sandboxed_process0/u0i15 for webview_service com.featureapp/org.chromium.content.app.SandboxedProcessService0
01-14 11:08:36.889  1188  1690 D ConnectivityService: requestNetwork for uid/pid:10535/16751 NetworkRequest [ TRACK_DEFAULT id=125, [ Capabilities: INTERNET&NOT_RESTRICTED&TRUSTED Unwanted:  Uid: 10535] ]
01-14 11:08:36.931  1188  1895 D ConnectivityService: requestNetwork for uid/pid:10535/16751 NetworkRequest [ TRACK_DEFAULT id=127, [ Capabilities: INTERNET&NOT_RESTRICTED&TRUSTED Unwanted:  Uid: 10535] ]
01-14 11:09:19.345  1188  3632 I ActivityManager: Force stopping com.featureapp appid=10535 user=0: from pid 17061
01-14 11:09:19.346  1188  3632 I ActivityManager: Killing 16751:com.featureapp/u0a535 (adj 0): stop com.featureapp
01-14 11:09:19.355  1188  3632 W ActivityManager: Scheduling restart of crashed service com.featureapp/com.applicaster.notificationcenter.APRegistrationIntentService in 1000ms
01-14 11:09:19.356  1188  3632 W ActivityManager: Force removing ActivityRecord{dca6263 u0 com.featureapp/com.applicaster.genericapp.activities.GenericMainFragmentActivity t491}: app died, no saved state
01-14 11:09:19.369  1188  3632 I ActivityManager: Killing 16840:com.android.chrome:sandboxed_process0/u0a535i15 (adj 0): isolated not needed
01-14 11:09:19.377  1188  7786 W ActivityManager: Permission Denial: Accessing service ComponentInfo{com.google.android.music/com.google.android.music.dial.DialMediaRouteProviderService} from pid=2404, uid=10015 that is not exported from uid 10073
01-14 11:09:19.379  1188 11092 D ConnectivityService: ConnectivityService NetworkRequestInfo binderDied(NetworkRequest [ TRACK_DEFAULT id=125, [ Capabilities: INTERNET&NOT_RESTRICTED&TRUSTED Unwanted:  Uid: 10535] ], android.os.BinderProxy@cad819d)
01-14 11:09:19.379  1188  8850 D ConnectivityService: ConnectivityService NetworkRequestInfo binderDied(NetworkRequest [ LISTEN id=126, [ Capabilities: INTERNET&NOT_RESTRICTED&TRUSTED&FOREGROUND Unwanted:  Uid: 10535] ], android.os.BinderProxy@fcc3612)
01-14 11:09:19.379  1188  8850 D ConnectivityService: ConnectivityService NetworkRequestInfo binderDied(NetworkRequest [ LISTEN id=128, [ Capabilities: INTERNET&NOT_RESTRICTED&TRUSTED&FOREGROUND Unwanted:  Uid: 10535] ], android.os.BinderProxy@658b1e3)
01-14 11:09:19.379  1188 11092 D ConnectivityService: ConnectivityService NetworkRequestInfo binderDied(NetworkRequest [ TRACK_DEFAULT id=127, [ Capabilities: INTERNET&NOT_RESTRICTED&TRUSTED Unwanted:  Uid: 10535] ], android.os.BinderProxy@28917e0)
01-14 11:09:19.379  1188  1403 D ConnectivityService: releasing NetworkRequest [ TRACK_DEFAULT id=125, [ Capabilities: INTERNET&NOT_RESTRICTED&TRUSTED Unwanted:  Uid: 10535] ] (release request)
01-14 11:09:19.380  1188  1403 D ConnectivityService: releasing NetworkRequest [ TRACK_DEFAULT id=127, [ Capabilities: INTERNET&NOT_RESTRICTED&TRUSTED Unwanted:  Uid: 10535] ] (release request)
01-14 11:09:19.380  1188  1231 W ActivityManager: setHasOverlayUi called on unknown pid: 16751
01-14 11:09:19.675  1188  1358 I ActivityManager: START u0 {act=android.intent.action.MAIN cat=[android.intent.category.HOME] flg=0x10200000 cmp=com.google.android.apps.nexuslauncher/.NexusLauncherActivity (has extras)} from uid 1000
01-14 11:09:19.699  1188  3583 W WindowManager: removeWindowToken: Attempted to remove non-existing token: android.os.Binder@e04433b
01-14 11:09:19.700  1188  1188 V SettingsProvider: Notifying for 0: content://settings/secure/accessibility_enabled
01-14 11:09:19.875  1188  7786 I ActivityManager: Force stopping io.appium.unlock appid=10533 user=0: from pid 17080
01-14 11:09:19.882  1188  8850 W ActivityManager: Permission Denial: Accessing service ComponentInfo{com.google.android.music/com.google.android.music.dial.DialMediaRouteProviderService} from pid=2404, uid=10015 that is not exported from uid 10073
01-14 11:09:47.284  1188  2218 I UsbPortManager: ClientCallback: port0
01-14 11:09:47.284  1188  1229 I UsbPortManager: USB port changed: port=UsbPort{id=port0, supportedModes=dual}, status=UsbPortStatus{connected=false, currentMode=none, currentPowerRole=no-power, currentDataRole=no-data, supportedRoleCombinations=[no-power:no-data]}, canChangeMode=true, canChangePowerRole=false, canChangeDataRole=false
01-14 11:09:47.303  1188  1223 W BroadcastQueue: Background execution not allowed: receiving Intent { act=android.intent.action.ACTION_POWER_DISCONNECTED flg=0x4000010 (has extras) } to com.google.android.apps.photos/.scheduler.PowerReceiver
01-14 11:09:47.325  1188  1895 W BroadcastQueue: Background execution not allowed: receiving Intent { act=android.intent.action.ACTION_POWER_DISCONNECTED flg=0x4000010 (has extras) } to com.google.android.gms/com.google.android.libraries.social.autobackup.AutoBackupEnvironment$BatteryReceiver
01-14 11:09:47.329  1188  1223 W BroadcastQueue: Background execution not allowed: receiving Intent { act=android.intent.action.ACTION_POWER_DISCONNECTED flg=0x4000010 (has extras) } to com.google.android.gms/.chimera.GmsIntentOperationService$PersistentTrustedReceiver
01-14 11:09:48.286  1188  1229 D UsbDeviceManager: Clear notification
01-14 11:09:48.304  1188  1225 I ActivityManager: Start proc 17100:android.process.media/u0a14 for broadcast com.android.providers.media/.MtpReceiver
01-14 11:09:54.397  1188  1188 V SettingsProvider: Notifying for 0: content://settings/system/screen_brightness
01-14 11:10:45.895  1188  1188 I chatty  : uid=1000 system_server identical 7 lines
01-14 11:10:48.869  1188  1188 V SettingsProvider: Notifying for 0: content://settings/system/screen_brightness
01-14 11:15:15.419  1188  1227 D KernelUidCpuTimeReader: Removing uids 99006-99006
01-14 11:15:15.420  1188  1227 D KernelUidCpuTimeReader: Removing uids 99014-99014
01-14 11:15:15.420  1188  1227 D KernelUidCpuTimeReader: Removing uids 99015-99015
01-14 11:18:10.623  1188  1225 I ActivityManager: Start proc 17284:com.android.providers.calendar/u0a29 for content provider com.android.providers.calendar/.CalendarProvider2
01-14 11:18:10.651  1188  8850 D ActivityManager: Raise procstate to external provider: ProcessRecord{3cc8f2f 17284:com.android.providers.calendar/u0a29}
01-14 11:18:10.724  1188  8850 D ActivityManager: Raise procstate to external provider: ProcessRecord{3cc8f2f 17284:com.android.providers.calendar/u0a29}
01-14 11:18:10.731  1188  3583 I ActivityManager: Killing 15852:com.android.vending:instant_app_installer/u0a63 (adj 906): empty #17
01-14 11:21:11.280  1188  1222 I UsageStatsService: User[0] Flushing usage stats to disk
01-14 11:23:10.109  1188  1225 I ActivityManager: Start proc 17397:com.google.android.apps.turbo:aab/u0a7 for service com.google.android.apps.turbo/com.google.android.libraries.smartbattery.appusage.library.InferAppBucketsJob
01-14 11:24:00.006  1188  1188 I ActivityManager: Killing 13269:com.android.vending/u0a63 (adj 906): empty #17
01-14 11:24:00.097  1188  1895 D ConnectivityService: ConnectivityService NetworkRequestInfo binderDied(NetworkRequest [ LISTEN id=104, [ Capabilities: INTERNET&NOT_RESTRICTED&TRUSTED Unwanted:  Uid: 10063] ], android.os.BinderProxy@892d2c0)
01-14 11:24:00.097  1188  2427 D ConnectivityService: ConnectivityService NetworkRequestInfo binderDied(NetworkRequest [ TRACK_DEFAULT id=103, [ Capabilities: INTERNET&NOT_RESTRICTED&TRUSTED Unwanted:  Uid: 10063] ], android.os.BinderProxy@33a6bf9)
01-14 11:24:00.098  1188  1403 D ConnectivityService: releasing NetworkRequest [ TRACK_DEFAULT id=103, [ Capabilities: INTERNET&NOT_RESTRICTED&TRUSTED Unwanted:  Uid: 10063] ] (release request)
01-14 11:24:32.979  1188  1416 W ActivityManager: Unable to start service Intent { act=com.google.firebase.MESSAGING_EVENT pkg=com.google.android.googlequicksearchbox } U=0: not found
01-14 11:24:33.278  1188  1416 W ActivityManager: Unable to start service Intent { act=com.google.firebase.MESSAGING_EVENT pkg=com.google.android.googlequicksearchbox } U=0: not found
01-14 11:36:04.637  1188  9147 I ActivityManager: Killing 16073:com.instagram.android:videoplayer/u0a157 (adj 906): empty for 1804s
01-14 11:36:49.608  1188  1223 I ActivityManager: Killing 16130:io.appium.settings/u0a488 (adj 904): empty for 1809s
01-14 11:36:49.676  1188  1231 W ActivityManager: setHasOverlayUi called on unknown pid: 16130
01-14 11:38:49.736  1188  1223 I ActivityManager: Killing 11000:com.android.defcontainer/u0a55 (adj 904): empty for 1824s
01-14 11:38:49.738  1188  1223 I ActivityManager: Killing 10496:com.android.chrome:privileged_process0/u0a121 (adj 904): empty for 1824s
01-14 11:38:49.739  1188  1223 I ActivityManager: Killing 15961:com.google.android.gm/u0a115 (adj 904): empty for 1840s
01-14 11:38:49.741  1188  1223 I ActivityManager: Killing 16595:com.google.android.apps.fireball/u0a124 (adj 906): empty for 1840s
01-14 11:38:49.742  1188  1223 I ActivityManager: Killing 15943:com.google.process.gapps/u0a15 (adj 906): empty for 1841s
01-14 11:38:49.837  1188  3632 W ActivityManager: Scheduling restart of crashed service com.android.chrome/org.chromium.content.app.PrivilegedProcessService0 in 1000ms
01-14 11:38:49.839  1188  1690 D ConnectivityService: ConnectivityService NetworkRequestInfo binderDied(NetworkRequest [ TRACK_DEFAULT id=123, [ Capabilities: INTERNET&NOT_RESTRICTED&TRUSTED Unwanted:  Uid: 10124] ], android.os.BinderProxy@f81ffb)
01-14 11:38:49.839  1188  1895 D ConnectivityService: ConnectivityService NetworkRequestInfo binderDied(NetworkRequest [ LISTEN id=124, [ Capabilities: INTERNET&NOT_RESTRICTED&TRUSTED&FOREGROUND Unwanted:  Uid: 10124] ], android.os.BinderProxy@a864818)
01-14 11:38:49.839  1188  1403 D ConnectivityService: releasing NetworkRequest [ TRACK_DEFAULT id=123, [ Capabilities: INTERNET&NOT_RESTRICTED&TRUSTED Unwanted:  Uid: 10124] ] (release request)
01-14 11:39:47.405  1188  1222 I UsageStatsService: User[0] Rolling over usage stats
01-14 11:39:47.405  1188  1222 I UsageStatsService: User[0] Flushing usage stats to disk
01-14 11:39:47.867  1188  1222 I UsageStatsService: User[0] Rollover scheduled @ 2019-01-15 11:39:47(1547545187331)
01-14 11:39:47.867  1188  1222 I UsageStatsService: User[0] Flushing usage stats to disk
01-14 11:39:47.881  1188  1222 I UsageStatsService: User[0] Rolling over usage stats complete. Took 476 milliseconds
01-14 11:40:45.592  1188  1233 I PowerManagerService: Going to sleep due to screen timeout (uid 1000)...
01-14 11:40:45.592  1188  1188 W UsageStatsService: Event reported without a package name
01-14 11:40:46.077  1188  1233 I DisplayPowerController: Blocking screen off
01-14 11:40:46.078  1188  1233 I DisplayPowerController: Unblocked screen off after 0 ms
01-14 11:40:46.123  1188  1231 I DisplayManagerService: Display device changed state: "Built-in Screen", OFF
01-14 11:40:46.131  1188  4269 I ActivityManager: Killing 9322:com.android.chrome/u0a121 (adj 906): empty for 1941s
01-14 11:40:46.152  1188  8850 D ConnectivityService: ConnectivityService NetworkRequestInfo binderDied(NetworkRequest [ TRACK_DEFAULT id=75, [ Capabilities: INTERNET&NOT_RESTRICTED&TRUSTED Unwanted:  Uid: 10121] ], android.os.BinderProxy@fea5890)
01-14 11:40:46.152  1188  6321 D ConnectivityService: ConnectivityService NetworkRequestInfo binderDied(NetworkRequest [ TRACK_DEFAULT id=79, [ Capabilities: INTERNET&NOT_RESTRICTED&TRUSTED Unwanted:  Uid: 10121] ], android.os.BinderProxy@d23c589)
01-14 11:40:46.152  1188 10793 D ConnectivityService: ConnectivityService NetworkRequestInfo binderDied(NetworkRequest [ LISTEN id=80, [ Capabilities: INTERNET&NOT_RESTRICTED&TRUSTED Unwanted:  Uid: 10121] ], android.os.BinderProxy@f61098e)
01-14 11:40:46.152  1188  4269 D ConnectivityService: ConnectivityService NetworkRequestInfo binderDied(NetworkRequest [ LISTEN id=76, [ Capabilities: INTERNET&NOT_RESTRICTED&TRUSTED Unwanted:  Uid: 10121] ], android.os.BinderProxy@f0e85af)
01-14 11:40:46.152  1188  1403 D ConnectivityService: releasing NetworkRequest [ TRACK_DEFAULT id=75, [ Capabilities: INTERNET&NOT_RESTRICTED&TRUSTED Unwanted:  Uid: 10121] ] (release request)
01-14 11:40:46.153  1188  1403 D ConnectivityService: releasing NetworkRequest [ TRACK_DEFAULT id=79, [ Capabilities: INTERNET&NOT_RESTRICTED&TRUSTED Unwanted:  Uid: 10121] ] (release request)
01-14 11:40:46.340  1188  1233 I DreamManagerService: Entering dreamland.
01-14 11:40:46.340  1188  1233 I PowerManagerService: Dozing...
01-14 11:40:46.340  1188  1229 I DreamController: Starting dream: name=ComponentInfo{com.android.systemui/com.android.systemui.doze.DozeService}, isTest=false, canDoze=true, userId=0
01-14 11:40:46.458  1188  1233 I DisplayPowerController: Blocking screen on until initial contents have been drawn.
01-14 11:40:46.476  1188  1231 I DisplayManagerService: Display device changed state: "Built-in Screen", DOZE
01-14 11:40:46.524  1188  1233 I DisplayPowerController: Unblocked screen on after 67 ms
01-14 11:40:50.643  1188  2462 W UsageStatsService: Event reported without a package name
01-14 11:40:56.168  1188  1225 I ActivityManager: Start proc 17769:com.google.android.as:nonpersistent/u0a138 for service com.google.android.as/com.google.android.apps.miphone.aiai.allapps.backgroundjob.BackgroundJobService
01-14 11:40:56.265  1188  6525 D ConnectivityService: requestNetwork for uid/pid:10138/17769 NetworkRequest [ TRACK_DEFAULT id=129, [ Capabilities: INTERNET&NOT_RESTRICTED&TRUSTED Unwanted:  Uid: 10138] ]
01-14 11:41:00.488  1188  4612 I ActivityManager: Killing 11017:com.android.documentsui/u0a10 (adj 906): empty for 1947s
01-14 11:41:00.796  1188  1225 I ActivityManager: Start proc 17805:android.process.acore/u0a4 for content provider com.android.providers.contacts/.ContactsProvider2
01-14 11:41:00.842  1188  4612 I ActivityManager: Killing 8044:com.google.android.apps.photos/u0a89 (adj 906): empty for 1947s
01-14 11:45:07.458  1188  1222 I UsageStatsService: User[0] Flushing usage stats to disk
01-14 11:58:17.064  1188  1233 I DisplayPowerController: Blocking screen off
01-14 11:58:17.064  1188  1233 I DisplayPowerController: Unblocked screen off after 1 ms
01-14 11:58:17.078  1188  1231 I DisplayManagerService: Display device changed state: "Built-in Screen", OFF
01-14 12:03:11.282  1188  1895 W ActivityManager: Unable to start service Intent { act=com.google.firebase.MESSAGING_EVENT pkg=com.google.android.googlequicksearchbox } U=0: not found
01-14 12:03:11.550  1188  7786 W ActivityManager: Unable to start service Intent { act=com.google.firebase.MESSAGING_EVENT pkg=com.google.android.googlequicksearchbox } U=0: not found
01-14 12:03:11.991  1188  1895 D ActivityManager: Raise procstate to external provider: ProcessRecord{3cc8f2f 17284:com.android.providers.calendar/u0a29}
01-14 12:03:11.992  1188  1895 D ActivityManager: Raise procstate to external provider: ProcessRecord{3cc8f2f 17284:com.android.providers.calendar/u0a29}
01-14 12:14:15.012  1188  1233 I DisplayPowerController: Blocking screen on until initial contents have been drawn.
01-14 12:14:15.045  1188  1231 I DisplayManagerService: Display device changed state: "Built-in Screen", DOZE
01-14 12:14:15.083  1188  1233 I DisplayPowerController: Unblocked screen on after 72 ms
01-14 12:14:20.430  1188  1230 I EntropyMixer: Writing entropy...
01-14 12:14:20.431  1188  1223 W BroadcastQueue: Background execution not allowed: receiving Intent { act=android.intent.action.ACTION_POWER_CONNECTED flg=0x4000010 (has extras) } to com.google.android.apps.photos/.scheduler.PowerReceiver
01-14 12:14:20.442  1188  1895 W BroadcastQueue: Background execution not allowed: receiving Intent { act=android.intent.action.ACTION_POWER_CONNECTED flg=0x4000010 (has extras) } to com.google.android.gms/.gcm.nts.SchedulerReceiver
01-14 12:14:20.443  1188  1223 W BroadcastQueue: Background execution not allowed: receiving Intent { act=android.intent.action.ACTION_POWER_CONNECTED flg=0x4000010 (has extras) } to com.google.android.gms/com.google.android.libraries.social.autobackup.AutoBackupEnvironment$BatteryReceiver
01-14 12:14:20.443  1188  1223 W BroadcastQueue: Background execution not allowed: receiving Intent { act=android.intent.action.ACTION_POWER_CONNECTED flg=0x4000010 (has extras) } to com.google.android.gms/.chimera.GmsIntentOperationService$PersistentTrustedReceiver
01-14 12:14:20.459  1188  3583 I ActivityManager: START u0 {flg=0x10008000 cmp=com.google.android.googlequicksearchbox/com.google.android.apps.gsa.staticplugins.opa.OpaActivity (has extras)} from uid 10025
01-14 12:14:20.477  1188  3583 E ActivityManager: applyOptionsLocked: Unknown animationType=0
01-14 12:14:20.611  1188  3583 I PowerManagerService: Waking up from dozing (uid=10025 reason=ScreenStateHelper)...
01-14 12:14:20.611  1188  1188 W UsageStatsService: Event reported without a package name
01-14 12:14:20.613  1188  3583 W WindowManager: Failed looking up window callers=com.android.server.wm.WindowManagerService.pokeDrawLock:1848 com.android.server.wm.Session.pokeDrawLock:449 android.view.IWindowSession$Stub.onTransact:704 
01-14 12:14:20.626  1188  1233 I DisplayPowerController: Blocking screen off
01-14 12:14:20.626  1188  1233 I DisplayPowerController: Unblocked screen off after 0 ms
01-14 12:14:20.629  1188  1233 I DisplayPowerController: Blocking screen on until initial contents have been drawn.
01-14 12:14:20.637  1188  1231 I DisplayManagerService: Display device changed state: "Built-in Screen", ON
01-14 12:14:20.643  1188  1188 V SettingsProvider: Notifying for 0: content://settings/system/screen_brightness
01-14 12:14:20.674  1188  1233 I DisplayPowerController: Unblocked screen on after 45 ms
01-14 12:14:20.677  1188  1225 I ActivityManager: Start proc 17924:com.google.android.apps.tachyon/u0a127 for service com.google.android.apps.tachyon/.clientapi.ClientApiService
01-14 12:14:20.677  1188  1233 I DreamManagerService: Gently waking up from dream.
01-14 12:14:20.677  1188  1229 I DreamManagerService: Performing gentle wake from dream.
01-14 12:14:20.680  1188  8850 I ActivityManager: Activity reported stop, but no longer stopping: ActivityRecord{cee9205 u0 com.google.android.googlequicksearchbox/com.google.android.apps.gsa.staticplugins.opa.OpaActivity t492}
01-14 12:14:20.691  1188  8850 I DreamManagerService: Leaving dreamland.
01-14 12:14:20.691  1188  1229 I DreamManagerService: Performing gentle wake from dream.
01-14 12:14:20.691  1188  1229 I DreamController: Stopping dream: name=ComponentInfo{com.android.systemui/com.android.systemui.doze.DozeService}, isTest=false, canDoze=true, userId=0
01-14 12:14:20.724  1188  1225 I ActivityManager: Start proc 17945:com.google.android.partnersetup/u0a24 for content provider com.google.android.partnersetup/.RlzAppProvider
01-14 12:14:20.731  1188  1213 W ActivityManager: Permission Denial: Accessing service ComponentInfo{com.google.android.music/com.google.android.music.dial.DialMediaRouteProviderService} from pid=2404, uid=10015 that is not exported from uid 10073
01-14 12:14:20.897  1188  1225 I ActivityManager: Start proc 17998:com.android.chrome/u0a121 for service com.android.chrome/org.chromium.chrome.browser.customtabs.CustomTabsConnectionService
01-14 12:14:20.951 17998 17998 W ActivityThread: Application com.android.chrome can be debugged on port 8100...
01-14 12:14:20.965  1188  2645 D ConnectivityService: requestNetwork for uid/pid:10127/17924 NetworkRequest [ TRACK_DEFAULT id=131, [ Capabilities: INTERNET&NOT_RESTRICTED&TRUSTED Unwanted:  Uid: 10127] ]
01-14 12:14:21.020  1188  1225 I ActivityManager: Start proc 18040:com.google.android.gms.learning/u0a15 for service com.google.android.gms/.learning.training.background.TrainingGcmTaskService
01-14 12:14:21.280  1188  1229 D UsbDeviceManager: push notification:Charging this device via USB
01-14 12:14:22.229  1188  1213 W UsageStatsService: Event reported without a package name
01-14 12:14:22.250  1188  1223 W BroadcastQueue: Background execution not allowed: receiving Intent { act=android.intent.action.USER_PRESENT flg=0x24200010 } to com.facebook.katana/com.facebook.rti.orca.FbnsLiteBroadcastReceiver
01-14 12:14:22.250  1188  1223 W BroadcastQueue: Background execution not allowed: receiving Intent { act=android.intent.action.USER_PRESENT flg=0x24200010 } to com.google.android.gms/.auth.setup.devicesignals.LockScreenReceiver
01-14 12:14:22.250  1188  1223 W BroadcastQueue: Background execution not allowed: receiving Intent { act=android.intent.action.USER_PRESENT flg=0x24200010 } to com.google.android.gms/.trustagent.UserPresentBroadcastReceiver
01-14 12:14:22.250  1188  1223 W BroadcastQueue: Background execution not allowed: receiving Intent { act=android.intent.action.USER_PRESENT flg=0x24200010 } to com.google.android.gms/.chimera.GmsIntentOperationService$PersistentTrustedReceiver
01-14 12:14:22.250  1188  1223 W BroadcastQueue: Background execution not allowed: receiving Intent { act=android.intent.action.USER_PRESENT flg=0x24200010 } to com.instagram.android/com.instagram.push.fbns.FbnsInitBroadcastReceiver
