01-14 13:30:09.522 21892 21892 V MediaRouter: Removing route: UserRouteInfo{ name=MIBOX3, description=MIBOX3, status=null, category=RouteCategory{ name=Devices types=ROUTE_TYPE_USER  groupable=false }, supportedTypes=ROUTE_TYPE_USER , presentationDisplay=null }
01-14 13:30:20.433   754   754 I /vendor/bin/hw/android.hardware.health@2.0-service.wahoo: SRAM data: 2776000
01-14 13:30:20.452  1765  1765 E QtiImsExtUtils: getConfigForPhoneId phoneId is invalid
01-14 13:30:20.452  1765  1765 E QtiImsExtUtils: isCarrierConfigEnabled bundle is null
01-14 13:31:20.433   754   754 I /vendor/bin/hw/android.hardware.health@2.0-service.wahoo: SRAM data: 2776000
01-14 13:31:20.475  1765  1765 E QtiImsExtUtils: getConfigForPhoneId phoneId is invalid
01-14 13:31:20.475  1765  1765 E QtiImsExtUtils: isCarrierConfigEnabled bundle is null
01-14 13:32:20.434   754   754 I /vendor/bin/hw/android.hardware.health@2.0-service.wahoo: SRAM data: 2776000
01-14 13:32:20.469  1765  1765 E QtiImsExtUtils: getConfigForPhoneId phoneId is invalid
01-14 13:32:20.471  1765  1765 E QtiImsExtUtils: isCarrierConfigEnabled bundle is null
01-14 13:32:45.389   754   754 I /vendor/bin/hw/android.hardware.health@2.0-service.wahoo: SRAM data: 2776000
01-14 13:32:45.422  1765  1765 E QtiImsExtUtils: getConfigForPhoneId phoneId is invalid
01-14 13:32:45.422  1765  1765 E QtiImsExtUtils: isCarrierConfigEnabled bundle is null
01-14 13:33:20.434   754   754 I /vendor/bin/hw/android.hardware.health@2.0-service.wahoo: SRAM data: 2776000
01-14 13:33:20.480  1765  1765 E QtiImsExtUtils: getConfigForPhoneId phoneId is invalid
01-14 13:33:20.480  1765  1765 E QtiImsExtUtils: isCarrierConfigEnabled bundle is null
01-14 13:33:23.413  1643  1709 I QcrilOemhookMsgTunnel: [0]processOemHookIndication length=21
01-14 13:33:23.414  1643  1643 D QcrilMsgTunnelIfaceManager: handleMessage what = 0
01-14 13:33:23.425  1547  1606 D QMI_OEMHOOK: Thread=ModemService received { when=-2ms what=0 obj=android.os.AsyncResult@38d2e7 target=com.qualcomm.qcrilhook.QmiOemHook }
01-14 13:33:23.425  1547  1606 I QMI_OEMHOOK: receive responseData = ef0308000100000003 message=null responseType= IS_UNSOL
01-14 13:33:23.425  1547  1606 E QMI_OEMHOOK: requestId NOT in QMI OemHook range, No further processing
01-14 13:34:05.133  1188  1222 I UsageStatsService: User[0] Flushing usage stats to disk
01-14 13:34:20.433   754   754 I /vendor/bin/hw/android.hardware.health@2.0-service.wahoo: SRAM data: 2776000
01-14 13:34:20.484  1765  1765 E QtiImsExtUtils: getConfigForPhoneId phoneId is invalid
01-14 13:34:20.484  1765  1765 E QtiImsExtUtils: isCarrierConfigEnabled bundle is null
01-14 13:35:00.174  2384  2384 I chatty  : uid=10015 com.google.android.gms.persistent expire 2 lines
01-14 13:35:00.176  1509  2428 D BluetoothAdapterService: getAdapterService() - returning com.android.bluetooth.btservice.AdapterService@fc2316b
01-14 13:35:08.748  1643  1709 I QcrilOemhookMsgTunnel: [0]processOemHookIndication length=21
01-14 13:35:08.748  1643  1643 D QcrilMsgTunnelIfaceManager: handleMessage what = 0
01-14 13:35:08.754  1547  1606 D QMI_OEMHOOK: Thread=ModemService received { when=0 what=0 obj=android.os.AsyncResult@e1e5e94 target=com.qualcomm.qcrilhook.QmiOemHook }
01-14 13:35:08.754  1547  1606 I QMI_OEMHOOK: receive responseData = ef0308000100000003 message=null responseType= IS_UNSOL
01-14 13:35:08.755  1547  1606 E QMI_OEMHOOK: requestId NOT in QMI OemHook range, No further processing
01-14 13:35:20.433   754   754 I /vendor/bin/hw/android.hardware.health@2.0-service.wahoo: SRAM data: 2776000
01-14 13:35:20.480  1765  1765 E QtiImsExtUtils: getConfigForPhoneId phoneId is invalid
01-14 13:35:20.480  1765  1765 E QtiImsExtUtils: isCarrierConfigEnabled bundle is null
01-14 13:35:27.188  1188  1225 I ActivityManager: Start proc 22102:com.facebook.katana/u0a155 for broadcast com.facebook.katana/com.google.android.gms.gcm.GcmReceiver
01-14 13:35:27.203 22102 22102 E facebook.katan: Not starting debugger since process cannot load the jdwp agent.
01-14 13:35:27.209  1188  1225 I ActivityManager: Start proc 22114:com.google.android.apps.fireball/u0a124 for service com.google.android.apps.fireball/com.firebase.jobdispatcher.GooglePlayReceiver
01-14 13:35:27.215  1188  1416 I ActivityManager: Killing 21076:com.google.android.apps.messaging/u0a104 (adj 904): empty for 1800s
01-14 13:35:27.216  1188  1416 I ActivityManager: Killing 21132:com.google.android.apps.messaging:rcs/u0a104 (adj 904): empty for 1805s
01-14 13:35:27.225 22114 22114 E d.apps.firebal: Not starting debugger since process cannot load the jdwp agent.
01-14 13:35:27.245   720   720 I Zygote  : Process 21076 exited due to signal (9)
01-14 13:35:27.252   720   720 I Zygote  : Process 21132 exited due to signal (9)
01-14 13:35:27.253 22102 22102 I facebook.katan: The ClassLoaderContext is a special shared library.
01-14 13:35:27.256 22114 22114 I d.apps.firebal: The ClassLoaderContext is a special shared library.
01-14 13:35:27.264 22102 22102 W facebook.katan: JIT profile information will not be recorded: profile file does not exits.
01-14 13:35:27.266 22102 22102 W facebook.katan: resources.arsc in APK '/data/app/com.facebook.katana-UVqse1FK8h31EOkc824bVA==/base.apk' is compressed.
01-14 13:35:27.284 22102 22102 W facebook.katan: resources.arsc in APK '/data/app/com.facebook.katana-UVqse1FK8h31EOkc824bVA==/split_rtc.apk' is compressed.
01-14 13:35:27.297 22114 22114 I FA      : App measurement is starting up, version: 11200
01-14 13:35:27.297 22114 22114 I FA      : To enable debug logging run: adb shell setprop log.tag.FA VERBOSE
01-14 13:35:27.299 22102 22102 W SoLoader: context.getApplicationContext returned null, holding reference to original context.
01-14 13:35:27.309 22114 22114 I FA      : To enable faster debug mode event logging run:
01-14 13:35:27.309 22114 22114 I FA      :   adb shell setprop debug.firebase.analytics.app com.google.android.apps.fireball
01-14 13:35:27.338 22102 22102 D fb-breakpad-wrapper: Breakpad Client Wrapper JNI_OnLoad
01-14 13:35:27.342 18040 18040 I chatty  : uid=10015 com.google.android.gms.learning expire 1 line
01-14 13:35:27.349 18040 20772 I DynamiteModule: Selected remote version of com.google.android.gms.brella_dynamite, version >= 222
01-14 13:35:27.422 18040 18040 I brella.TrainingTaskService: Preventing next training run. Cause: BACKGROUND_TRAINING_PREVENT_NEXT_RUN_SERVICE_DESTROYED
01-14 13:35:27.423 22114 22114 W PrimesInit: Primes instant initialization
01-14 13:35:27.427 22114 22140 W Primes  : background initialization
01-14 13:35:27.438 22102 22102 W dalvik-internals: ignoring failure to find _ZN3art12FaultManager35EnsureArtActionInFrontOfSignalChainEv: could not hook _ZN3art12FaultManager35EnsureArtActionInFrontOfSignalChainEv
01-14 13:35:27.438 22102 22102 V dalvik-internals: hooked signal using trap ()
01-14 13:35:27.438 22102 22102 V dalvik-internals: hooked sysv_signal using trap ()
01-14 13:35:27.438 22102 22102 V dalvik-internals: hooked bsd_signal using trap ()
01-14 13:35:27.439 22102 22102 V dalvik-internals: hooked sigaction using trap ()
01-14 13:35:27.439 22102 22102 D CACHE_HINTS: Entering madvise file
01-14 13:35:27.440 22102 22102 D CACHE_HINTS: MADVISE_RAND file 0xcc22a000 495615 /data/app/com.facebook.katana-UVqse1FK8h31EOkc824bVA==/base.apk
01-14 13:35:27.440 22102 22102 D CACHE_HINTS: MADVISE_RAND file 0xcc2a3000 360447 /data/app/com.facebook.katana-UVqse1FK8h31EOkc824bVA==/base.apk
01-14 13:35:27.449 22102 22102 D CACHE_HINTS: Entering madvise file
01-14 13:35:27.460 22102 22102 D CACHE_HINTS: Entering madvise file
01-14 13:35:27.461 22102 22102 D CACHE_HINTS: MADVISE_RAND file 0xcb100000 8736767 /data/data/com.facebook.katana/lib-xzs/libcoldstart.so
01-14 13:35:27.461 22102 22102 D CACHE_HINTS: MADVISE_RAND file 0xcb955000 290815 /data/data/com.facebook.katana/lib-xzs/libcoldstart.so
01-14 13:35:27.469 22114 22140 I PrimesTesting: GserviceFlagsSupplier.get()
01-14 13:35:27.470 22102 22102 D CACHE_HINTS: Entering madvise file
01-14 13:35:27.491 22102 22102 W CrashLoopRemedyLog: unable to delete remedy log, instaCrash: false
01-14 13:35:27.492 22102 22102 W CrashLoopRemedyLog: unable to delete remedy log, instaCrash: true
01-14 13:35:27.498 22102 22102 W facebook.katana: type=1400 audit(0.0:29): avc: denied { read } for name="zoneinfo" dev="proc" ino=4026532132 scontext=u:r:untrusted_app_27:s0:c512,c768 tcontext=u:object_r:proc_zoneinfo:s0 tclass=file permissive=0
01-14 13:35:27.546 22102 22102 E ACRA    : Initializing ANR detector for process: com.facebook.katana
01-14 13:35:27.552  2404 22153 E PhenotypeRegOp: Attempting to overwrite config package for com.google.android.gms.car
01-14 13:35:27.583 22102 22102 W SplashScreenApplication: error initializing nonodex
01-14 13:35:27.583 22102 22102 W SplashScreenApplication: java.lang.NoSuchMethodException: requestRelaunchActivity [interface android.os.IBinder, interface java.util.List, interface java.util.List, int, boolean, class android.content.res.Configuration, class android.content.res.Configuration, boolean, boolean]
01-14 13:35:27.583 22102 22102 W SplashScreenApplication: 	at java.lang.Class.getMethod(Class.java:2068)
01-14 13:35:27.583 22102 22102 W SplashScreenApplication: 	at java.lang.Class.getDeclaredMethod(Class.java:2047)
01-14 13:35:27.583 22102 22102 W SplashScreenApplication: 	at X.001.K(:529)
01-14 13:35:27.583 22102 22102 W SplashScreenApplication: 	at X.001.G(:834)
01-14 13:35:27.583 22102 22102 W SplashScreenApplication: 	at X.002.attachBaseContext(:1036)
01-14 13:35:27.583 22102 22102 W SplashScreenApplication: 	at android.app.Application.attach(Application.java:212)
01-14 13:35:27.583 22102 22102 W SplashScreenApplication: 	at android.app.Instrumentation.newApplication(Instrumentation.java:1121)
01-14 13:35:27.583 22102 22102 W SplashScreenApplication: 	at android.app.LoadedApk.makeApplication(LoadedApk.java:1061)
01-14 13:35:27.583 22102 22102 W SplashScreenApplication: 	at android.app.ActivityThread.handleBindApplication(ActivityThread.java:5853)
01-14 13:35:27.583 22102 22102 W SplashScreenApplication: 	at android.app.ActivityThread.access$1100(ActivityThread.java:200)
01-14 13:35:27.583 22102 22102 W SplashScreenApplication: 	at android.app.ActivityThread$H.handleMessage(ActivityThread.java:1651)
01-14 13:35:27.583 22102 22102 W SplashScreenApplication: 	at android.os.Handler.dispatchMessage(Handler.java:106)
01-14 13:35:27.583 22102 22102 W SplashScreenApplication: 	at android.os.Looper.loop(Looper.java:193)
01-14 13:35:27.583 22102 22102 W SplashScreenApplication: 	at android.app.ActivityThread.main(ActivityThread.java:6680)
01-14 13:35:27.583 22102 22102 W SplashScreenApplication: 	at java.lang.reflect.Method.invoke(Native Method)
01-14 13:35:27.583 22102 22102 W SplashScreenApplication: 	at com.android.internal.os.RuntimeInit$MethodAndArgsCaller.run(RuntimeInit.java:493)
01-14 13:35:27.583 22102 22102 W SplashScreenApplication: 	at com.android.internal.os.ZygoteInit.main(ZygoteInit.java:858)
01-14 13:35:27.599 22102 22102 D fb-breakpad-wrapper: load succ: /data/user/0/com.facebook.katana/lib-xzs/libbreakpad-core.so
01-14 13:35:27.625 22102 22102 V appstatelogger: Registered App State Logger stream with Breakpad
01-14 13:35:27.626 22102 22102 I dalvik-internals: installed sigmux crash handler for crash log
01-14 13:35:27.638 22102 22166 D SigquitBasedANRDetector: Signal catcher tid: 22108
01-14 13:35:27.638 22102 22166 D SigquitBasedANRDetector: Initialized
01-14 13:35:27.639 22102 22102 W DexLibLoader: failure to locate primary/auxiliary dexes: perf loss
01-14 13:35:27.646 22102 22168 D         : Function fsync hooked with result=0
01-14 13:35:27.646 22102 22168 D         : Function fdatasync hooked with result=0
01-14 13:35:27.646 22102 22168 D         : Function msync hooked with result=0
01-14 13:35:27.646 22102 22168 D         : Function sync hooked with result=0
01-14 13:35:27.649 22102 22102 W DexLibLoader: disabling background optimization
01-14 13:35:27.667  1188  1416 D ConnectivityService: requestNetwork for uid/pid:10124/22114 NetworkRequest [ TRACK_DEFAULT id=157, [ Capabilities: INTERNET&NOT_RESTRICTED&TRUSTED Unwanted:  Uid: 10124] ]
01-14 13:35:27.669 22102 22102 I facebook.katan: Waiting for a blocking GC Debugger
01-14 13:35:27.670  1765  1765 D PhoneSwitcherNetworkRequstListener: got request NetworkRequest [ TRACK_DEFAULT id=157, [ Capabilities: INTERNET&NOT_RESTRICTED&TRUSTED Unwanted:  Uid: 10124] ] with score 60
01-14 13:35:27.695 22102 22102 I facebook.katan: WaitForGcToComplete blocked Debugger on Debugger for 25.462ms
01-14 13:35:27.695 22102 22102 V dalvik-internals: Hooking function _ZN3art15DexFileVerifier6VerifyEPKNS_7DexFileEPKhjPKcbPNSt3__112basic_stringIcNS8_11char_traitsIcEENS8_9allocatorIcEEEE
01-14 13:35:27.695 22102 22102 V dalvik-internals: hooked _ZN3art15DexFileVerifier6VerifyEPKNS_7DexFileEPKhjPKcbPNSt3__112basic_stringIcNS8_11char_traitsIcEENS8_9allocatorIcEEEE using trap ()
01-14 13:35:27.702 22102 22102 W MemoryReductionHack: Couldn't update the Loader (NoSuchFieldException)
01-14 13:35:27.708 22102 22102 I LoadedApk: No resource references to update in package com.facebook.katana
01-14 13:35:27.717 22114 22114 W native  : commandlineflags.cc:943 Ignoring RegisterValidateFunction() for flag pointer 0x70b62494a8: no flag found at that address
01-14 13:35:27.754  1188  6321 W ActivityManager: Permission Denial: opening provider com.android.providers.contacts.ContactsProvider2 from ProcessRecord{116cf4d 22114:com.google.android.apps.fireball/u0a124} (pid=22114, uid=10124) requires android.permission.READ_CONTACTS or android.permission.WRITE_CONTACTS
01-14 13:35:27.759  1188  6321 W ActivityManager: Permission Denial: opening provider com.android.providers.contacts.ContactsProvider2 from ProcessRecord{116cf4d 22114:com.google.android.apps.fireball/u0a124} (pid=22114, uid=10124) requires android.permission.READ_CONTACTS or android.permission.WRITE_CONTACTS
01-14 13:35:27.763  1188  1416 W ActivityManager: Permission Denial: opening provider com.android.providers.contacts.ContactsProvider2 from ProcessRecord{116cf4d 22114:com.google.android.apps.fireball/u0a124} (pid=22114, uid=10124) requires android.permission.READ_CONTACTS or android.permission.WRITE_CONTACTS
01-14 13:35:27.764 22114 22180 E rkv     : Got more than one input Future failure. Logging failures after the first
01-14 13:35:27.764 22114 22180 E rkv     : java.lang.SecurityException: Permission Denial: opening provider com.android.providers.contacts.ContactsProvider2 from ProcessRecord{116cf4d 22114:com.google.android.apps.fireball/u0a124} (pid=22114, uid=10124) requires android.permission.READ_CONTACTS or android.permission.WRITE_CONTACTS
01-14 13:35:27.764 22114 22180 E rkv     : 	at android.os.Parcel.createException(Parcel.java:1950)
01-14 13:35:27.764 22114 22180 E rkv     : 	at android.os.Parcel.readException(Parcel.java:1918)
01-14 13:35:27.764 22114 22180 E rkv     : 	at android.os.Parcel.readException(Parcel.java:1868)
01-14 13:35:27.764 22114 22180 E rkv     : 	at android.app.IActivityManager$Stub$Proxy.getContentProvider(IActivityManager.java:4181)
01-14 13:35:27.764 22114 22180 E rkv     : 	at android.app.ActivityThread.acquireProvider(ActivityThread.java:5981)
01-14 13:35:27.764 22114 22180 E rkv     : 	at android.app.ContextImpl$ApplicationContentResolver.acquireUnstableProvider(ContextImpl.java:2592)
01-14 13:35:27.764 22114 22180 E rkv     : 	at android.content.ContentResolver.acquireUnstableProvider(ContentResolver.java:1828)
01-14 13:35:27.764 22114 22180 E rkv     : 	at android.content.ContentResolver.query(ContentResolver.java:786)
01-14 13:35:27.764 22114 22180 E rkv     : 	at android.content.ContentResolver.query(ContentResolver.java:752)
01-14 13:35:27.764 22114 22180 E rkv     : 	at plz.a(PG:4)
01-14 13:35:27.764 22114 22180 E rkv     : 	at pxq.b(PG:4)
01-14 13:35:27.764 22114 22180 E rkv     : 	at pxp.run(PG:10)
01-14 13:35:27.764 22114 22180 E rkv     : 	at qdk.run(PG:4)
01-14 13:35:27.764 22114 22180 E rkv     : 	at pia.run(Unknown Source:2)
01-14 13:35:27.764 22114 22180 E rkv     : 	at java.util.concurrent.ThreadPoolExecutor.runWorker(ThreadPoolExecutor.java:1167)
01-14 13:35:27.764 22114 22180 E rkv     : 	at java.util.concurrent.ThreadPoolExecutor$Worker.run(ThreadPoolExecutor.java:641)
01-14 13:35:27.764 22114 22180 E rkv     : 	at pgk.run(PG:5)
01-14 13:35:27.764 22114 22180 E rkv     : 	at java.lang.Thread.run(Thread.java:764)
01-14 13:35:27.766 22114 22141 E rkv     : Got more than one input Future failure. Logging failures after the first
01-14 13:35:27.766 22114 22141 E rkv     : java.lang.SecurityException: Permission Denial: opening provider com.android.providers.contacts.ContactsProvider2 from ProcessRecord{116cf4d 22114:com.google.android.apps.fireball/u0a124} (pid=22114, uid=10124) requires android.permission.READ_CONTACTS or android.permission.WRITE_CONTACTS
01-14 13:35:27.766 22114 22141 E rkv     : 	at android.os.Parcel.createException(Parcel.java:1950)
01-14 13:35:27.766 22114 22141 E rkv     : 	at android.os.Parcel.readException(Parcel.java:1918)
01-14 13:35:27.766 22114 22141 E rkv     : 	at android.os.Parcel.readException(Parcel.java:1868)
01-14 13:35:27.766 22114 22141 E rkv     : 	at android.app.IActivityManager$Stub$Proxy.getContentProvider(IActivityManager.java:4181)
01-14 13:35:27.766 22114 22141 E rkv     : 	at android.app.ActivityThread.acquireProvider(ActivityThread.java:5981)
01-14 13:35:27.766 22114 22141 E rkv     : 	at android.app.ContextImpl$ApplicationContentResolver.acquireUnstableProvider(ContextImpl.java:2592)
01-14 13:35:27.766 22114 22141 E rkv     : 	at android.content.ContentResolver.acquireUnstableProvider(ContentResolver.java:1828)
01-14 13:35:27.766 22114 22141 E rkv     : 	at android.content.ContentResolver.query(ContentResolver.java:786)
01-14 13:35:27.766 22114 22141 E rkv     : 	at android.content.ContentResolver.query(ContentResolver.java:752)
01-14 13:35:27.766 22114 22141 E rkv     : 	at plz.a(PG:4)
01-14 13:35:27.766 22114 22141 E rkv     : 	at pxq.b(PG:4)
01-14 13:35:27.766 22114 22141 E rkv     : 	at pxp.run(PG:10)
01-14 13:35:27.766 22114 22141 E rkv     : 	at qdk.run(PG:4)
01-14 13:35:27.766 22114 22141 E rkv     : 	at pia.run(Unknown Source:2)
01-14 13:35:27.766 22114 22141 E rkv     : 	at java.util.concurrent.ThreadPoolExecutor.runWorker(ThreadPoolExecutor.java:1167)
01-14 13:35:27.766 22114 22141 E rkv     : 	at java.util.concurrent.ThreadPoolExecutor$Worker.run(ThreadPoolExecutor.java:641)
01-14 13:35:27.766 22114 22141 E rkv     : 	at pgk.run(PG:5)
01-14 13:35:27.766 22114 22141 E rkv     : 	at java.lang.Thread.run(Thread.java:764)
01-14 13:35:27.769 22114 22114 E Fireball: job AffinityRefreshPeriodicJob failed
01-14 13:35:27.772 22114 22114 E Fireball: java.lang.SecurityException: Permission Denial: opening provider com.android.providers.contacts.ContactsProvider2 from ProcessRecord{116cf4d 22114:com.google.android.apps.fireball/u0a124} (pid=22114, uid=10124) requires android.permission.READ_CONTACTS or android.permission.WRITE_CONTACTS
01-14 13:35:27.772 22114 22114 E Fireball: 	at android.os.Parcel.createException(Parcel.java:1950)
01-14 13:35:27.772 22114 22114 E Fireball: 	at android.os.Parcel.readException(Parcel.java:1918)
01-14 13:35:27.772 22114 22114 E Fireball: 	at android.os.Parcel.readException(Parcel.java:1868)
01-14 13:35:27.772 22114 22114 E Fireball: 	at android.app.IActivityManager$Stub$Proxy.getContentProvider(IActivityManager.java:4181)
01-14 13:35:27.772 22114 22114 E Fireball: 	at android.app.ActivityThread.acquireProvider(ActivityThread.java:5981)
01-14 13:35:27.772 22114 22114 E Fireball: 	at android.app.ContextImpl$ApplicationContentResolver.acquireUnstableProvider(ContextImpl.java:2592)
01-14 13:35:27.772 22114 22114 E Fireball: 	at android.content.ContentResolver.acquireUnstableProvider(ContentResolver.java:1828)
01-14 13:35:27.772 22114 22114 E Fireball: 	at android.content.ContentResolver.query(ContentResolver.java:786)
01-14 13:35:27.772 22114 22114 E Fireball: 	at android.content.ContentResolver.query(ContentResolver.java:752)
01-14 13:35:27.772 22114 22114 E Fireball: 	at plz.a(PG:4)
01-14 13:35:27.772 22114 22114 E Fireball: 	at pxq.b(PG:4)
01-14 13:35:27.772 22114 22114 E Fireball: 	at pxp.run(PG:10)
01-14 13:35:27.772 22114 22114 E Fireball: 	at qdk.run(PG:4)
01-14 13:35:27.772 22114 22114 E Fireball: 	at pia.run(Unknown Source:2)
01-14 13:35:27.772 22114 22114 E Fireball: 	at java.util.concurrent.ThreadPoolExecutor.runWorker(ThreadPoolExecutor.java:1167)
01-14 13:35:27.772 22114 22114 E Fireball: 	at java.util.concurrent.ThreadPoolExecutor$Worker.run(ThreadPoolExecutor.java:641)
01-14 13:35:27.772 22114 22114 E Fireball: 	at pgk.run(PG:5)
01-14 13:35:27.772 22114 22114 E Fireball: 	at java.lang.Thread.run(Thread.java:764)
01-14 13:35:27.772 22114 22114 E Fireball: Caused by: android.os.RemoteException: Remote stack trace:
01-14 13:35:27.772 22114 22114 E Fireball: 	at com.android.server.am.ActivityManagerService.getContentProviderImpl(ActivityManagerService.java:12223)
01-14 13:35:27.772 22114 22114 E Fireball: 	at com.android.server.am.ActivityManagerService.getContentProvider(ActivityManagerService.java:12620)
01-14 13:35:27.772 22114 22114 E Fireball: 	at android.app.IActivityManager$Stub.onTransact(IActivityManager.java:357)
01-14 13:35:27.772 22114 22114 E Fireball: 	at com.android.server.am.ActivityManagerService.onTransact(ActivityManagerService.java:3291)
01-14 13:35:27.772 22114 22114 E Fireball: 	at android.os.Binder.execTransact(Binder.java:731)
01-14 13:35:27.772 22114 22114 E Fireball: 
01-14 13:35:27.802 22102 22112 W facebook.katan: Long wait of 2.420ms for Thread[19,tid=22184,Suspended,Thread*=0xcbb16000,peer=0x12d00cd0,"SharedPreferencesImpl-load"] suspension!
01-14 13:35:28.070 22102 22189 E fb4a.QPLConfig: failed to load config
01-14 13:35:28.070 22102 22189 E fb4a.QPLConfig: java.io.FileNotFoundException: /data/user/0/com.facebook.katana/app_qpl/qpl_sampling_config.tmp (No such file or directory)
01-14 13:35:28.070 22102 22189 E fb4a.QPLConfig: 	at java.io.FileInputStream.open0(Native Method)
01-14 13:35:28.070 22102 22189 E fb4a.QPLConfig: 	at java.io.FileInputStream.open(FileInputStream.java:231)
01-14 13:35:28.070 22102 22189 E fb4a.QPLConfig: 	at java.io.FileInputStream.<init>(FileInputStream.java:165)
01-14 13:35:28.070 22102 22189 E fb4a.QPLConfig: 	at X.21a.run(:126546)
01-14 13:35:28.070 22102 22189 E fb4a.QPLConfig: 	at java.util.concurrent.Executors$RunnableAdapter.call(Executors.java:458)
01-14 13:35:28.070 22102 22189 E fb4a.QPLConfig: 	at X.1qE.run(:118407)
01-14 13:35:28.070 22102 22189 E fb4a.QPLConfig: 	at X.0iv.run(:156982)
01-14 13:35:28.070 22102 22189 E fb4a.QPLConfig: 	at java.util.concurrent.ThreadPoolExecutor.runWorker(ThreadPoolExecutor.java:1167)
01-14 13:35:28.070 22102 22189 E fb4a.QPLConfig: 	at java.util.concurrent.ThreadPoolExecutor$Worker.run(ThreadPoolExecutor.java:641)
01-14 13:35:28.070 22102 22189 E fb4a.QPLConfig: 	at X.21j.run(:321867)
01-14 13:35:28.070 22102 22189 E fb4a.QPLConfig: 	at X.1qB.run(:118400)
01-14 13:35:28.070 22102 22189 E fb4a.QPLConfig: 	at java.lang.Thread.run(Thread.java:764)
01-14 13:35:28.122  2384  4966 I akig    : Scheduling Phenotype for a PhenotypeSyncImmediately(7, com.google.android.metrics) one off with window [1, 2] in seconds [CONTEXT service_id=51 ]
01-14 13:35:28.187 22102 22193 D NoSync  : Called fdatasync
01-14 13:35:28.201 22102 22193 I chatty  : uid=10155(com.facebook.katana) identical 6 lines
01-14 13:35:28.201 22102 22193 D NoSync  : Called fdatasync
01-14 13:35:28.451 22102 22166 D         : Function _ZN3art13SignalCatcher6OutputERKNSt3__112basic_stringIcNS1_11char_traitsIcEENS1_9allocatorIcEEEE hooked with result=0
01-14 13:35:28.451 22102 22166 D SigquitBasedANRDetector: Started detector
01-14 13:35:28.571 22102 22110 W System  : A resource failed to call close. 
01-14 13:35:28.607 22102 22201 V tigonliger: tigonliger/JNI_OnLoad called
01-14 13:35:28.744 22102 22201 V tigonliger: tigonapi/JNI_OnLoad called
01-14 13:35:28.790 22102 22213 W facebook.katan: JNI RegisterNativeMethods: attempt to register 0 native methods for com.facebook.omnistore.OmnistoreCollectionFrontendHolder
01-14 13:35:28.849  1643  1709 I QcrilOemhookMsgTunnel: [0]processOemHookIndication length=21
01-14 13:35:28.849  1643  1643 D QcrilMsgTunnelIfaceManager: handleMessage what = 0
01-14 13:35:28.851  1547  1606 D QMI_OEMHOOK: Thread=ModemService received { when=0 what=0 obj=android.os.AsyncResult@e378d3d target=com.qualcomm.qcrilhook.QmiOemHook }
01-14 13:35:28.852  1547  1606 I QMI_OEMHOOK: receive responseData = ef0308000100000003 message=null responseType= IS_UNSOL
01-14 13:35:28.852  1547  1606 E QMI_OEMHOOK: requestId NOT in QMI OemHook range, No further processing
01-14 13:35:29.391  2384  2403 I .gms.persisten: Background concurrent copying GC freed 266638(12MB) AllocSpace objects, 19(460KB) LOS objects, 49% free, 13MB/27MB, paused 123us total 163.427ms
01-14 13:35:30.002  2404 22244 W ModuleInitIntentOp: Dropping unexpected action com.google.android.gms.phenotype.COMMITTED
01-14 13:35:30.003  2384 22247 I PTCommittedOperation: Receive new configuration for com.google.android.gms.auth_api_phone
01-14 13:35:30.043  2384 22247 I PTCommittedOperation: Receive new configuration for com.google.android.client_error_logging
01-14 13:35:30.061  2384 22250 I PTCommittedOperation: Receive new configuration for com.google.android.gms.romanesco
01-14 13:35:30.074  2384 22254 I PTCommittedOperation: Receive new configuration for com.google.android.gms.easysignin
01-14 13:35:30.079  2384 22245 I PTCommittedOperation: Receive new configuration for com.google.android.gms.accountsettings
01-14 13:35:30.085  2384 22251 I PTCommittedOperation: Receive new configuration for com.google.android.gms.backup
01-14 13:35:30.098  2384 22245 I PTCommittedOperation: Receive new configuration for com.google.android.gms.beacon
01-14 13:35:30.111  2384 22245 I PTCommittedOperation: Receive new configuration for com.google.android.gms.auth_account
01-14 13:35:30.122  2404 22244 W ModuleInitIntentOp: Dropping unexpected action com.google.android.gms.phenotype.COMMITTED
01-14 13:35:30.124  2384 22254 I PTCommittedOperation: Receive new configuration for com.google.android.gms.family
01-14 13:35:30.132  2384 22245 I PTCommittedOperation: Receive new configuration for com.google.android.gms.smart_profile
01-14 13:35:30.138  2404 22243 W ModuleInitIntentOp: Dropping unexpected action com.google.android.gms.phenotype.COMMITTED
01-14 13:35:30.151  2404 22255 W ModuleInitIntentOp: Dropping unexpected action com.google.android.gms.phenotype.COMMITTED
01-14 13:35:30.152  2384 22250 I PTCommittedOperation: Receive new configuration for com.google.android.location
01-14 13:35:30.169  2384 22251 I PTCommittedOperation: Receive new configuration for com.google.android.gms.growth
01-14 13:35:30.171  2404 22256 W ModuleInitIntentOp: Dropping unexpected action com.google.android.gms.phenotype.COMMITTED
01-14 13:35:30.184  2384 22250 I PTCommittedOperation: Receive new configuration for com.google.android.gms.notifications
01-14 13:35:30.199  2384 22250 I PTCommittedOperation: Receive new configuration for com.google.android.gms.auth.api.signin
01-14 13:35:30.215  2384 22250 I PTCommittedOperation: Receive new configuration for com.google.android.gms.nearby
01-14 13:35:30.229  2384 22254 I PTCommittedOperation: Receive new configuration for com.google.android.gms.netrec
01-14 13:35:30.236  2404 22256 W ModuleInitIntentOp: Dropping unexpected action com.google.android.gms.phenotype.COMMITTED
01-14 13:35:30.245  2384 22247 I PTCommittedOperation: Receive new configuration for com.google.android.gms.tapandpay
01-14 13:35:30.251  2404 22257 W ModuleInitIntentOp: Dropping unexpected action com.google.android.gms.phenotype.COMMITTED
01-14 13:35:30.262  2404 22246 W ModuleInitIntentOp: Dropping unexpected action com.google.android.gms.phenotype.COMMITTED
01-14 13:35:30.268  2384 22156 I PTCommittedOperation: Receive new configuration for com.google.android.gms.photos
01-14 13:35:30.281  2384 22253 I PTCommittedOperation: Receive new configuration for com.google.android.gms.places
01-14 13:35:30.287  2404 22246 W ModuleInitIntentOp: Dropping unexpected action com.google.android.gms.phenotype.COMMITTED
01-14 13:35:30.296  2384 22156 I PTCommittedOperation: Receive new configuration for com.google.android.gms.sesame
01-14 13:35:30.297  2404 22261 W ModuleInitIntentOp: Dropping unexpected action com.google.android.gms.phenotype.COMMITTED
01-14 13:35:30.312  2384 22253 I PTCommittedOperation: Receive new configuration for com.google.android.gms.signin
01-14 13:35:30.319  2404 22246 W ModuleInitIntentOp: Dropping unexpected action com.google.android.gms.phenotype.COMMITTED
01-14 13:35:30.331  2384 22254 I PTCommittedOperation: Receive new configuration for com.google.android.gms.auth.proximity
01-14 13:35:30.341  2384 22250 I PTCommittedOperation: Receive new configuration for com.google.android.gms.update
01-14 13:35:30.356  2384 22254 I PTCommittedOperation: Receive new configuration for com.google.android.gms.auth_authzen
01-14 13:35:30.362  2384 22245 I PTCommittedOperation: Receive new configuration for com.google.android.gms.vision
01-14 13:35:30.375  2384 22245 I PTCommittedOperation: Receive new configuration for com.google.android.gms.wallet
01-14 13:35:30.384  2404 22258 W ModuleInitIntentOp: Dropping unexpected action com.google.android.gms.phenotype.COMMITTED
01-14 13:35:30.390  2384 22247 I PTCommittedOperation: Receive new configuration for com.google.android.gms.cast_mirroring
01-14 13:35:30.394  2404 22258 W ModuleInitIntentOp: Dropping unexpected action com.google.android.gms.phenotype.COMMITTED
01-14 13:35:30.406  2384 22250 I PTCommittedOperation: Receive new configuration for com.google.android.gms.tron.metrics
01-14 13:35:30.407  2404 22153 W ModuleInitIntentOp: Dropping unexpected action com.google.android.gms.phenotype.COMMITTED
01-14 13:35:30.414  2404 22258 W ModuleInitIntentOp: Dropping unexpected action com.google.android.gms.phenotype.COMMITTED
01-14 13:35:30.414  2384 22250 I PTCommittedOperation: Receive new configuration for com.google.android.gms.wearable
01-14 13:35:30.419  2384 22251 I PTCommittedOperation: Receive new configuration for com.google.android.gms.icing.mdd
01-14 13:35:30.427  2404 22153 W ModuleInitIntentOp: Dropping unexpected action com.google.android.gms.phenotype.COMMITTED
01-14 13:35:30.429  2384 22250 I PTCommittedOperation: Receive new configuration for com.google.android.gms.icing.mdh
01-14 13:35:30.435  2404 22246 W ModuleInitIntentOp: Dropping unexpected action com.google.android.gms.phenotype.COMMITTED
01-14 13:35:30.440  2384 22253 I PTCommittedOperation: Receive new configuration for com.google.android.gms.herrevad
01-14 13:35:30.441  2404 22246 W ModuleInitIntentOp: Dropping unexpected action com.google.android.gms.phenotype.COMMITTED
01-14 13:35:30.444  2384 22252 I PTCommittedOperation: Receive new configuration for com.google.android.gms.firebase.auth
01-14 13:35:30.452  2384 22252 I PTCommittedOperation: Receive new configuration for com.google.android.gms.car
01-14 13:35:30.454  2404 22244 W ModuleInitIntentOp: Dropping unexpected action com.google.android.gms.phenotype.COMMITTED
01-14 13:35:30.460  2404 22153 W ModuleInitIntentOp: Dropping unexpected action com.google.android.gms.phenotype.COMMITTED
01-14 13:35:30.460  2384 22247 I PTCommittedOperation: Receive new configuration for com.google.android.gms.gcm
01-14 13:35:30.465  2404 22258 W ModuleInitIntentOp: Dropping unexpected action com.google.android.gms.phenotype.COMMITTED
01-14 13:35:30.469  2384 22245 I PTCommittedOperation: Receive new configuration for com.google.android.gms.ipa
01-14 13:35:30.471  2404 22260 W ModuleInitIntentOp: Dropping unexpected action com.google.android.gms.phenotype.COMMITTED
01-14 13:35:30.473  2384 22251 I PTCommittedOperation: Receive new configuration for com.google.android.gms.ocr
01-14 13:35:30.482  2384 22251 I PTCommittedOperation: Receive new configuration for com.google.android.gms.rcs
01-14 13:35:30.488  2404 22249 W ModuleInitIntentOp: Dropping unexpected action com.google.android.gms.phenotype.COMMITTED
01-14 13:35:30.489  2384 22250 I PTCommittedOperation: Receive new configuration for com.google.android.gms.udc
01-14 13:35:30.491  2404 22243 I SystemUpdate: [Installation,ReceiverIntentOperation] Received intent: Intent { act=com.google.android.gms.phenotype.COMMITTED flg=0x10 pkg=com.google.android.gms cmp=com.google.android.gms/.chimera.GmsIntentOperationService (has extras) }.
01-14 13:35:30.498  2384 22245 I PTCommittedOperation: Receive new configuration for com.google.android.gms.ulr
01-14 13:35:30.499  2384 22156 I GCoreUlr: Starting service, intent=Intent { act=com.google.android.location.reporting.ACTION_UPDATE_WORLD cmp=com.google.android.gms/com.google.android.location.reporting.service.DispatchingService (has extras) }, extras=Bundle[{receiverAction=com.google.gservices.intent.action.GSERVICES_CHANGED}]
01-14 13:35:30.514  2404 22246 I SystemUpdate: [Execution,InstallationEventIntentOperation] Handling event of type 2.
01-14 13:35:30.516  2404 22262 I SystemUpdate: [Execution,InstallationIntentOperation] Received intent: Intent { act=com.google.android.gms.update.INSTALL_UPDATE cat=[targeted_intent_op_prefix:.update.execution.InstallationIntentOperation] cmp=com.google.android.gms/.chimera.GmsIntentOperationService }.
01-14 13:35:30.527  2404 22262 I SystemUpdate: [Control,InstallationControl] Installation progress updated to (0x110, -1.000).
01-14 13:35:30.539  2384 22252 I PTCommittedOperation: Receive new configuration for com.google.android.gms.subscriptions
01-14 13:35:30.544  2384 18351 I GCoreUlr: WorldUpdater received intent Intent { act=com.google.android.location.reporting.ACTION_UPDATE_WORLD cmp=com.google.android.gms/com.google.android.location.reporting.service.DispatchingService (has extras) } with receiverAction com.google.gservices.intent.action.GSERVICES_CHANGED
01-14 13:35:30.547  2384 22253 I PTCommittedOperation: Receive new configuration for com.google.android.gms.appinvite
01-14 13:35:30.552  2384 22156 I PTCommittedOperation: Receive new configuration for com.google.android.gms.setupservices
01-14 13:35:30.555  2384 22081 I GCoreUlr: Successfully sent flags updated to controllers.
01-14 13:35:30.556  2404 22246 W ModuleInitIntentOp: Dropping unexpected action com.google.android.gms.phenotype.COMMITTED
01-14 13:35:30.561  2384 22251 I PTCommittedOperation: Receive new configuration for com.google.android.gms.contactinteractions.sdk
01-14 13:35:30.564  2404 22246 W ModuleInitIntentOp: Dropping unexpected action com.google.android.gms.phenotype.COMMITTED
01-14 13:35:30.567  2384 22156 I PTCommittedOperation: Receive new configuration for com.google.android.gms.usagereporting
01-14 13:35:30.579  2384 22250 I PTCommittedOperation: Receive new configuration for com.google.android.gms.constellation
01-14 13:35:30.580  2404 22256 W ModuleInitIntentOp: Dropping unexpected action com.google.android.gms.phenotype.COMMITTED
01-14 13:35:30.586  2384 22245 I PTCommittedOperation: Receive new configuration for com.google.android.gms.feedback
01-14 13:35:30.591  2384 18351 I GCoreUlr: WorldUpdater:com.google.gservices.intent.action.GSERVICES_CHANGED: Ensuring that reporting is stopped because of reasons: {account#-19#=[InactiveReason{mIdentifier=6, mName='ReportingNotEnabled'}]}
01-14 13:35:30.593  2384 22156 I PTCommittedOperation: Receive new configuration for com.google.android.gms.gconnect
01-14 13:35:30.597  2384 22156 I PTCommittedOperation: Receive new configuration for com.google.android.gms.subscribedfeeds
01-14 13:35:30.599  2384 18351 I GCoreUlr: Unbound from all signal providers.
01-14 13:35:30.599  2384 22253 I PTCommittedOperation: Receive new configuration for com.google.android.gms.auth_cryptauth
01-14 13:35:30.599  2384 21351 I GCoreUlr: Successfully accounts update
01-14 13:35:30.609  2384 18351 I GCoreUlr: DispatchingService ignoring Intent { act=android.net.wifi.WIFI_STATE_CHANGED flg=0x4000010 (has extras) } because ULR inactive
01-14 13:35:30.610  2384 22250 I PTCommittedOperation: Receive new configuration for com.google.android.gms.thunderbird
01-14 13:35:30.620  2384  2384 I GCoreUlr: Unbound from all signal providers.
01-14 13:35:30.620  2384 18351 I GCoreUlr: Successfully accounts update
01-14 13:35:30.620  2384  2384 I GCoreUlr: Stopping handler for UlrDispSvcFast
01-14 13:35:30.622  2404 22262 I SystemUpdate: [Execution,ExecutionManager] Action ab-reboot executed for 0.10 seconds.
01-14 13:35:30.627  2384 22252 I PTCommittedOperation: Receive new configuration for com.google.android.gms.magictether
01-14 13:35:30.642  2404 22246 W ModuleInitIntentOp: Dropping unexpected action com.google.android.gms.phenotype.COMMITTED
01-14 13:35:30.644  2404 22262 W ModuleInitIntentOp: Dropping unexpected action com.google.android.gms.phenotype.COMMITTED
01-14 13:35:30.652  2404 22244 W ModuleInitIntentOp: Dropping unexpected action com.google.android.gms.phenotype.COMMITTED
01-14 13:35:30.659  2404 22261 W ModuleInitIntentOp: Dropping unexpected action com.google.android.gms.phenotype.COMMITTED
01-14 13:35:30.699  2384 22156 I PTCommittedOperation: Receive new configuration for com.google.android.metrics
01-14 13:35:30.700  2384 22247 I PTCommittedOperation: Receive new configuration for com.google.android.gms.walletp2p#config
01-14 13:35:30.702  2384 22251 I PTCommittedOperation: Receive new configuration for com.google.android.gms.matchstick
01-14 13:35:30.705  2384 22247 I PTCommittedOperation: Receive new configuration for com.google.android.gms.instantapps
01-14 13:35:30.708  2384 22253 I PTCommittedOperation: Receive new configuration for com.google.android.gms.clearcut.public
01-14 13:35:30.709  2384 22250 I PTCommittedOperation: Receive new configuration for com.google.android.gms.fitness
01-14 13:35:30.711  2384 22156 I PTCommittedOperation: Receive new configuration for com.google.android.gms.contextmanager
01-14 13:35:30.715  2384 22250 I PTCommittedOperation: Receive new configuration for com.google.android.gms.auth_api_early_update
01-14 13:35:30.716  2384 22156 I PTCommittedOperation: Receive new configuration for com.google.android.gms.auth_managed
01-14 13:35:30.718  2384 22252 I PTCommittedOperation: Receive new configuration for alt.com.google.android.gms
01-14 13:35:30.719  2384 22156 I PTCommittedOperation: Receive new configuration for com.google.android.gms.measurement
01-14 13:35:30.740  2404  4938 E MDD     : FileGroupManager: Trying to add group brella_av9_com_google_android_apps_miphone_brella_trainfood for uninstalled app com.google.android.apps.miphone.brella.trainfood.
01-14 13:35:30.740  2404  4938 E MDD     : MDDManager class aaor
01-14 13:35:30.746  2384 22156 I PTCommittedOperation: Receive new configuration for com.google.android.ads
01-14 13:35:30.748  2384 22156 I PTCommittedOperation: Receive new configuration for com.google.android.gms
01-14 13:35:30.748  2384 22156 I PTCommittedOperation: Running Fixer Framework for com.google.android.gms
01-14 13:35:30.755  2384 22252 I PTCommittedOperation: Receive new configuration for com.google.android.gms.common.download
01-14 13:35:30.756  2384 22252 I PTCommittedOperation: Receive new configuration for com.google.android.gms.vision.sdk
01-14 13:35:30.757  2404 22262 W ModuleInitIntentOp: Dropping unexpected action com.google.android.gms.phenotype.COMMITTED
01-14 13:35:30.760  2384 22245 I PTCommittedOperation: Receive new configuration for com.google.android.gms.security
01-14 13:35:30.762  2404  3114 I Authzen : [PermitStore] Getting all permits...
01-14 13:35:30.763  2384 22245 I PTCommittedOperation: Receive new configuration for com.google.android.gms.locationsharing
01-14 13:35:30.763  2404 22262 W ModuleInitIntentOp: Dropping unexpected action com.google.android.gms.phenotype.COMMITTED
01-14 13:35:30.768  2384 22274 I FA-SVC  : App measurement is starting up, version: 14799
01-14 13:35:30.771  2384 22251 I PTCommittedOperation: Receive new configuration for com.google.android.gms.panorama
01-14 13:35:30.772  2384 22253 I PTCommittedOperation: Receive new configuration for com.google.android.gms.trustlet_place
01-14 13:35:30.773  2384 22254 I PTCommittedOperation: Receive new configuration for com.google.android.gms.learning.platformservices.sharing
01-14 13:35:30.774  2384 22250 I PTCommittedOperation: Receive new configuration for com.google.android.gms.octarine
01-14 13:35:30.775  2384 22253 I PTCommittedOperation: Receive new configuration for com.google.android.gms.googlehelp
01-14 13:35:30.776  2384 22253 I PTCommittedOperation: Receive new configuration for com.google.android.gms.chromesync
01-14 13:35:30.778  2384 22253 I PTCommittedOperation: Receive new configuration for com.google.android.gms.autofill
01-14 13:35:30.780  2384 22247 I PTCommittedOperation: Receive new configuration for com.google.android.gms.cast
01-14 13:35:30.782  2384 22250 I PTCommittedOperation: Receive new configuration for com.google.android.gms.fido
01-14 13:35:30.785  2384 22247 I PTCommittedOperation: Receive new configuration for com.google.android.gms.gass
01-14 13:35:30.787  2404 22260 W ModuleInitIntentOp: Dropping unexpected action com.google.android.gms.phenotype.COMMITTED
01-14 13:35:30.787  2384 22250 I PTCommittedOperation: Receive new configuration for com.google.android.gms.mdns
01-14 13:35:30.790  2384 22251 I PTCommittedOperation: Receive new configuration for com.google.android.gms.learning
01-14 13:35:30.794  2404 22260 W ModuleInitIntentOp: Dropping unexpected action com.google.android.gms.phenotype.COMMITTED
01-14 13:35:30.794  2404 22260 D CAR.SETUP: Received Car Phenotype committed intent.
01-14 13:35:30.803  2404 22260 D CAR.SETUP: update DrivingMode components to false
01-14 13:35:30.805  2384 22252 I PTCommittedOperation: Receive new configuration for com.google.android.gms.auth_folsom
01-14 13:35:30.807  2404 22256 W ModuleInitIntentOp: Dropping unexpected action com.google.android.gms.phenotype.COMMITTED
01-14 13:35:30.807  2384 22247 I PTCommittedOperation: Receive new configuration for com.google.android.gms.trustagent
01-14 13:35:30.810  2384 22278 I PTCommittedOperation: Receive new configuration for com.google.android.gms.trustlet_onbody
01-14 13:35:30.812  2384 22156 I PTCommittedOperation: Receive new configuration for com.google.android.gms.languageprofile
01-14 13:35:30.814  2384 22247 I PTCommittedOperation: Receive new configuration for com.google.android.gms.mobile_data_plan
01-14 13:35:30.817  2384 22251 I PTCommittedOperation: Receive new configuration for com.google.android.gms.auth.easyunlock
01-14 13:35:30.818  2404 22256 W ModuleInitIntentOp: Dropping unexpected action com.google.android.gms.phenotype.COMMITTED
01-14 13:35:30.820  2384 22252 I PTCommittedOperation: Receive new configuration for com.google.android.gms.credential.manager
01-14 13:35:30.822  2384 22252 I PTCommittedOperation: Receive new configuration for com.google.android.gms.contactinteractions
01-14 13:35:30.825  2384 22247 I PTCommittedOperation: Receive new configuration for com.google.android.gms.checkin
01-14 13:35:30.827  2384 22251 I PTCommittedOperation: Receive new configuration for com.google.android.gms.telephonyspam
01-14 13:35:30.830  2384 22251 I PTCommittedOperation: Receive new configuration for com.google.android.gms.reachability
01-14 13:35:30.834  2384 22278 I PTCommittedOperation: Receive new configuration for com.google.android.gms.audit
01-14 13:35:30.839  2384 22278 I PTCommittedOperation: Receive new configuration for com.google.android.gms.drive
01-14 13:35:30.841  2384 22251 I PTCommittedOperation: Receive new configuration for com.google.android.gms.fonts
01-14 13:35:30.842  2384 22278 I PTCommittedOperation: Receive new configuration for com.google.android.gms.games
01-14 13:35:30.847  2384 22156 I PTCommittedOperation: Receive new configuration for com.google.android.gms.icing
01-14 13:35:30.849  2384 22247 I PTCommittedOperation: Receive new configuration for com.google.android.gms.droidguard
01-14 13:35:30.851  2384 22156 I PTCommittedOperation: Receive new configuration for com.google.android.gms.auth.api.credentials
01-14 13:35:30.856  2384 22245 I PTCommittedOperation: Receive new configuration for com.google.android.gms.client_streamz
01-14 13:35:30.861  2384 22252 I PTCommittedOperation: Receive new configuration for com.google.android.gms.smartdevice
01-14 13:35:30.871  2404 22260 W ModuleInitIntentOp: Dropping unexpected action com.google.android.gms.phenotype.COMMITTED
01-14 13:35:31.037  2404 22258 I OcrModelUpStIntentOp: Updating ocr activity enabled=false (phenotypeFlag=false, lowRamDevice=false, prereqCheck=true)
01-14 13:35:31.046  2384  2403 I .gms.persisten: Background concurrent copying GC freed 262182(13MB) AllocSpace objects, 38(1068KB) LOS objects, 49% free, 12MB/25MB, paused 122us total 131.664ms
01-14 13:35:31.052  2404 22256 W ModuleInitIntentOp: Dropping unexpected action com.google.android.gms.phenotype.COMMITTED
01-14 13:35:31.060  2404 22258 W ModuleInitIntentOp: Dropping unexpected action com.google.android.gms.phenotype.COMMITTED
01-14 13:35:31.068  2404 22262 W ModuleInitIntentOp: Dropping unexpected action com.google.android.gms.phenotype.COMMITTED
01-14 13:35:31.073  2404 22244 W ModuleInitIntentOp: Dropping unexpected action com.google.android.gms.phenotype.COMMITTED
01-14 13:35:31.080  2404 22249 W ModuleInitIntentOp: Dropping unexpected action com.google.android.gms.phenotype.COMMITTED
01-14 13:35:31.134  2404 22153 W ModuleInitIntentOp: Dropping unexpected action com.google.android.gms.phenotype.COMMITTED
01-14 13:35:31.150  2404 22260 W ModuleInitIntentOp: Dropping unexpected action com.google.android.gms.phenotype.COMMITTED
01-14 13:35:31.159  2404 22244 W ModuleInitIntentOp: Dropping unexpected action com.google.android.gms.phenotype.COMMITTED
01-14 13:35:31.166  2404 22258 W ModuleInitIntentOp: Dropping unexpected action com.google.android.gms.phenotype.COMMITTED
01-14 13:35:31.176  2404 22262 W ModuleInitIntentOp: Dropping unexpected action com.google.android.gms.phenotype.COMMITTED
01-14 13:35:31.180  2404 22243 W ModuleInitIntentOp: Dropping unexpected action com.google.android.gms.phenotype.COMMITTED
01-14 13:35:31.204  2404 22255 W ModuleInitIntentOp: Dropping unexpected action com.google.android.gms.phenotype.COMMITTED
01-14 13:35:31.229  2404 22249 W ModuleInitIntentOp: Dropping unexpected action com.google.android.gms.phenotype.COMMITTED
01-14 13:35:31.233  2384  2384 W ChimeraUtils: Non Chimera context
01-14 13:35:31.233  2384  2384 W ChimeraUtils: Non Chimera context
01-14 13:35:31.242  2404 22249 W ModuleInitIntentOp: Dropping unexpected action com.google.android.gms.phenotype.COMMITTED
01-14 13:35:31.259  2404 22260 W ModuleInitIntentOp: Dropping unexpected action com.google.android.gms.phenotype.COMMITTED
01-14 13:35:31.265  2404 22243 W ModuleInitIntentOp: Dropping unexpected action com.google.android.gms.phenotype.COMMITTED
01-14 13:35:31.278  2404 22244 W ModuleInitIntentOp: Dropping unexpected action com.google.android.gms.phenotype.COMMITTED
01-14 13:35:31.285  2404 22255 W ModuleInitIntentOp: Dropping unexpected action com.google.android.gms.phenotype.COMMITTED
01-14 13:35:31.291  2404  2420 I gle.android.gm: Background concurrent copying GC freed 80049(4MB) AllocSpace objects, 34(1640KB) LOS objects, 49% free, 12MB/24MB, paused 246us total 109.980ms
01-14 13:35:31.305  2404 22255 W ModuleInitIntentOp: Dropping unexpected action com.google.android.gms.phenotype.COMMITTED
01-14 13:35:31.315  2404 22255 I chatty  : uid=10015(com.google.android.gms) identical 5 lines
01-14 13:35:31.327  2404 22246 I chatty  : uid=10015(com.google.android.gms) expire 3 lines
01-14 13:35:31.338  2404 22256 I chatty  : uid=10015(com.google.android.gms) expire 7 lines
01-14 13:35:31.348  2404 22243 I chatty  : uid=10015(com.google.android.gms) expire 3 lines
01-14 13:35:31.366  2404 22260 I chatty  : uid=10015(com.google.android.gms) expire 1 line
01-14 13:35:31.373  2404 22249 I chatty  : uid=10015(com.google.android.gms) expire 3 lines
01-14 13:35:31.425  2384 22280 I chatty  : uid=10015 com.google.android.gms.persistent expire 3 lines
01-14 13:35:31.427  2404 22261 I chatty  : uid=10015(com.google.android.gms) expire 2 lines
01-14 13:35:31.435  2404 22262 I chatty  : uid=10015(com.google.android.gms) expire 2 lines
01-14 13:35:31.454  2404 22244 I chatty  : uid=10015(com.google.android.gms) expire 1 line
01-14 13:35:31.457  2404 22261 I chatty  : uid=10015(com.google.android.gms) expire 2 lines
01-14 13:35:31.463  2404 22153 I chatty  : uid=10015(com.google.android.gms) expire 3 lines
01-14 13:35:31.467  2404 22246 I chatty  : uid=10015(com.google.android.gms) expire 1 line
01-14 13:35:31.485  2404 22258 I chatty  : uid=10015(com.google.android.gms) expire 1 line
01-14 13:35:31.489  2404 22249 I chatty  : uid=10015(com.google.android.gms) expire 4 lines
01-14 13:35:31.506  2404 22246 I chatty  : uid=10015(com.google.android.gms) expire 1 line
01-14 13:35:31.516  2404 22256 I chatty  : uid=10015(com.google.android.gms) expire 1 line
01-14 13:35:31.520  2404 22244 I chatty  : uid=10015(com.google.android.gms) expire 1 line
01-14 13:35:31.529  2404 22243 W ModuleInitIntentOp: Dropping unexpected action com.google.android.gms.phenotype.COMMITTED
01-14 13:35:31.533  2404 22258 W ModuleInitIntentOp: Dropping unexpected action com.google.android.gms.phenotype.COMMITTED
01-14 13:35:31.534  2404 22153 I MobileDataHub: Scheduling periodic tasks
01-14 13:35:31.535  2404 17990 W MobileDataHub: [Service] appsupload-periodic periodic task disabled
